Archive member included to satisfy reference by file (symbol)

/usr/lib/gcc/arm-none-eabi/13.2.1/thumb/v6-m/nofp/libgcc.a(_dvmd_tls.o)
                              CMakeFiles/ddc_sdr.dir/home/frohro/Classes/Digital_Design/Pico-Dev-iCE/Software/pico-ice-sdk/lib/pico-sdk/src/rp2_common/pico_divider/divider_hardware.S.o (__aeabi_idiv0)
/usr/lib/gcc/arm-none-eabi/13.2.1/../../../arm-none-eabi/lib/thumb/v6-m/nofp/libg.a(libc_a-strtoul.o)
                              CMakeFiles/ddc_sdr.dir/main.c.o (strtoul)
/usr/lib/gcc/arm-none-eabi/13.2.1/../../../arm-none-eabi/lib/thumb/v6-m/nofp/libg.a(libc_a-calloc.o)
                              CMakeFiles/ddc_sdr.dir/home/frohro/Classes/Digital_Design/Pico-Dev-iCE/Software/pico-ice-sdk/lib/pico-sdk/src/rp2_common/pico_malloc/malloc.c.o (calloc)
/usr/lib/gcc/arm-none-eabi/13.2.1/../../../arm-none-eabi/lib/thumb/v6-m/nofp/libg.a(libc_a-impure.o)
                              /usr/lib/gcc/arm-none-eabi/13.2.1/../../../arm-none-eabi/lib/thumb/v6-m/nofp/libg.a(libc_a-strtoul.o) (_impure_ptr)
/usr/lib/gcc/arm-none-eabi/13.2.1/../../../arm-none-eabi/lib/thumb/v6-m/nofp/libg.a(libc_a-callocr.o)
                              /usr/lib/gcc/arm-none-eabi/13.2.1/../../../arm-none-eabi/lib/thumb/v6-m/nofp/libg.a(libc_a-calloc.o) (_calloc_r)
/usr/lib/gcc/arm-none-eabi/13.2.1/../../../arm-none-eabi/lib/thumb/v6-m/nofp/libg.a(libc_a-realloc.o)
                              CMakeFiles/ddc_sdr.dir/home/frohro/Classes/Digital_Design/Pico-Dev-iCE/Software/pico-ice-sdk/lib/pico-sdk/src/rp2_common/pico_malloc/malloc.c.o (realloc)
/usr/lib/gcc/arm-none-eabi/13.2.1/../../../arm-none-eabi/lib/thumb/v6-m/nofp/libg.a(libc_a-mallocr.o)
                              /usr/lib/gcc/arm-none-eabi/13.2.1/../../../arm-none-eabi/lib/thumb/v6-m/nofp/libg.a(libc_a-callocr.o) (_malloc_r)
/usr/lib/gcc/arm-none-eabi/13.2.1/../../../arm-none-eabi/lib/thumb/v6-m/nofp/libg.a(libc_a-freer.o)
                              /usr/lib/gcc/arm-none-eabi/13.2.1/../../../arm-none-eabi/lib/thumb/v6-m/nofp/libg.a(libc_a-mallocr.o) (_free_r)
/usr/lib/gcc/arm-none-eabi/13.2.1/../../../arm-none-eabi/lib/thumb/v6-m/nofp/libg.a(libc_a-memcmp.o)
                              CMakeFiles/ddc_sdr.dir/home/frohro/Classes/Digital_Design/Pico-Dev-iCE/Software/pico-ice-sdk/lib/pico-sdk/src/rp2_common/pico_atomic/atomic.c.o (memcmp)
/usr/lib/gcc/arm-none-eabi/13.2.1/../../../arm-none-eabi/lib/thumb/v6-m/nofp/libg.a(libc_a-malloc.o)
                              CMakeFiles/ddc_sdr.dir/home/frohro/Classes/Digital_Design/Pico-Dev-iCE/Software/pico-ice-sdk/lib/pico-sdk/src/rp2_common/pico_malloc/malloc.c.o (malloc)
/usr/lib/gcc/arm-none-eabi/13.2.1/../../../arm-none-eabi/lib/thumb/v6-m/nofp/libg.a(libc_a-sysconf.o)
                              /usr/lib/gcc/arm-none-eabi/13.2.1/../../../arm-none-eabi/lib/thumb/v6-m/nofp/libg.a(libc_a-mallocr.o) (sysconf)
/usr/lib/gcc/arm-none-eabi/13.2.1/../../../arm-none-eabi/lib/thumb/v6-m/nofp/libg.a(libc_a-reallocr.o)
                              /usr/lib/gcc/arm-none-eabi/13.2.1/../../../arm-none-eabi/lib/thumb/v6-m/nofp/libg.a(libc_a-realloc.o) (_realloc_r)
/usr/lib/gcc/arm-none-eabi/13.2.1/../../../arm-none-eabi/lib/thumb/v6-m/nofp/libg.a(libc_a-mktime.o)
                              CMakeFiles/ddc_sdr.dir/home/frohro/Classes/Digital_Design/Pico-Dev-iCE/Software/pico-ice-sdk/lib/pico-sdk/src/common/pico_util/datetime.c.o (mktime)
/usr/lib/gcc/arm-none-eabi/13.2.1/../../../arm-none-eabi/lib/thumb/v6-m/nofp/libg.a(libc_a-mlock.o)
                              /usr/lib/gcc/arm-none-eabi/13.2.1/../../../arm-none-eabi/lib/thumb/v6-m/nofp/libg.a(libc_a-mallocr.o) (__malloc_lock)
/usr/lib/gcc/arm-none-eabi/13.2.1/../../../arm-none-eabi/lib/thumb/v6-m/nofp/libg.a(libc_a-findfp.o)
                              /usr/lib/gcc/arm-none-eabi/13.2.1/../../../arm-none-eabi/lib/thumb/v6-m/nofp/libg.a(libc_a-impure.o) (__sf)
/usr/lib/gcc/arm-none-eabi/13.2.1/../../../arm-none-eabi/lib/thumb/v6-m/nofp/libg.a(libc_a-tzlock.o)
                              /usr/lib/gcc/arm-none-eabi/13.2.1/../../../arm-none-eabi/lib/thumb/v6-m/nofp/libg.a(libc_a-mktime.o) (__tz_lock)
/usr/lib/gcc/arm-none-eabi/13.2.1/../../../arm-none-eabi/lib/thumb/v6-m/nofp/libg.a(libc_a-ctype_.o)
                              /usr/lib/gcc/arm-none-eabi/13.2.1/../../../arm-none-eabi/lib/thumb/v6-m/nofp/libg.a(libc_a-strtoul.o) (_ctype_)
/usr/lib/gcc/arm-none-eabi/13.2.1/../../../arm-none-eabi/lib/thumb/v6-m/nofp/libg.a(libc_a-lcltime_r.o)
                              CMakeFiles/ddc_sdr.dir/home/frohro/Classes/Digital_Design/Pico-Dev-iCE/Software/pico-ice-sdk/lib/pico-sdk/src/common/pico_util/datetime.c.o (localtime_r)
/usr/lib/gcc/arm-none-eabi/13.2.1/../../../arm-none-eabi/lib/thumb/v6-m/nofp/libg.a(libc_a-strlen-stub.o)
                              CMakeFiles/ddc_sdr.dir/main.c.o (strlen)
/usr/lib/gcc/arm-none-eabi/13.2.1/../../../arm-none-eabi/lib/thumb/v6-m/nofp/libg.a(libc_a-sbrkr.o)
[...]
Memory Configuration

Name             Origin             Length             Attributes
FLASH            0x10000000         0x00200000         xr
XIP_RAM          0x15000000         0x00004000         xrw
RAM              0x20000000         0x00040000         xrw
SCRATCH_X        0x20040000         0x00001000         xrw
SCRATCH_Y        0x20041000         0x00001000         xrw
*default*        0x00000000         0xffffffff

Linker script and memory map

                0x20000000                        RAM_ORIGIN_DEFAULT = 0x20000000
                0x00040000                        RAM_LENGTH_DEFAULT = 0x40000
                0x20040000                        SCRATCH_X_ORIGIN_DEFAULT = 0x20040000
                0x00001000                        SCRATCH_X_LENGTH_DEFAULT = 0x1000
                0x20041000                        SCRATCH_Y_ORIGIN_DEFAULT = 0x20041000
                0x00001000                        SCRATCH_Y_LENGTH_DEFAULT = 0x1000
                0x15000000                        XIP_RAM_ORIGIN_DEFAULT = 0x15000000
                0x00004000                        XIP_RAM_LENGTH_DEFAULT = 0x4000
LOAD CMakeFiles/ddc_sdr.dir/main.c.o
LOAD CMakeFiles/ddc_sdr.dir/usb_descriptors.c.o
LOAD CMakeFiles/ddc_sdr.dir/home/frohro/Classes/Digital_Design/Pico-Dev-iCE/Software/pico-ice-sdk/src/ice_fpga.c.o
LOAD CMakeFiles/ddc_sdr.dir/home/frohro/Classes/Digital_Design/Pico-Dev-iCE/Software/pico-ice-sdk/src/ice_led.c.o
LOAD CMakeFiles/ddc_sdr.dir/home/frohro/Classes/Digital_Design/Pico-Dev-iCE/Software/pico-ice-sdk/src/ice_cram.c.o
LOAD CMakeFiles/ddc_sdr.dir/home/frohro/Classes/Digital_Design/Pico-Dev-iCE/Software/pico-ice-sdk/src/ice_fpga_data.c.o
LOAD CMakeFiles/ddc_sdr.dir/home/frohro/Classes/Digital_Design/Pico-Dev-iCE/Software/pico-ice-sdk/src/ice_spi.c.o
LOAD CMakeFiles/ddc_sdr.dir/home/frohro/Classes/Digital_Design/Pico-Dev-iCE/Software/pico-ice-sdk/src/pico-sdk_ice_hal.c.o
LOAD CMakeFiles/ddc_sdr.dir/home/frohro/Classes/Digital_Design/Pico-Dev-iCE/Software/pico-ice-sdk/lib/pico-sdk/src/rp2_common/hardware_flash/flash.c.o
LOAD CMakeFiles/ddc_sdr.dir/home/frohro/Classes/Digital_Design/Pico-Dev-iCE/Software/pico-ice-sdk/lib/pico-sdk/src/rp2040/pico_platform/platform.c.o
LOAD CMakeFiles/ddc_sdr.dir/home/frohro/Classes/Digital_Design/Pico-Dev-iCE/Software/pico-ice-sdk/lib/pico-sdk/src/rp2_common/pico_platform_common/common.c.o
LOAD CMakeFiles/ddc_sdr.dir/home/frohro/Classes/Digital_Design/Pico-Dev-iCE/Software/pico-ice-sdk/lib/pico-sdk/src/rp2_common/pico_platform_panic/panic.c.o
LOAD CMakeFiles/ddc_sdr.dir/home/frohro/Classes/Digital_Design/Pico-Dev-iCE/Software/pico-ice-sdk/lib/pico-sdk/src/rp2_common/pico_platform_panic/custom_panic_function.S.o
LOAD CMakeFiles/ddc_sdr.dir/home/frohro/Classes/Digital_Design/Pico-Dev-iCE/Software/pico-ice-sdk/lib/pico-sdk/src/common/hardware_claim/claim.c.o
LOAD CMakeFiles/ddc_sdr.dir/home/frohro/Classes/Digital_Design/Pico-Dev-iCE/Software/pico-ice-sdk/lib/pico-sdk/src/rp2_common/hardware_sync/sync.c.o
LOAD CMakeFiles/ddc_sdr.dir/home/frohro/Classes/Digital_Design/Pico-Dev-iCE/Software/pico-ice-sdk/lib/pico-sdk/src/rp2_common/hardware_sync_spin_lock/sync_spin_lock.c.o
LOAD CMakeFiles/ddc_sdr.dir/home/frohro/Classes/Digital_Design/Pico-Dev-iCE/Software/pico-ice-sdk/lib/pico-sdk/src/rp2_common/pico_bootrom/bootrom.c.o
LOAD CMakeFiles/ddc_sdr.dir/home/frohro/Classes/Digital_Design/Pico-Dev-iCE/Software/pico-ice-sdk/lib/pico-sdk/src/rp2_common/pico_bootrom/bootrom_lock.c.o
LOAD CMakeFiles/ddc_sdr.dir/home/frohro/Classes/Digital_Design/Pico-Dev-iCE/Software/pico-ice-sdk/lib/pico-sdk/src/rp2_common/hardware_boot_lock/boot_lock.c.o
LOAD CMakeFiles/ddc_sdr.dir/home/frohro/Classes/Digital_Design/Pico-Dev-iCE/Software/pico-ice-sdk/lib/pico-sdk/src/rp2_common/pico_flash/flash.c.o
LOAD CMakeFiles/ddc_sdr.dir/home/frohro/Classes/Digital_Design/Pico-Dev-iCE/Software/pico-ice-sdk/lib/pico-sdk/src/common/pico_time/time.c.o
LOAD CMakeFiles/ddc_sdr.dir/home/frohro/Classes/Digital_Design/Pico-Dev-iCE/Software/pico-ice-sdk/lib/pico-sdk/src/common/pico_time/timeout_helper.c.o
LOAD CMakeFiles/ddc_sdr.dir/home/frohro/Classes/Digital_Design/Pico-Dev-iCE/Software/pico-ice-sdk/lib/pico-sdk/src/rp2_common/hardware_timer/timer.c.o
LOAD CMakeFiles/ddc_sdr.dir/home/frohro/Classes/Digital_Design/Pico-Dev-iCE/Software/pico-ice-sdk/lib/pico-sdk/src/rp2_common/hardware_irq/irq.c.o
LOAD CMakeFiles/ddc_sdr.dir/home/frohro/Classes/Digital_Design/Pico-Dev-iCE/Software/pico-ice-sdk/lib/pico-sdk/src/rp2_common/hardware_irq/irq_handler_chain.S.o
LOAD CMakeFiles/ddc_sdr.dir/home/frohro/Classes/Digital_Design/Pico-Dev-iCE/Software/pico-ice-sdk/lib/pico-sdk/src/common/pico_sync/sem.c.o
LOAD CMakeFiles/ddc_sdr.dir/home/frohro/Classes/Digital_Design/Pico-Dev-iCE/Software/pico-ice-sdk/lib/pico-sdk/src/common/pico_sync/lock_core.c.o
LOAD CMakeFiles/ddc_sdr.dir/home/frohro/Classes/Digital_Design/Pico-Dev-iCE/Software/pico-ice-sdk/lib/pico-sdk/src/common/pico_sync/mutex.c.o
LOAD CMakeFiles/ddc_sdr.dir/home/frohro/Classes/Digital_Design/Pico-Dev-iCE/Software/pico-ice-sdk/lib/pico-sdk/src/common/pico_sync/critical_section.c.o
LOAD CMakeFiles/ddc_sdr.dir/home/frohro/Classes/Digital_Design/Pico-Dev-iCE/Software/pico-ice-sdk/lib/pico-sdk/src/common/pico_util/datetime.c.o
LOAD CMakeFiles/ddc_sdr.dir/home/frohro/Classes/Digital_Design/Pico-Dev-iCE/Software/pico-ice-sdk/lib/pico-sdk/src/common/pico_util/fixed_bitset.c.o
LOAD CMakeFiles/ddc_sdr.dir/home/frohro/Classes/Digital_Design/Pico-Dev-iCE/Software/pico-ice-sdk/lib/pico-sdk/src/common/pico_util/pheap.c.o
LOAD CMakeFiles/ddc_sdr.dir/home/frohro/Classes/Digital_Design/Pico-Dev-iCE/Software/pico-ice-sdk/lib/pico-sdk/src/common/pico_util/queue.c.o
LOAD CMakeFiles/ddc_sdr.dir/home/frohro/Classes/Digital_Design/Pico-Dev-iCE/Software/pico-ice-sdk/lib/pico-sdk/src/rp2_common/hardware_xip_cache/xip_cache.c.o
LOAD CMakeFiles/ddc_sdr.dir/home/frohro/Classes/Digital_Design/Pico-Dev-iCE/Software/pico-ice-sdk/lib/pico-sdk/src/rp2_common/hardware_gpio/gpio.c.o
LOAD CMakeFiles/ddc_sdr.dir/home/frohro/Classes/Digital_Design/Pico-Dev-iCE/Software/pico-ice-sdk/lib/pico-sdk/src/rp2_common/hardware_pio/pio.c.o
LOAD CMakeFiles/ddc_sdr.dir/home/frohro/Classes/Digital_Design/Pico-Dev-iCE/Software/pico-ice-sdk/lib/pico-sdk/src/rp2_common/hardware_spi/spi.c.o
LOAD CMakeFiles/ddc_sdr.dir/home/frohro/Classes/Digital_Design/Pico-Dev-iCE/Software/pico-ice-sdk/lib/pico-sdk/src/rp2_common/hardware_clocks/clocks.c.o
LOAD CMakeFiles/ddc_sdr.dir/home/frohro/Classes/Digital_Design/Pico-Dev-iCE/Software/pico-ice-sdk/lib/pico-sdk/src/rp2_common/hardware_pll/pll.c.o
LOAD CMakeFiles/ddc_sdr.dir/home/frohro/Classes/Digital_Design/Pico-Dev-iCE/Software/pico-ice-sdk/lib/pico-sdk/src/rp2_common/hardware_vreg/vreg.c.o
LOAD CMakeFiles/ddc_sdr.dir/home/frohro/Classes/Digital_Design/Pico-Dev-iCE/Software/pico-ice-sdk/lib/pico-sdk/src/rp2_common/hardware_watchdog/watchdog.c.o
LOAD CMakeFiles/ddc_sdr.dir/home/frohro/Classes/Digital_Design/Pico-Dev-iCE/Software/pico-ice-sdk/lib/pico-sdk/src/rp2_common/hardware_ticks/ticks.c.o
LOAD CMakeFiles/ddc_sdr.dir/home/frohro/Classes/Digital_Design/Pico-Dev-iCE/Software/pico-ice-sdk/lib/pico-sdk/src/rp2_common/hardware_xosc/xosc.c.o
LOAD CMakeFiles/ddc_sdr.dir/home/frohro/Classes/Digital_Design/Pico-Dev-iCE/Software/pico-ice-sdk/lib/pico-sdk/src/rp2_common/hardware_dma/dma.c.o
LOAD CMakeFiles/ddc_sdr.dir/home/frohro/Classes/Digital_Design/Pico-Dev-iCE/Software/pico-ice-sdk/lib/pico-sdk/src/rp2_common/hardware_uart/uart.c.o
LOAD CMakeFiles/ddc_sdr.dir/home/frohro/Classes/Digital_Design/Pico-Dev-iCE/Software/pico-ice-sdk/lib/pico-sdk/src/rp2_common/pico_stdlib/stdlib.c.o
LOAD CMakeFiles/ddc_sdr.dir/home/frohro/Classes/Digital_Design/Pico-Dev-iCE/Software/pico-ice-sdk/lib/pico-sdk/src/rp2_common/hardware_divider/divider.S.o
LOAD CMakeFiles/ddc_sdr.dir/home/frohro/Classes/Digital_Design/Pico-Dev-iCE/Software/pico-ice-sdk/lib/pico-sdk/src/rp2_common/pico_runtime/runtime.c.o
LOAD CMakeFiles/ddc_sdr.dir/home/frohro/Classes/Digital_Design/Pico-Dev-iCE/Software/pico-ice-sdk/lib/pico-sdk/src/rp2_common/pico_runtime_init/runtime_init.c.o
LOAD CMakeFiles/ddc_sdr.dir/home/frohro/Classes/Digital_Design/Pico-Dev-iCE/Software/pico-ice-sdk/lib/pico-sdk/src/rp2_common/pico_runtime_init/runtime_init_clocks.c.o
LOAD CMakeFiles/ddc_sdr.dir/home/frohro/Classes/Digital_Design/Pico-Dev-iCE/Software/pico-ice-sdk/lib/pico-sdk/src/rp2_common/pico_runtime_init/runtime_init_stack_guard.c.o
LOAD CMakeFiles/ddc_sdr.dir/home/frohro/Classes/Digital_Design/Pico-Dev-iCE/Software/pico-ice-sdk/lib/pico-sdk/src/rp2_common/hardware_rtc/rtc.c.o
LOAD CMakeFiles/ddc_sdr.dir/home/frohro/Classes/Digital_Design/Pico-Dev-iCE/Software/pico-ice-sdk/lib/pico-sdk/src/rp2_common/pico_bit_ops/bit_ops_aeabi.S.o
LOAD CMakeFiles/ddc_sdr.dir/home/frohro/Classes/Digital_Design/Pico-Dev-iCE/Software/pico-ice-sdk/lib/pico-sdk/src/rp2_common/pico_divider/divider_hardware.S.o
LOAD CMakeFiles/ddc_sdr.dir/home/frohro/Classes/Digital_Design/Pico-Dev-iCE/Software/pico-ice-sdk/lib/pico-sdk/src/rp2_common/pico_double/double_aeabi_rp2040.S.o
LOAD CMakeFiles/ddc_sdr.dir/home/frohro/Classes/Digital_Design/Pico-Dev-iCE/Software/pico-ice-sdk/lib/pico-sdk/src/rp2_common/pico_double/double_init_rom_rp2040.c.o
LOAD CMakeFiles/ddc_sdr.dir/home/frohro/Classes/Digital_Design/Pico-Dev-iCE/Software/pico-ice-sdk/lib/pico-sdk/src/rp2_common/pico_double/double_math.c.o
LOAD CMakeFiles/ddc_sdr.dir/home/frohro/Classes/Digital_Design/Pico-Dev-iCE/Software/pico-ice-sdk/lib/pico-sdk/src/rp2_common/pico_double/double_v1_rom_shim_rp2040.S.o
LOAD CMakeFiles/ddc_sdr.dir/home/frohro/Classes/Digital_Design/Pico-Dev-iCE/Software/pico-ice-sdk/lib/pico-sdk/src/rp2_common/pico_int64_ops/pico_int64_ops_aeabi.S.o
LOAD CMakeFiles/ddc_sdr.dir/home/frohro/Classes/Digital_Design/Pico-Dev-iCE/Software/pico-ice-sdk/lib/pico-sdk/src/rp2_common/pico_float/float_aeabi_rp2040.S.o
LOAD CMakeFiles/ddc_sdr.dir/home/frohro/Classes/Digital_Design/Pico-Dev-iCE/Software/pico-ice-sdk/lib/pico-sdk/src/rp2_common/pico_float/float_init_rom_rp2040.c.o
LOAD CMakeFiles/ddc_sdr.dir/home/frohro/Classes/Digital_Design/Pico-Dev-iCE/Software/pico-ice-sdk/lib/pico-sdk/src/rp2_common/pico_float/float_math.c.o
LOAD CMakeFiles/ddc_sdr.dir/home/frohro/Classes/Digital_Design/Pico-Dev-iCE/Software/pico-ice-sdk/lib/pico-sdk/src/rp2_common/pico_float/float_v1_rom_shim_rp2040.S.o
LOAD CMakeFiles/ddc_sdr.dir/home/frohro/Classes/Digital_Design/Pico-Dev-iCE/Software/pico-ice-sdk/lib/pico-sdk/src/rp2_common/pico_malloc/malloc.c.o
LOAD CMakeFiles/ddc_sdr.dir/home/frohro/Classes/Digital_Design/Pico-Dev-iCE/Software/pico-ice-sdk/lib/pico-sdk/src/rp2_common/pico_mem_ops/mem_ops_aeabi.S.o
LOAD CMakeFiles/ddc_sdr.dir/home/frohro/Classes/Digital_Design/Pico-Dev-iCE/Software/pico-ice-sdk/lib/pico-sdk/src/rp2_common/pico_atomic/atomic.c.o
LOAD CMakeFiles/ddc_sdr.dir/home/frohro/Classes/Digital_Design/Pico-Dev-iCE/Software/pico-ice-sdk/lib/pico-sdk/src/rp2_common/pico_cxx_options/new_delete.cpp.o
LOAD CMakeFiles/ddc_sdr.dir/home/frohro/Classes/Digital_Design/Pico-Dev-iCE/Software/pico-ice-sdk/lib/pico-sdk/src/rp2_common/pico_standard_binary_info/standard_binary_info.c.o
LOAD CMakeFiles/ddc_sdr.dir/home/frohro/Classes/Digital_Design/Pico-Dev-iCE/Software/pico-ice-sdk/lib/pico-sdk/src/rp2_common/pico_printf/printf.c.o
LOAD CMakeFiles/ddc_sdr.dir/home/frohro/Classes/Digital_Design/Pico-Dev-iCE/Software/pico-ice-sdk/lib/pico-sdk/src/rp2_common/pico_crt0/crt0.S.o
LOAD CMakeFiles/ddc_sdr.dir/home/frohro/Classes/Digital_Design/Pico-Dev-iCE/Software/pico-ice-sdk/lib/pico-sdk/src/rp2_common/pico_clib_interface/newlib_interface.c.o
LOAD CMakeFiles/ddc_sdr.dir/home/frohro/Classes/Digital_Design/Pico-Dev-iCE/Software/pico-ice-sdk/lib/pico-sdk/src/rp2_common/pico_clib_interface/cxa_guard.c.o
LOAD CMakeFiles/ddc_sdr.dir/home/frohro/Classes/Digital_Design/Pico-Dev-iCE/Software/pico-ice-sdk/lib/pico-sdk/src/rp2_common/pico_stdio/stdio.c.o
LOAD CMakeFiles/ddc_sdr.dir/home/frohro/Classes/Digital_Design/Pico-Dev-iCE/Software/pico-ice-sdk/lib/pico-sdk/src/rp2_common/pico_thread_local/thread_local.c.o
LOAD CMakeFiles/ddc_sdr.dir/home/frohro/Classes/Digital_Design/Pico-Dev-iCE/Software/pico-ice-sdk/src/ice_usb.c.o
LOAD CMakeFiles/ddc_sdr.dir/home/frohro/Classes/Digital_Design/Pico-Dev-iCE/Software/pico-ice-sdk/lib/pico-sdk/src/rp2_common/pico_multicore/multicore.c.o
LOAD CMakeFiles/ddc_sdr.dir/home/frohro/Classes/Digital_Design/Pico-Dev-iCE/Software/pico-ice-sdk/lib/pico-sdk/src/rp2_common/pico_unique_id/unique_id.c.o
LOAD CMakeFiles/ddc_sdr.dir/home/frohro/tinyusb/src/portable/raspberrypi/rp2040/dcd_rp2040.c.o
LOAD CMakeFiles/ddc_sdr.dir/home/frohro/tinyusb/src/portable/raspberrypi/rp2040/rp2040_usb.c.o
LOAD CMakeFiles/ddc_sdr.dir/home/frohro/tinyusb/src/device/usbd.c.o
LOAD CMakeFiles/ddc_sdr.dir/home/frohro/tinyusb/src/class/audio/audio_device.c.o
LOAD CMakeFiles/ddc_sdr.dir/home/frohro/tinyusb/src/class/cdc/cdc_device.c.o
LOAD CMakeFiles/ddc_sdr.dir/home/frohro/tinyusb/src/class/dfu/dfu_device.c.o
LOAD CMakeFiles/ddc_sdr.dir/home/frohro/tinyusb/src/class/dfu/dfu_rt_device.c.o
LOAD CMakeFiles/ddc_sdr.dir/home/frohro/tinyusb/src/class/hid/hid_device.c.o
LOAD CMakeFiles/ddc_sdr.dir/home/frohro/tinyusb/src/class/midi/midi_device.c.o
LOAD CMakeFiles/ddc_sdr.dir/home/frohro/tinyusb/src/class/msc/msc_device.c.o
LOAD CMakeFiles/ddc_sdr.dir/home/frohro/tinyusb/src/class/mtp/mtp_device.c.o
LOAD CMakeFiles/ddc_sdr.dir/home/frohro/tinyusb/src/class/net/ecm_rndis_device.c.o
LOAD CMakeFiles/ddc_sdr.dir/home/frohro/tinyusb/src/class/net/ncm_device.c.o
LOAD CMakeFiles/ddc_sdr.dir/home/frohro/tinyusb/src/class/printer/printer_device.c.o
LOAD CMakeFiles/ddc_sdr.dir/home/frohro/tinyusb/src/class/usbtmc/usbtmc_device.c.o
LOAD CMakeFiles/ddc_sdr.dir/home/frohro/tinyusb/src/class/vendor/vendor_device.c.o
LOAD CMakeFiles/ddc_sdr.dir/home/frohro/tinyusb/src/class/video/video_device.c.o
LOAD CMakeFiles/ddc_sdr.dir/home/frohro/tinyusb/src/tusb.c.o
LOAD CMakeFiles/ddc_sdr.dir/home/frohro/tinyusb/src/common/tusb_fifo.c.o
LOAD CMakeFiles/ddc_sdr.dir/home/frohro/Classes/Digital_Design/Pico-Dev-iCE/Software/pico-ice-sdk/lib/pico-sdk/src/rp2_common/pico_fix/rp2040_usb_device_enumeration/rp2040_usb_device_enumeration.c.o
LOAD CMakeFiles/ddc_sdr.dir/home/frohro/tinyusb/hw/bsp/rp2040/family.c.o
LOAD pico-sdk/src/rp2040/boot_stage2/CMakeFiles/bs2_default_library.dir/bs2_default_padded_checksummed.S.o
LOAD /usr/lib/gcc/arm-none-eabi/13.2.1/../../../arm-none-eabi/lib/thumb/v6-m/nofp/libstdc++.a
LOAD /usr/lib/gcc/arm-none-eabi/13.2.1/../../../arm-none-eabi/lib/thumb/v6-m/nofp/libm.a
START GROUP
LOAD /usr/lib/gcc/arm-none-eabi/13.2.1/thumb/v6-m/nofp/libgcc.a
LOAD /usr/lib/gcc/arm-none-eabi/13.2.1/../../../arm-none-eabi/lib/thumb/v6-m/nofp/libg.a
LOAD /usr/lib/gcc/arm-none-eabi/13.2.1/../../../arm-none-eabi/lib/thumb/v6-m/nofp/libc.a
END GROUP
                0x20000000                        PROVIDE (RAM_ORIGIN = RAM_ORIGIN_DEFAULT)
                0x00040000                        PROVIDE (RAM_LENGTH = RAM_LENGTH_DEFAULT)
                0x20040000                        PROVIDE (SCRATCH_X_ORIGIN = SCRATCH_X_ORIGIN_DEFAULT)
                0x00001000                        PROVIDE (SCRATCH_X_LENGTH = SCRATCH_X_LENGTH_DEFAULT)
                0x20041000                        PROVIDE (SCRATCH_Y_ORIGIN = SCRATCH_Y_ORIGIN_DEFAULT)
                0x00001000                        PROVIDE (SCRATCH_Y_LENGTH = SCRATCH_Y_LENGTH_DEFAULT)
                0x15000000                        PROVIDE (XIP_RAM_ORIGIN = XIP_RAM_ORIGIN_DEFAULT)
                0x00004000                        PROVIDE (XIP_RAM_LENGTH = XIP_RAM_LENGTH_DEFAULT)
                0x20000000                        RAM_ORIGIN = DEFINED (RAM_ORIGIN)?RAM_ORIGIN:RAM_ORIGIN_DEFAULT
                0x00040000                        RAM_LENGTH = DEFINED (RAM_LENGTH)?RAM_LENGTH:RAM_LENGTH_DEFAULT
                0x20040000                        SCRATCH_X_ORIGIN = DEFINED (SCRATCH_X_ORIGIN)?SCRATCH_X_ORIGIN:SCRATCH_X_ORIGIN_DEFAULT
                0x00001000                        SCRATCH_X_LENGTH = DEFINED (SCRATCH_X_LENGTH)?SCRATCH_X_LENGTH:SCRATCH_X_LENGTH_DEFAULT
                0x20041000                        SCRATCH_Y_ORIGIN = DEFINED (SCRATCH_Y_ORIGIN)?SCRATCH_Y_ORIGIN:SCRATCH_Y_ORIGIN_DEFAULT
                0x00001000                        SCRATCH_Y_LENGTH = DEFINED (SCRATCH_Y_LENGTH)?SCRATCH_Y_LENGTH:SCRATCH_Y_LENGTH_DEFAULT
                0x15000000                        XIP_RAM_ORIGIN = DEFINED (XIP_RAM_ORIGIN)?XIP_RAM_ORIGIN:XIP_RAM_ORIGIN_DEFAULT
                0x00004000                        XIP_RAM_LENGTH = DEFINED (XIP_RAM_LENGTH)?XIP_RAM_LENGTH:XIP_RAM_LENGTH_DEFAULT

.flash_begin    0x10000000        0x0
                0x10000000                        __flash_binary_start = .

.boot2          0x10000000      0x100
                0x10000000                        __boot2_start__ = .
 *(.boot2)
 .boot2         0x10000000      0x100 pico-sdk/src/rp2040/boot_stage2/CMakeFiles/bs2_default_library.dir/bs2_default_padded_checksummed.S.o
                0x10000100                        __boot2_end__ = .
                0x00000001                        ASSERT (((__boot2_end__ - __boot2_start__) == 0x100), ERROR: Pico second stage bootloader must be exactly 256 bytes in size for RP2040)

.text           0x10000100     0xa194
                0x10000100                        __logical_binary_start = .
 *(.vectors)
 .vectors       0x10000100       0xd4 CMakeFiles/ddc_sdr.dir/home/frohro/Classes/Digital_Design/Pico-Dev-iCE/Software/pico-ice-sdk/lib/pico-sdk/src/rp2_common/pico_crt0/crt0.S.o
                0x10000100                __vectors
                0x10000100                __VECTOR_TABLE
                0x100001c0                isr_irq30
                0x100001c0                __unhandled_user_irq
                0x100001c0                isr_irq13
                0x100001c0                isr_irq27
                0x100001c0                isr_irq31
                0x100001c0                isr_irq5
                0x100001c0                isr_irq11
                0x100001c0                isr_irq23
                0x100001c0                isr_irq18
                0x100001c0                isr_irq28
                0x100001c0                isr_irq19
                0x100001c0                isr_irq0
                0x100001c0                isr_irq6
                0x100001c0                isr_irq22
                0x100001c0                isr_irq17
                0x100001c0                isr_irq14
                0x100001c0                __vectors_end
                0x100001c0                __default_isrs_start
                0x100001c0                isr_irq2
                0x100001c0                isr_irq10
                0x100001c0                isr_irq8
                0x100001c0                isr_irq24
                0x100001c0                isr_irq1
                0x100001c0                isr_irq7
                0x100001c0                isr_irq21
                0x100001c0                isr_irq20
                0x100001c0                isr_irq15
                0x100001c0                isr_irq25
                0x100001c0                isr_irq4
                0x100001c0                isr_irq16
                0x100001c0                isr_irq29
                0x100001c0                isr_irq26
                0x100001c0                isr_irq3
                0x100001c0                isr_irq12
                0x100001c0                isr_irq9
                0x100001c6                unhandled_user_irq_num_in_r0
                0x100001c8                isr_invalid
                0x100001ca                isr_nmi
                0x100001cc                isr_hardfault
                0x100001ce                isr_svcall
                0x100001d0                isr_pendsv
                0x100001d2                isr_systick
                0x100001d4                __default_isrs_end
 *(.binary_info_header)
 .binary_info_header
                0x100001d4       0x14 CMakeFiles/ddc_sdr.dir/home/frohro/Classes/Digital_Design/Pico-Dev-iCE/Software/pico-ice-sdk/lib/pico-sdk/src/rp2_common/pico_crt0/crt0.S.o
                0x100001e8                        __binary_info_header_end = .
 *(.embedded_block)
                0x100001e8                        __embedded_block_end = .
 *(.reset)
 .reset         0x100001e8       0x98 CMakeFiles/ddc_sdr.dir/home/frohro/Classes/Digital_Design/Pico-Dev-iCE/Software/pico-ice-sdk/lib/pico-sdk/src/rp2_common/pico_crt0/crt0.S.o
                0x100001e8                _entry_point
 *(.init)
 *libgcc.a:cmse_nonsecure_call.o()
 *(EXCLUDE_FILE(*libm.a: *lib*_a-mem*.o *libc.a: *libgcc.a:) .text*)
 .text.fpga_interrupt_handler
                0x10000280        0xc CMakeFiles/ddc_sdr.dir/main.c.o
 .text.dma_handler
                0x1000028c       0x80 CMakeFiles/ddc_sdr.dir/main.c.o
 .text.i2s_start.part.0
                0x1000030c      0x150 CMakeFiles/ddc_sdr.dir/main.c.o
 .text.complete_fpga_update
                0x1000045c       0xa8 CMakeFiles/ddc_sdr.dir/main.c.o
 .text.prepare_fpga_update
                0x10000504       0xec CMakeFiles/ddc_sdr.dir/main.c.o
 .text.tud_cdc_line_state_cb
                0x100005f0       0x3c CMakeFiles/ddc_sdr.dir/main.c.o
                0x100005f0                tud_cdc_line_state_cb
 .text.tud_cdc_rx_cb
                0x1000062c        0x4 CMakeFiles/ddc_sdr.dir/main.c.o
                0x1000062c                tud_cdc_rx_cb
 .text.tud_audio_set_itf_cb
                0x10000630      0x364 CMakeFiles/ddc_sdr.dir/main.c.o
                0x10000630                tud_audio_set_itf_cb
 .text.tud_audio_set_itf_close_ep_cb
                0x10000994       0xac CMakeFiles/ddc_sdr.dir/main.c.o
                0x10000994                tud_audio_set_itf_close_ep_cb
 .text.tud_audio_set_req_ep_cb
                0x10000a40       0x20 CMakeFiles/ddc_sdr.dir/main.c.o
                0x10000a40                tud_audio_set_req_ep_cb
 .text.tud_audio_get_req_ep_cb
                0x10000a60       0x30 CMakeFiles/ddc_sdr.dir/main.c.o
                0x10000a60                tud_audio_get_req_ep_cb
 .text.tud_audio_set_req_entity_cb
                0x10000a90       0x24 CMakeFiles/ddc_sdr.dir/main.c.o
                0x10000a90                tud_audio_set_req_entity_cb
 .text.tud_audio_get_req_entity_cb
                0x10000ab4       0x3c CMakeFiles/ddc_sdr.dir/main.c.o
                0x10000ab4                tud_audio_get_req_entity_cb
 .text.startup.main
                0x10000af0      0x9f0 CMakeFiles/ddc_sdr.dir/main.c.o
                0x10000af0                main
 .text.ice_fpga_init
                0x100014e0       0x68 CMakeFiles/ddc_sdr.dir/home/frohro/Classes/Digital_Design/Pico-Dev-iCE/Software/pico-ice-sdk/src/ice_fpga.c.o
                0x100014e0                ice_fpga_init
 .text.ice_fpga_stop
                0x10001548       0x1c CMakeFiles/ddc_sdr.dir/home/frohro/Classes/Digital_Design/Pico-Dev-iCE/Software/pico-ice-sdk/src/ice_fpga.c.o
                0x10001548                ice_fpga_stop
 .text.ice_fpga_start
                0x10001564       0x1c CMakeFiles/ddc_sdr.dir/home/frohro/Classes/Digital_Design/Pico-Dev-iCE/Software/pico-ice-sdk/src/ice_fpga.c.o
                0x10001564                ice_fpga_start
 .text.ice_cram_open
                0x10001580       0xe8 CMakeFiles/ddc_sdr.dir/home/frohro/Classes/Digital_Design/Pico-Dev-iCE/Software/pico-ice-sdk/src/ice_cram.c.o
                0x10001580                ice_cram_open
 .text.ice_cram_write
                0x10001668        0x8 CMakeFiles/ddc_sdr.dir/home/frohro/Classes/Digital_Design/Pico-Dev-iCE/Software/pico-ice-sdk/src/ice_cram.c.o
                0x10001668                ice_cram_write
 .text.ice_cram_close
                0x10001670       0x80 CMakeFiles/ddc_sdr.dir/home/frohro/Classes/Digital_Design/Pico-Dev-iCE/Software/pico-ice-sdk/src/ice_cram.c.o
                0x10001670                ice_cram_close
 .text.spi_irq_handler
                0x100016f0       0x54 CMakeFiles/ddc_sdr.dir/home/frohro/Classes/Digital_Design/Pico-Dev-iCE/Software/pico-ice-sdk/src/ice_spi.c.o
 .text.ice_spi_write_async.part.0
                0x10001744       0xd0 CMakeFiles/ddc_sdr.dir/home/frohro/Classes/Digital_Design/Pico-Dev-iCE/Software/pico-ice-sdk/src/ice_spi.c.o
 .text.ice_spi_init
                0x10001814       0xc8 CMakeFiles/ddc_sdr.dir/home/frohro/Classes/Digital_Design/Pico-Dev-iCE/Software/pico-ice-sdk/src/ice_spi.c.o
                0x10001814                ice_spi_init
 .text.ice_spi_deinit
                0x100018dc      0x12c CMakeFiles/ddc_sdr.dir/home/frohro/Classes/Digital_Design/Pico-Dev-iCE/Software/pico-ice-sdk/src/ice_spi.c.o
                0x100018dc                ice_spi_deinit
 .text.ice_spi_chip_select
                0x10001a08       0x8c CMakeFiles/ddc_sdr.dir/home/frohro/Classes/Digital_Design/Pico-Dev-iCE/Software/pico-ice-sdk/src/ice_spi.c.o
                0x10001a08                ice_spi_chip_select
 .text.ice_spi_chip_deselect
                0x10001a94       0xf0 CMakeFiles/ddc_sdr.dir/home/frohro/Classes/Digital_Design/Pico-Dev-iCE/Software/pico-ice-sdk/src/ice_spi.c.o
                0x10001a94                ice_spi_chip_deselect
 .text.ice_spi_init_cs_pin
                0x10001b84       0x30 CMakeFiles/ddc_sdr.dir/home/frohro/Classes/Digital_Design/Pico-Dev-iCE/Software/pico-ice-sdk/src/ice_spi.c.o
                0x10001b84                ice_spi_init_cs_pin
 .text.ice_spi_write_blocking
                0x10001bb4       0x2c CMakeFiles/ddc_sdr.dir/home/frohro/Classes/Digital_Design/Pico-Dev-iCE/Software/pico-ice-sdk/src/ice_spi.c.o
                0x10001bb4                ice_spi_write_blocking
 .text.ice_hal_spi_deinit
                0x10001be0       0xa4 CMakeFiles/ddc_sdr.dir/home/frohro/Classes/Digital_Design/Pico-Dev-iCE/Software/pico-ice-sdk/src/pico-sdk_ice_hal.c.o
                0x10001be0                ice_hal_spi_deinit
 .text.ice_hal_gpio_init
                0x10001c84       0x24 CMakeFiles/ddc_sdr.dir/home/frohro/Classes/Digital_Design/Pico-Dev-iCE/Software/pico-ice-sdk/src/pico-sdk_ice_hal.c.o
                0x10001c84                ice_hal_gpio_init
 .text.ice_hal_gpio_set_high_z
                0x10001ca8       0x18 CMakeFiles/ddc_sdr.dir/home/frohro/Classes/Digital_Design/Pico-Dev-iCE/Software/pico-ice-sdk/src/pico-sdk_ice_hal.c.o
                0x10001ca8                ice_hal_gpio_set_high_z
 .text.ice_hal_spi_init
                0x10001cc0      0x2e8 CMakeFiles/ddc_sdr.dir/home/frohro/Classes/Digital_Design/Pico-Dev-iCE/Software/pico-ice-sdk/src/pico-sdk_ice_hal.c.o
                0x10001cc0                ice_hal_spi_init
 .text.ice_hal_spi_write
                0x10001fa8       0xe0 CMakeFiles/ddc_sdr.dir/home/frohro/Classes/Digital_Design/Pico-Dev-iCE/Software/pico-ice-sdk/src/pico-sdk_ice_hal.c.o
                0x10001fa8                ice_hal_spi_write
 .text.ice_hal_gpio_set_pu
                0x10002088       0x10 CMakeFiles/ddc_sdr.dir/home/frohro/Classes/Digital_Design/Pico-Dev-iCE/Software/pico-ice-sdk/src/pico-sdk_ice_hal.c.o
                0x10002088                ice_hal_gpio_set_pu
 .text.ice_hal_gpio_set_1
                0x10002098       0x10 CMakeFiles/ddc_sdr.dir/home/frohro/Classes/Digital_Design/Pico-Dev-iCE/Software/pico-ice-sdk/src/pico-sdk_ice_hal.c.o
                0x10002098                ice_hal_gpio_set_1
 .text.ice_hal_gpio_set_0
                0x100020a8       0x10 CMakeFiles/ddc_sdr.dir/home/frohro/Classes/Digital_Design/Pico-Dev-iCE/Software/pico-ice-sdk/src/pico-sdk_ice_hal.c.o
                0x100020a8                ice_hal_gpio_set_0
 .text.ice_hal_gpio_get
                0x100020b8       0x14 CMakeFiles/ddc_sdr.dir/home/frohro/Classes/Digital_Design/Pico-Dev-iCE/Software/pico-ice-sdk/src/pico-sdk_ice_hal.c.o
                0x100020b8                ice_hal_gpio_get
 .text.flash_get_unique_id
                0x100020cc       0x3c CMakeFiles/ddc_sdr.dir/home/frohro/Classes/Digital_Design/Pico-Dev-iCE/Software/pico-ice-sdk/lib/pico-sdk/src/rp2_common/hardware_flash/flash.c.o
                0x100020cc                flash_get_unique_id
 .text.rp2040_chip_version
                0x10002108        0xc CMakeFiles/ddc_sdr.dir/home/frohro/Classes/Digital_Design/Pico-Dev-iCE/Software/pico-ice-sdk/lib/pico-sdk/src/rp2040/pico_platform/platform.c.o
                0x10002108                rp2040_chip_version
 .text.panic    0x10002114       0x30 CMakeFiles/ddc_sdr.dir/home/frohro/Classes/Digital_Design/Pico-Dev-iCE/Software/pico-ice-sdk/lib/pico-sdk/src/rp2_common/pico_platform_panic/panic.c.o
                0x10002114                panic
 .text.hw_claim_lock
                0x10002144       0x18 CMakeFiles/ddc_sdr.dir/home/frohro/Classes/Digital_Design/Pico-Dev-iCE/Software/pico-ice-sdk/lib/pico-sdk/src/common/hardware_claim/claim.c.o
                0x10002144                hw_claim_lock
 .text.hw_claim_unlock
                0x1000215c       0x14 CMakeFiles/ddc_sdr.dir/home/frohro/Classes/Digital_Design/Pico-Dev-iCE/Software/pico-ice-sdk/lib/pico-sdk/src/common/hardware_claim/claim.c.o
                0x1000215c                hw_claim_unlock
 .text.hw_claim_or_assert
                0x10002170       0x44 CMakeFiles/ddc_sdr.dir/home/frohro/Classes/Digital_Design/Pico-Dev-iCE/Software/pico-ice-sdk/lib/pico-sdk/src/common/hardware_claim/claim.c.o
                0x10002170                hw_claim_or_assert
 .text.hw_claim_unused_from_range
                0x100021b4       0x9c CMakeFiles/ddc_sdr.dir/home/frohro/Classes/Digital_Design/Pico-Dev-iCE/Software/pico-ice-sdk/lib/pico-sdk/src/common/hardware_claim/claim.c.o
                0x100021b4                hw_claim_unused_from_range
 .text.hw_claim_clear
                0x10002250       0x38 CMakeFiles/ddc_sdr.dir/home/frohro/Classes/Digital_Design/Pico-Dev-iCE/Software/pico-ice-sdk/lib/pico-sdk/src/common/hardware_claim/claim.c.o
                0x10002250                hw_claim_clear
 .text.next_striped_spin_lock_num
                0x10002288       0x18 CMakeFiles/ddc_sdr.dir/home/frohro/Classes/Digital_Design/Pico-Dev-iCE/Software/pico-ice-sdk/lib/pico-sdk/src/rp2_common/hardware_sync/sync.c.o
                0x10002288                next_striped_spin_lock_num
 .text.spin_lock_claim_unused
                0x100022a0       0x24 CMakeFiles/ddc_sdr.dir/home/frohro/Classes/Digital_Design/Pico-Dev-iCE/Software/pico-ice-sdk/lib/pico-sdk/src/rp2_common/hardware_sync/sync.c.o
                0x100022a0                spin_lock_claim_unused
 .text.spin_locks_reset
                0x100022c4       0x1c CMakeFiles/ddc_sdr.dir/home/frohro/Classes/Digital_Design/Pico-Dev-iCE/Software/pico-ice-sdk/lib/pico-sdk/src/rp2_common/hardware_sync_spin_lock/sync_spin_lock.c.o
                0x100022c4                spin_locks_reset
 .text.rom_func_lookup
                0x100022e0       0x10 CMakeFiles/ddc_sdr.dir/home/frohro/Classes/Digital_Design/Pico-Dev-iCE/Software/pico-ice-sdk/lib/pico-sdk/src/rp2_common/pico_bootrom/bootrom.c.o
                0x100022e0                rom_func_lookup
 .text.rom_data_lookup
                0x100022f0       0x10 CMakeFiles/ddc_sdr.dir/home/frohro/Classes/Digital_Design/Pico-Dev-iCE/Software/pico-ice-sdk/lib/pico-sdk/src/rp2_common/pico_bootrom/bootrom.c.o
                0x100022f0                rom_data_lookup
 .text.rom_funcs_lookup
                0x10002300       0x44 CMakeFiles/ddc_sdr.dir/home/frohro/Classes/Digital_Design/Pico-Dev-iCE/Software/pico-ice-sdk/lib/pico-sdk/src/rp2_common/pico_bootrom/bootrom.c.o
                0x10002300                rom_funcs_lookup
 .text.sleep_until_callback
                0x10002344       0x30 CMakeFiles/ddc_sdr.dir/home/frohro/Classes/Digital_Design/Pico-Dev-iCE/Software/pico-ice-sdk/lib/pico-sdk/src/common/pico_time/time.c.o
 .text.alarm_pool_irq_handler
                0x10002374      0x2fc CMakeFiles/ddc_sdr.dir/home/frohro/Classes/Digital_Design/Pico-Dev-iCE/Software/pico-ice-sdk/lib/pico-sdk/src/common/pico_time/time.c.o
 .text.runtime_init_default_alarm_pool
                0x10002670       0xdc CMakeFiles/ddc_sdr.dir/home/frohro/Classes/Digital_Design/Pico-Dev-iCE/Software/pico-ice-sdk/lib/pico-sdk/src/common/pico_time/time.c.o
                0x10002670                runtime_init_default_alarm_pool
 .text.alarm_pool_add_alarm_at_force_in_context
                0x1000274c       0xb0 CMakeFiles/ddc_sdr.dir/home/frohro/Classes/Digital_Design/Pico-Dev-iCE/Software/pico-ice-sdk/lib/pico-sdk/src/common/pico_time/time.c.o
                0x1000274c                alarm_pool_add_alarm_at_force_in_context
 .text.alarm_pool_cancel_alarm
                0x100027fc       0x74 CMakeFiles/ddc_sdr.dir/home/frohro/Classes/Digital_Design/Pico-Dev-iCE/Software/pico-ice-sdk/lib/pico-sdk/src/common/pico_time/time.c.o
                0x100027fc                alarm_pool_cancel_alarm
 .text.sleep_until
                0x10002870       0xd8 CMakeFiles/ddc_sdr.dir/home/frohro/Classes/Digital_Design/Pico-Dev-iCE/Software/pico-ice-sdk/lib/pico-sdk/src/common/pico_time/time.c.o
                0x10002870                sleep_until
 .text.sleep_us
                0x10002948       0x28 CMakeFiles/ddc_sdr.dir/home/frohro/Classes/Digital_Design/Pico-Dev-iCE/Software/pico-ice-sdk/lib/pico-sdk/src/common/pico_time/time.c.o
                0x10002948                sleep_us
 .text.best_effort_wfe_or_timeout
                0x10002970      0x118 CMakeFiles/ddc_sdr.dir/home/frohro/Classes/Digital_Design/Pico-Dev-iCE/Software/pico-ice-sdk/lib/pico-sdk/src/common/pico_time/time.c.o
                0x10002970                best_effort_wfe_or_timeout
 .text.timer_hardware_alarm_claim
                0x10002a88       0x14 CMakeFiles/ddc_sdr.dir/home/frohro/Classes/Digital_Design/Pico-Dev-iCE/Software/pico-ice-sdk/lib/pico-sdk/src/rp2_common/hardware_timer/timer.c.o
                0x10002a88                timer_hardware_alarm_claim
 .text.timer_time_us_64
                0x10002a9c       0x10 CMakeFiles/ddc_sdr.dir/home/frohro/Classes/Digital_Design/Pico-Dev-iCE/Software/pico-ice-sdk/lib/pico-sdk/src/rp2_common/hardware_timer/timer.c.o
                0x10002a9c                timer_time_us_64
 .text.time_us_64
                0x10002aac       0x14 CMakeFiles/ddc_sdr.dir/home/frohro/Classes/Digital_Design/Pico-Dev-iCE/Software/pico-ice-sdk/lib/pico-sdk/src/rp2_common/hardware_timer/timer.c.o
                0x10002aac                time_us_64
 .text.busy_wait_us
                0x10002ac0       0x68 CMakeFiles/ddc_sdr.dir/home/frohro/Classes/Digital_Design/Pico-Dev-iCE/Software/pico-ice-sdk/lib/pico-sdk/src/rp2_common/hardware_timer/timer.c.o
                0x10002ac0                busy_wait_us
 .text.busy_wait_until
                0x10002b28       0x20 CMakeFiles/ddc_sdr.dir/home/frohro/Classes/Digital_Design/Pico-Dev-iCE/Software/pico-ice-sdk/lib/pico-sdk/src/rp2_common/hardware_timer/timer.c.o
                0x10002b28                busy_wait_until
 .text.runtime_init_per_core_irq_priorities
                0x10002b48       0x24 CMakeFiles/ddc_sdr.dir/home/frohro/Classes/Digital_Design/Pico-Dev-iCE/Software/pico-ice-sdk/lib/pico-sdk/src/rp2_common/hardware_irq/irq.c.o
                0x10002b48                runtime_init_per_core_irq_priorities
 .text.irq_set_enabled
                0x10002b6c       0x24 CMakeFiles/ddc_sdr.dir/home/frohro/Classes/Digital_Design/Pico-Dev-iCE/Software/pico-ice-sdk/lib/pico-sdk/src/rp2_common/hardware_irq/irq.c.o
                0x10002b6c                irq_set_enabled
 .text.irq_set_exclusive_handler
                0x10002b90       0x54 CMakeFiles/ddc_sdr.dir/home/frohro/Classes/Digital_Design/Pico-Dev-iCE/Software/pico-ice-sdk/lib/pico-sdk/src/rp2_common/hardware_irq/irq.c.o
                0x10002b90                irq_set_exclusive_handler
 .text.irq_add_shared_handler
                0x10002be4      0x1d8 CMakeFiles/ddc_sdr.dir/home/frohro/Classes/Digital_Design/Pico-Dev-iCE/Software/pico-ice-sdk/lib/pico-sdk/src/rp2_common/hardware_irq/irq.c.o
                0x10002be4                irq_add_shared_handler
 .text.irq_remove_handler
                0x10002dbc      0x1d4 CMakeFiles/ddc_sdr.dir/home/frohro/Classes/Digital_Design/Pico-Dev-iCE/Software/pico-ice-sdk/lib/pico-sdk/src/rp2_common/hardware_irq/irq.c.o
                0x10002dbc                irq_remove_handler
 .text.irq_add_tail_to_free_list
                0x10002f90       0xb4 CMakeFiles/ddc_sdr.dir/home/frohro/Classes/Digital_Design/Pico-Dev-iCE/Software/pico-ice-sdk/lib/pico-sdk/src/rp2_common/hardware_irq/irq.c.o
                0x10002f90                irq_add_tail_to_free_list
 .text.lock_init
                0x10003044       0x10 CMakeFiles/ddc_sdr.dir/home/frohro/Classes/Digital_Design/Pico-Dev-iCE/Software/pico-ice-sdk/lib/pico-sdk/src/common/pico_sync/lock_core.c.o
                0x10003044                lock_init
 .text.runtime_init_mutex
                0x10003054       0x50 CMakeFiles/ddc_sdr.dir/home/frohro/Classes/Digital_Design/Pico-Dev-iCE/Software/pico-ice-sdk/lib/pico-sdk/src/common/pico_sync/mutex.c.o
                0x10003054                runtime_init_mutex
 .text.mutex_init
                0x100030a4       0x1c CMakeFiles/ddc_sdr.dir/home/frohro/Classes/Digital_Design/Pico-Dev-iCE/Software/pico-ice-sdk/lib/pico-sdk/src/common/pico_sync/mutex.c.o
                0x100030a4                mutex_init
 .text.critical_section_init
                0x100030c0       0x1c CMakeFiles/ddc_sdr.dir/home/frohro/Classes/Digital_Design/Pico-Dev-iCE/Software/pico-ice-sdk/lib/pico-sdk/src/common/pico_sync/critical_section.c.o
                0x100030c0                critical_section_init
 .text.gpio_default_irq_handler
                0x100030dc      0x274 CMakeFiles/ddc_sdr.dir/home/frohro/Classes/Digital_Design/Pico-Dev-iCE/Software/pico-ice-sdk/lib/pico-sdk/src/rp2_common/hardware_gpio/gpio.c.o
 .text.gpio_set_function
                0x10003350       0x34 CMakeFiles/ddc_sdr.dir/home/frohro/Classes/Digital_Design/Pico-Dev-iCE/Software/pico-ice-sdk/lib/pico-sdk/src/rp2_common/hardware_gpio/gpio.c.o
                0x10003350                gpio_set_function
 .text.gpio_set_pulls
                0x10003384       0x28 CMakeFiles/ddc_sdr.dir/home/frohro/Classes/Digital_Design/Pico-Dev-iCE/Software/pico-ice-sdk/lib/pico-sdk/src/rp2_common/hardware_gpio/gpio.c.o
                0x10003384                gpio_set_pulls
 .text.gpio_set_outover
                0x100033ac       0x24 CMakeFiles/ddc_sdr.dir/home/frohro/Classes/Digital_Design/Pico-Dev-iCE/Software/pico-ice-sdk/lib/pico-sdk/src/rp2_common/hardware_gpio/gpio.c.o
                0x100033ac                gpio_set_outover
 .text.gpio_set_irq_enabled_with_callback
                0x100033d0      0x100 CMakeFiles/ddc_sdr.dir/home/frohro/Classes/Digital_Design/Pico-Dev-iCE/Software/pico-ice-sdk/lib/pico-sdk/src/rp2_common/hardware_gpio/gpio.c.o
                0x100033d0                gpio_set_irq_enabled_with_callback
 .text.gpio_init
                0x100034d0       0x40 CMakeFiles/ddc_sdr.dir/home/frohro/Classes/Digital_Design/Pico-Dev-iCE/Software/pico-ice-sdk/lib/pico-sdk/src/rp2_common/hardware_gpio/gpio.c.o
                0x100034d0                gpio_init
 .text.pio_sm_unclaim
                0x10003510       0x20 CMakeFiles/ddc_sdr.dir/home/frohro/Classes/Digital_Design/Pico-Dev-iCE/Software/pico-ice-sdk/lib/pico-sdk/src/rp2_common/hardware_pio/pio.c.o
                0x10003510                pio_sm_unclaim
 .text.pio_claim_unused_sm
                0x10003530       0x38 CMakeFiles/ddc_sdr.dir/home/frohro/Classes/Digital_Design/Pico-Dev-iCE/Software/pico-ice-sdk/lib/pico-sdk/src/rp2_common/hardware_pio/pio.c.o
                0x10003530                pio_claim_unused_sm
 .text.pio_can_add_program
                0x10003568       0xa0 CMakeFiles/ddc_sdr.dir/home/frohro/Classes/Digital_Design/Pico-Dev-iCE/Software/pico-ice-sdk/lib/pico-sdk/src/rp2_common/hardware_pio/pio.c.o
                0x10003568                pio_can_add_program
 .text.pio_add_program
                0x10003608      0x104 CMakeFiles/ddc_sdr.dir/home/frohro/Classes/Digital_Design/Pico-Dev-iCE/Software/pico-ice-sdk/lib/pico-sdk/src/rp2_common/hardware_pio/pio.c.o
                0x10003608                pio_add_program
 .text.pio_remove_program
                0x1000370c       0x30 CMakeFiles/ddc_sdr.dir/home/frohro/Classes/Digital_Design/Pico-Dev-iCE/Software/pico-ice-sdk/lib/pico-sdk/src/rp2_common/hardware_pio/pio.c.o
                0x1000370c                pio_remove_program
 .text.pio_sm_set_consecutive_pindirs
                0x1000373c       0xb4 CMakeFiles/ddc_sdr.dir/home/frohro/Classes/Digital_Design/Pico-Dev-iCE/Software/pico-ice-sdk/lib/pico-sdk/src/rp2_common/hardware_pio/pio.c.o
                0x1000373c                pio_sm_set_consecutive_pindirs
 .text.pio_sm_init
                0x100037f0       0x9c CMakeFiles/ddc_sdr.dir/home/frohro/Classes/Digital_Design/Pico-Dev-iCE/Software/pico-ice-sdk/lib/pico-sdk/src/rp2_common/hardware_pio/pio.c.o
                0x100037f0                pio_sm_init
 .text.spi_init
                0x1000388c      0x140 CMakeFiles/ddc_sdr.dir/home/frohro/Classes/Digital_Design/Pico-Dev-iCE/Software/pico-ice-sdk/lib/pico-sdk/src/rp2_common/hardware_spi/spi.c.o
                0x1000388c                spi_init
 .text.spi_deinit
                0x100039cc       0x3c CMakeFiles/ddc_sdr.dir/home/frohro/Classes/Digital_Design/Pico-Dev-iCE/Software/pico-ice-sdk/lib/pico-sdk/src/rp2_common/hardware_spi/spi.c.o
                0x100039cc                spi_deinit
 .text.clock_configure_int_divider
                0x10003a08       0xf4 CMakeFiles/ddc_sdr.dir/home/frohro/Classes/Digital_Design/Pico-Dev-iCE/Software/pico-ice-sdk/lib/pico-sdk/src/rp2_common/hardware_clocks/clocks.c.o
                0x10003a08                clock_configure_int_divider
 .text.clock_configure_undivided
                0x10003afc       0xe8 CMakeFiles/ddc_sdr.dir/home/frohro/Classes/Digital_Design/Pico-Dev-iCE/Software/pico-ice-sdk/lib/pico-sdk/src/rp2_common/hardware_clocks/clocks.c.o
                0x10003afc                clock_configure_undivided
 .text.clock_get_hz
                0x10003be4        0xc CMakeFiles/ddc_sdr.dir/home/frohro/Classes/Digital_Design/Pico-Dev-iCE/Software/pico-ice-sdk/lib/pico-sdk/src/rp2_common/hardware_clocks/clocks.c.o
                0x10003be4                clock_get_hz
 .text.clock_gpio_init_int_frac16
                0x10003bf0       0x54 CMakeFiles/ddc_sdr.dir/home/frohro/Classes/Digital_Design/Pico-Dev-iCE/Software/pico-ice-sdk/lib/pico-sdk/src/rp2_common/hardware_clocks/clocks.c.o
                0x10003bf0                clock_gpio_init_int_frac16
 .text.set_sys_clock_pll
                0x10003c44      0x1b8 CMakeFiles/ddc_sdr.dir/home/frohro/Classes/Digital_Design/Pico-Dev-iCE/Software/pico-ice-sdk/lib/pico-sdk/src/rp2_common/hardware_clocks/clocks.c.o
                0x10003c44                set_sys_clock_pll
 .text.check_sys_clock_khz
                0x10003dfc      0x234 CMakeFiles/ddc_sdr.dir/home/frohro/Classes/Digital_Design/Pico-Dev-iCE/Software/pico-ice-sdk/lib/pico-sdk/src/rp2_common/hardware_clocks/clocks.c.o
                0x10003dfc                check_sys_clock_khz
 .text.pll_init
                0x10004030       0xa4 CMakeFiles/ddc_sdr.dir/home/frohro/Classes/Digital_Design/Pico-Dev-iCE/Software/pico-ice-sdk/lib/pico-sdk/src/rp2_common/hardware_pll/pll.c.o
                0x10004030                pll_init
 .text.vreg_set_voltage
                0x100040d4       0x1c CMakeFiles/ddc_sdr.dir/home/frohro/Classes/Digital_Design/Pico-Dev-iCE/Software/pico-ice-sdk/lib/pico-sdk/src/rp2_common/hardware_vreg/vreg.c.o
                0x100040d4                vreg_set_voltage
 .text.watchdog_reboot
                0x100040f0       0x9c CMakeFiles/ddc_sdr.dir/home/frohro/Classes/Digital_Design/Pico-Dev-iCE/Software/pico-ice-sdk/lib/pico-sdk/src/rp2_common/hardware_watchdog/watchdog.c.o
                0x100040f0                watchdog_reboot
 .text.tick_start
                0x1000418c       0x10 CMakeFiles/ddc_sdr.dir/home/frohro/Classes/Digital_Design/Pico-Dev-iCE/Software/pico-ice-sdk/lib/pico-sdk/src/rp2_common/hardware_ticks/ticks.c.o
                0x1000418c                tick_start
 .text.xosc_init
                0x1000419c       0x28 CMakeFiles/ddc_sdr.dir/home/frohro/Classes/Digital_Design/Pico-Dev-iCE/Software/pico-ice-sdk/lib/pico-sdk/src/rp2_common/hardware_xosc/xosc.c.o
                0x1000419c                xosc_init
 .text.dma_channel_unclaim
                0x100041c4       0x14 CMakeFiles/ddc_sdr.dir/home/frohro/Classes/Digital_Design/Pico-Dev-iCE/Software/pico-ice-sdk/lib/pico-sdk/src/rp2_common/hardware_dma/dma.c.o
                0x100041c4                dma_channel_unclaim
 .text.dma_claim_unused_channel
                0x100041d8       0x24 CMakeFiles/ddc_sdr.dir/home/frohro/Classes/Digital_Design/Pico-Dev-iCE/Software/pico-ice-sdk/lib/pico-sdk/src/rp2_common/hardware_dma/dma.c.o
                0x100041d8                dma_claim_unused_channel
 .text.first_per_core_initializer
                0x100041fc        0x4 CMakeFiles/ddc_sdr.dir/home/frohro/Classes/Digital_Design/Pico-Dev-iCE/Software/pico-ice-sdk/lib/pico-sdk/src/rp2_common/pico_runtime/runtime.c.o
 .text.hard_assertion_failure
                0x10004200        0xc CMakeFiles/ddc_sdr.dir/home/frohro/Classes/Digital_Design/Pico-Dev-iCE/Software/pico-ice-sdk/lib/pico-sdk/src/rp2_common/pico_runtime/runtime.c.o
                0x10004200                hard_assertion_failure
 .text.runtime_run_initializers
                0x1000420c       0x28 CMakeFiles/ddc_sdr.dir/home/frohro/Classes/Digital_Design/Pico-Dev-iCE/Software/pico-ice-sdk/lib/pico-sdk/src/rp2_common/pico_runtime/runtime.c.o
                0x1000420c                runtime_run_initializers
 .text.runtime_init_early_resets
                0x10004234       0x2c CMakeFiles/ddc_sdr.dir/home/frohro/Classes/Digital_Design/Pico-Dev-iCE/Software/pico-ice-sdk/lib/pico-sdk/src/rp2_common/pico_runtime_init/runtime_init.c.o
                0x10004234                runtime_init_early_resets
 .text.runtime_init_usb_power_down
                0x10004260       0x1c CMakeFiles/ddc_sdr.dir/home/frohro/Classes/Digital_Design/Pico-Dev-iCE/Software/pico-ice-sdk/lib/pico-sdk/src/rp2_common/pico_runtime_init/runtime_init.c.o
                0x10004260                runtime_init_usb_power_down
 .text.runtime_init_post_clock_resets
                0x1000427c       0x20 CMakeFiles/ddc_sdr.dir/home/frohro/Classes/Digital_Design/Pico-Dev-iCE/Software/pico-ice-sdk/lib/pico-sdk/src/rp2_common/pico_runtime_init/runtime_init.c.o
                0x1000427c                runtime_init_post_clock_resets
 .text.runtime_init_rp2040_gpio_ie_disable
                0x1000429c       0x14 CMakeFiles/ddc_sdr.dir/home/frohro/Classes/Digital_Design/Pico-Dev-iCE/Software/pico-ice-sdk/lib/pico-sdk/src/rp2_common/pico_runtime_init/runtime_init.c.o
                0x1000429c                runtime_init_rp2040_gpio_ie_disable
 .text.runtime_init_spin_locks_reset
                0x100042b0        0x8 CMakeFiles/ddc_sdr.dir/home/frohro/Classes/Digital_Design/Pico-Dev-iCE/Software/pico-ice-sdk/lib/pico-sdk/src/rp2_common/pico_runtime_init/runtime_init.c.o
                0x100042b0                runtime_init_spin_locks_reset
 .text.runtime_init_install_ram_vector_table
                0x100042b8       0xb4 CMakeFiles/ddc_sdr.dir/home/frohro/Classes/Digital_Design/Pico-Dev-iCE/Software/pico-ice-sdk/lib/pico-sdk/src/rp2_common/pico_runtime_init/runtime_init.c.o
                0x100042b8                runtime_init_install_ram_vector_table
 .text.runtime_init_clocks
                0x1000436c       0xd8 CMakeFiles/ddc_sdr.dir/home/frohro/Classes/Digital_Design/Pico-Dev-iCE/Software/pico-ice-sdk/lib/pico-sdk/src/rp2_common/pico_runtime_init/runtime_init_clocks.c.o
                0x1000436c                runtime_init_clocks
 .text          0x10004444       0x10 CMakeFiles/ddc_sdr.dir/home/frohro/Classes/Digital_Design/Pico-Dev-iCE/Software/pico-ice-sdk/lib/pico-sdk/src/rp2_common/pico_bit_ops/bit_ops_aeabi.S.o
 .text.ctzsi    0x10004454        0xc CMakeFiles/ddc_sdr.dir/home/frohro/Classes/Digital_Design/Pico-Dev-iCE/Software/pico-ice-sdk/lib/pico-sdk/src/rp2_common/pico_bit_ops/bit_ops_aeabi.S.o
                0x10004454                __wrap___ctzsi2
 .text.__wrap___aeabi_idiv
                0x10004460       0x50 CMakeFiles/ddc_sdr.dir/home/frohro/Classes/Digital_Design/Pico-Dev-iCE/Software/pico-ice-sdk/lib/pico-sdk/src/rp2_common/pico_divider/divider_hardware.S.o
                0x10004460                __wrap___aeabi_idivmod
                0x10004460                divmod_s32s32
                0x10004460                div_s32s32
                0x10004460                __wrap___aeabi_idiv
                0x10004494                divmod_s32s32_savestate
 .text.__wrap___aeabi_uidiv
                0x100044b0       0x4c CMakeFiles/ddc_sdr.dir/home/frohro/Classes/Digital_Design/Pico-Dev-iCE/Software/pico-ice-sdk/lib/pico-sdk/src/rp2_common/pico_divider/divider_hardware.S.o
                0x100044b0                __wrap___aeabi_uidiv
                0x100044b0                __wrap___aeabi_uidivmod
                0x100044b0                div_u32u32
                0x100044b0                divmod_u32u32
                0x100044e0                divmod_u32u32_savestate
 .text.__wrap___aeabi_ldiv
                0x100044fc      0x424 CMakeFiles/ddc_sdr.dir/home/frohro/Classes/Digital_Design/Pico-Dev-iCE/Software/pico-ice-sdk/lib/pico-sdk/src/rp2_common/pico_divider/divider_hardware.S.o
                0x100044fc                div_s64s64
                0x100044fc                divmod_s64s64
                0x100044fc                __wrap___aeabi_ldivmod
                0x1000452c                div_u64u64
                0x1000452c                divmod_u64u64
                0x1000452c                __wrap___aeabi_uldivmod
                0x1000453c                divmod_u64u64_savestate
                0x1000455c                divmod_s64s64_unsafe
                0x100045e4                divmod_u64u64_unsafe
 .text.__wrap___aeabi_darithmetic
                0x10004920       0x80 CMakeFiles/ddc_sdr.dir/home/frohro/Classes/Digital_Design/Pico-Dev-iCE/Software/pico-ice-sdk/lib/pico-sdk/src/rp2_common/pico_double/double_aeabi_rp2040.S.o
                0x10004920                __wrap___aeabi_drsub
                0x10004926                __wrap___aeabi_dsub
                0x10004938                __wrap___aeabi_dadd
                0x1000494a                __wrap___aeabi_ddiv
                0x10004986                __wrap___aeabi_dmul
 .text.__wrap___aeabi_cdcmple
                0x100049a0       0x6c CMakeFiles/ddc_sdr.dir/home/frohro/Classes/Digital_Design/Pico-Dev-iCE/Software/pico-ice-sdk/lib/pico-sdk/src/rp2_common/pico_double/double_aeabi_rp2040.S.o
                0x100049a0                __wrap___aeabi_cdrcmple
                0x100049b0                __wrap___aeabi_cdcmple
                0x100049b0                __wrap___aeabi_cdcmpeq
 .text.__wrap___aeabi_dcmplt
                0x10004a0c        0xc CMakeFiles/ddc_sdr.dir/home/frohro/Classes/Digital_Design/Pico-Dev-iCE/Software/pico-ice-sdk/lib/pico-sdk/src/rp2_common/pico_double/double_aeabi_rp2040.S.o
                0x10004a0c                __wrap___aeabi_dcmplt
 .text.__wrap___aeabi_dcmpge
                0x10004a18       0x10 CMakeFiles/ddc_sdr.dir/home/frohro/Classes/Digital_Design/Pico-Dev-iCE/Software/pico-ice-sdk/lib/pico-sdk/src/rp2_common/pico_double/double_aeabi_rp2040.S.o
                0x10004a18                __wrap___aeabi_dcmpge
 .text.__wrap___aeabi_dcmpgt
                0x10004a28        0xa CMakeFiles/ddc_sdr.dir/home/frohro/Classes/Digital_Design/Pico-Dev-iCE/Software/pico-ice-sdk/lib/pico-sdk/src/rp2_common/pico_double/double_aeabi_rp2040.S.o
                0x10004a28                __wrap___aeabi_dcmpgt
 .text.__wrap___aeabi_dcmpun
                0x10004a32       0x18 CMakeFiles/ddc_sdr.dir/home/frohro/Classes/Digital_Design/Pico-Dev-iCE/Software/pico-ice-sdk/lib/pico-sdk/src/rp2_common/pico_double/double_aeabi_rp2040.S.o
                0x10004a32                __wrap___aeabi_dcmpun
 *fill*         0x10004a4a        0x2 
 .text.__wrap___aeabi_i2d
                0x10004a4c       0x38 CMakeFiles/ddc_sdr.dir/home/frohro/Classes/Digital_Design/Pico-Dev-iCE/Software/pico-ice-sdk/lib/pico-sdk/src/rp2_common/pico_double/double_aeabi_rp2040.S.o
                0x10004a4c                __wrap___aeabi_ui2d
                0x10004a4c                uint2double
                0x10004a54                __wrap___aeabi_i2d
                0x10004a54                int2double
 .text.__wrap___aeabi_d2iz
                0x10004a84       0x48 CMakeFiles/ddc_sdr.dir/home/frohro/Classes/Digital_Design/Pico-Dev-iCE/Software/pico-ice-sdk/lib/pico-sdk/src/rp2_common/pico_double/double_aeabi_rp2040.S.o
                0x10004a84                __wrap___aeabi_d2iz
                0x10004a84                double2int_z
 .text.__wrap___aeabi_d2uiz
                0x10004acc       0x18 CMakeFiles/ddc_sdr.dir/home/frohro/Classes/Digital_Design/Pico-Dev-iCE/Software/pico-ice-sdk/lib/pico-sdk/src/rp2_common/pico_double/double_aeabi_rp2040.S.o
                0x10004acc                double2uint_z
                0x10004acc                double2uint
                0x10004acc                __wrap___aeabi_d2uiz
 .text.__aeabi_double_init
                0x10004ae4       0xa4 CMakeFiles/ddc_sdr.dir/home/frohro/Classes/Digital_Design/Pico-Dev-iCE/Software/pico-ice-sdk/lib/pico-sdk/src/rp2_common/pico_double/double_init_rom_rp2040.c.o
                0x10004ae4                __aeabi_double_init
 .text.double_table_shim_on_use_helper
                0x10004b88       0x2c CMakeFiles/ddc_sdr.dir/home/frohro/Classes/Digital_Design/Pico-Dev-iCE/Software/pico-ice-sdk/lib/pico-sdk/src/rp2_common/pico_double/double_v1_rom_shim_rp2040.S.o
                0x10004b88                double_table_shim_on_use_helper
 .text.__wrap___aeabi_dsub
                0x10004bb4       0x10 CMakeFiles/ddc_sdr.dir/home/frohro/Classes/Digital_Design/Pico-Dev-iCE/Software/pico-ice-sdk/lib/pico-sdk/src/rp2_common/pico_double/double_v1_rom_shim_rp2040.S.o
                0x10004bb4                drsub_shim
                0x10004bba                dsub_shim
 .text.dadd_shim
                0x10004bc4      0x15c CMakeFiles/ddc_sdr.dir/home/frohro/Classes/Digital_Design/Pico-Dev-iCE/Software/pico-ice-sdk/lib/pico-sdk/src/rp2_common/pico_double/double_v1_rom_shim_rp2040.S.o
                0x10004bc4                dadd_shim
 .text.dmul_shim
                0x10004d20      0x15c CMakeFiles/ddc_sdr.dir/home/frohro/Classes/Digital_Design/Pico-Dev-iCE/Software/pico-ice-sdk/lib/pico-sdk/src/rp2_common/pico_double/double_v1_rom_shim_rp2040.S.o
                0x10004d20                dmul_shim
 .text.ddiv_shim
                0x10004e7c      0x1b0 CMakeFiles/ddc_sdr.dir/home/frohro/Classes/Digital_Design/Pico-Dev-iCE/Software/pico-ice-sdk/lib/pico-sdk/src/rp2_common/pico_double/double_v1_rom_shim_rp2040.S.o
                0x10004e7c                ddiv_shim
 .text.double2uint_shim
                0x1000502c        0xe CMakeFiles/ddc_sdr.dir/home/frohro/Classes/Digital_Design/Pico-Dev-iCE/Software/pico-ice-sdk/lib/pico-sdk/src/rp2_common/pico_double/double_v1_rom_shim_rp2040.S.o
                0x1000502c                double2uint_shim
                0x1000502e                double2ufix_shim
 *fill*         0x1000503a        0x2 
 .text.double2uint64_shim
                0x1000503c       0x70 CMakeFiles/ddc_sdr.dir/home/frohro/Classes/Digital_Design/Pico-Dev-iCE/Software/pico-ice-sdk/lib/pico-sdk/src/rp2_common/pico_double/double_v1_rom_shim_rp2040.S.o
                0x1000503c                double2uint64_shim
                0x1000503e                double2ufix64_shim
                0x1000505e                d2fix_a
 .text.dunpacks
                0x100050ac       0x3c CMakeFiles/ddc_sdr.dir/home/frohro/Classes/Digital_Design/Pico-Dev-iCE/Software/pico-ice-sdk/lib/pico-sdk/src/rp2_common/pico_double/double_v1_rom_shim_rp2040.S.o
                0x100050ac                dunpacks
 .text.__aeabi_lmul
                0x100050e8       0x32 CMakeFiles/ddc_sdr.dir/home/frohro/Classes/Digital_Design/Pico-Dev-iCE/Software/pico-ice-sdk/lib/pico-sdk/src/rp2_common/pico_int64_ops/pico_int64_ops_aeabi.S.o
                0x100050e8                __wrap___aeabi_lmul
 *fill*         0x1000511a        0x2 
 .text.__wrap___aeabi_farithmetic
                0x1000511c       0x48 CMakeFiles/ddc_sdr.dir/home/frohro/Classes/Digital_Design/Pico-Dev-iCE/Software/pico-ice-sdk/lib/pico-sdk/src/rp2_common/pico_float/float_aeabi_rp2040.S.o
                0x1000511c                __wrap___aeabi_frsub
                0x10005122                __wrap___aeabi_fsub
                0x10005128                __wrap___aeabi_fadd
                0x1000512e                __wrap___aeabi_fdiv
                0x10005156                __wrap___aeabi_fmul
 .text.__wrap___aeabi_ui2f
                0x10005164        0xa CMakeFiles/ddc_sdr.dir/home/frohro/Classes/Digital_Design/Pico-Dev-iCE/Software/pico-ice-sdk/lib/pico-sdk/src/rp2_common/pico_float/float_aeabi_rp2040.S.o
                0x10005164                uint2float
                0x10005164                __wrap___aeabi_ui2f
 *fill*         0x1000516e        0x2 
 .text.__wrap___aeabi_i2f
                0x10005170       0x44 CMakeFiles/ddc_sdr.dir/home/frohro/Classes/Digital_Design/Pico-Dev-iCE/Software/pico-ice-sdk/lib/pico-sdk/src/rp2_common/pico_float/float_aeabi_rp2040.S.o
                0x10005170                int2float
                0x10005170                __wrap___aeabi_i2f
 .text.__wrap___aeabi_f2uiz
                0x100051b4        0xc CMakeFiles/ddc_sdr.dir/home/frohro/Classes/Digital_Design/Pico-Dev-iCE/Software/pico-ice-sdk/lib/pico-sdk/src/rp2_common/pico_float/float_aeabi_rp2040.S.o
                0x100051b4                float2uint
                0x100051b4                float2uint_z
                0x100051b4                __wrap___aeabi_f2uiz
 .text.__aeabi_float_init
                0x100051c0       0x64 CMakeFiles/ddc_sdr.dir/home/frohro/Classes/Digital_Design/Pico-Dev-iCE/Software/pico-ice-sdk/lib/pico-sdk/src/rp2_common/pico_float/float_init_rom_rp2040.c.o
                0x100051c0                __aeabi_float_init
 .text.float_table_shim_on_use_helper
                0x10005224       0x2c CMakeFiles/ddc_sdr.dir/home/frohro/Classes/Digital_Design/Pico-Dev-iCE/Software/pico-ice-sdk/lib/pico-sdk/src/rp2_common/pico_float/float_v1_rom_shim_rp2040.S.o
                0x10005224                float_table_shim_on_use_helper
 .text          0x10005250       0x10 CMakeFiles/ddc_sdr.dir/home/frohro/Classes/Digital_Design/Pico-Dev-iCE/Software/pico-ice-sdk/lib/pico-sdk/src/rp2_common/pico_mem_ops/mem_ops_aeabi.S.o
                0x10005250                __aeabi_mem_init
 .text.memset   0x10005260        0xc CMakeFiles/ddc_sdr.dir/home/frohro/Classes/Digital_Design/Pico-Dev-iCE/Software/pico-ice-sdk/lib/pico-sdk/src/rp2_common/pico_mem_ops/mem_ops_aeabi.S.o
                0x10005260                __wrap_memset
 .text.memcpy   0x1000526c        0xc CMakeFiles/ddc_sdr.dir/home/frohro/Classes/Digital_Design/Pico-Dev-iCE/Software/pico-ice-sdk/lib/pico-sdk/src/rp2_common/pico_mem_ops/mem_ops_aeabi.S.o
                0x1000526c                __wrap___aeabi_memcpy
                0x1000526c                __wrap_memcpy
 .text._out_buffer
                0x10005278        0x8 CMakeFiles/ddc_sdr.dir/home/frohro/Classes/Digital_Design/Pico-Dev-iCE/Software/pico-ice-sdk/lib/pico-sdk/src/rp2_common/pico_printf/printf.c.o
 .text._out_null
                0x10005280        0x4 CMakeFiles/ddc_sdr.dir/home/frohro/Classes/Digital_Design/Pico-Dev-iCE/Software/pico-ice-sdk/lib/pico-sdk/src/rp2_common/pico_printf/printf.c.o
 .text._out_rev
                0x10005284       0xac CMakeFiles/ddc_sdr.dir/home/frohro/Classes/Digital_Design/Pico-Dev-iCE/Software/pico-ice-sdk/lib/pico-sdk/src/rp2_common/pico_printf/printf.c.o
 .text._ntoa_format
                0x10005330      0x250 CMakeFiles/ddc_sdr.dir/home/frohro/Classes/Digital_Design/Pico-Dev-iCE/Software/pico-ice-sdk/lib/pico-sdk/src/rp2_common/pico_printf/printf.c.o
 .text._out_char
                0x10005580       0x10 CMakeFiles/ddc_sdr.dir/home/frohro/Classes/Digital_Design/Pico-Dev-iCE/Software/pico-ice-sdk/lib/pico-sdk/src/rp2_common/pico_printf/printf.c.o
 .text._etoa    0x10005590      0x464 CMakeFiles/ddc_sdr.dir/home/frohro/Classes/Digital_Design/Pico-Dev-iCE/Software/pico-ice-sdk/lib/pico-sdk/src/rp2_common/pico_printf/printf.c.o
 .text._ftoa    0x100059f4      0x3c0 CMakeFiles/ddc_sdr.dir/home/frohro/Classes/Digital_Design/Pico-Dev-iCE/Software/pico-ice-sdk/lib/pico-sdk/src/rp2_common/pico_printf/printf.c.o
 .text._vsnprintf
                0x10005db4      0xbc8 CMakeFiles/ddc_sdr.dir/home/frohro/Classes/Digital_Design/Pico-Dev-iCE/Software/pico-ice-sdk/lib/pico-sdk/src/rp2_common/pico_printf/printf.c.o
 .text.__wrap_snprintf
                0x1000697c       0x28 CMakeFiles/ddc_sdr.dir/home/frohro/Classes/Digital_Design/Pico-Dev-iCE/Software/pico-ice-sdk/lib/pico-sdk/src/rp2_common/pico_printf/printf.c.o
                0x1000697c                __wrap_snprintf
 .text.weak_raw_vprintf
                0x100069a4       0x30 CMakeFiles/ddc_sdr.dir/home/frohro/Classes/Digital_Design/Pico-Dev-iCE/Software/pico-ice-sdk/lib/pico-sdk/src/rp2_common/pico_printf/printf.c.o
                0x100069a4                weak_raw_vprintf
 .text._exit    0x100069d4        0x4 CMakeFiles/ddc_sdr.dir/home/frohro/Classes/Digital_Design/Pico-Dev-iCE/Software/pico-ice-sdk/lib/pico-sdk/src/rp2_common/pico_clib_interface/newlib_interface.c.o
                0x100069d4                _exit
 .text._fini    0x100069d8        0x4 CMakeFiles/ddc_sdr.dir/home/frohro/Classes/Digital_Design/Pico-Dev-iCE/Software/pico-ice-sdk/lib/pico-sdk/src/rp2_common/pico_clib_interface/newlib_interface.c.o
                0x100069d8                _fini
 .text.exit     0x100069dc        0x8 CMakeFiles/ddc_sdr.dir/home/frohro/Classes/Digital_Design/Pico-Dev-iCE/Software/pico-ice-sdk/lib/pico-sdk/src/rp2_common/pico_clib_interface/newlib_interface.c.o
                0x100069dc                exit
 .text.runtime_init
                0x100069e4       0x2c CMakeFiles/ddc_sdr.dir/home/frohro/Classes/Digital_Design/Pico-Dev-iCE/Software/pico-ice-sdk/lib/pico-sdk/src/rp2_common/pico_clib_interface/newlib_interface.c.o
                0x100069e4                runtime_init
 .text.stdio_out_chars_no_crlf
                0x10006a10       0x10 CMakeFiles/ddc_sdr.dir/home/frohro/Classes/Digital_Design/Pico-Dev-iCE/Software/pico-ice-sdk/lib/pico-sdk/src/rp2_common/pico_stdio/stdio.c.o
 .text.stdio_out_chars_crlf
                0x10006a20       0x94 CMakeFiles/ddc_sdr.dir/home/frohro/Classes/Digital_Design/Pico-Dev-iCE/Software/pico-ice-sdk/lib/pico-sdk/src/rp2_common/pico_stdio/stdio.c.o
 .text.stdio_put_string
                0x10006ab4      0x100 CMakeFiles/ddc_sdr.dir/home/frohro/Classes/Digital_Design/Pico-Dev-iCE/Software/pico-ice-sdk/lib/pico-sdk/src/rp2_common/pico_stdio/stdio.c.o
                0x10006ab4                stdio_put_string
 .text.__wrap_putchar
                0x10006bb4       0x98 CMakeFiles/ddc_sdr.dir/home/frohro/Classes/Digital_Design/Pico-Dev-iCE/Software/pico-ice-sdk/lib/pico-sdk/src/rp2_common/pico_stdio/stdio.c.o
                0x10006bb4                stdio_putchar
                0x10006bb4                __wrap_putchar
 .text.__wrap_puts
                0x10006c4c       0x3c CMakeFiles/ddc_sdr.dir/home/frohro/Classes/Digital_Design/Pico-Dev-iCE/Software/pico-ice-sdk/lib/pico-sdk/src/rp2_common/pico_stdio/stdio.c.o
                0x10006c4c                __wrap_puts
                0x10006c4c                stdio_puts
 .text.runtime_init_per_core_tls_setup
                0x10006c88        0xc CMakeFiles/ddc_sdr.dir/home/frohro/Classes/Digital_Design/Pico-Dev-iCE/Software/pico-ice-sdk/lib/pico-sdk/src/rp2_common/pico_thread_local/thread_local.c.o
                0x10006c88                runtime_init_per_core_tls_setup
 .text.ice_usb_set_dfu_callbacks
                0x10006c94       0x14 CMakeFiles/ddc_sdr.dir/home/frohro/Classes/Digital_Design/Pico-Dev-iCE/Software/pico-ice-sdk/src/ice_usb.c.o
                0x10006c94                ice_usb_set_dfu_callbacks
 .text.tud_descriptor_device_cb
                0x10006ca8        0x8 CMakeFiles/ddc_sdr.dir/home/frohro/Classes/Digital_Design/Pico-Dev-iCE/Software/pico-ice-sdk/src/ice_usb.c.o
                0x10006ca8                tud_descriptor_device_cb
 .text.tud_descriptor_configuration_cb
                0x10006cb0        0x8 CMakeFiles/ddc_sdr.dir/home/frohro/Classes/Digital_Design/Pico-Dev-iCE/Software/pico-ice-sdk/src/ice_usb.c.o
                0x10006cb0                tud_descriptor_configuration_cb
 .text.tud_descriptor_string_cb
                0x10006cb8       0x84 CMakeFiles/ddc_sdr.dir/home/frohro/Classes/Digital_Design/Pico-Dev-iCE/Software/pico-ice-sdk/src/ice_usb.c.o
                0x10006cb8                tud_descriptor_string_cb
 .text.tud_dfu_get_timeout_cb
                0x10006d3c        0x4 CMakeFiles/ddc_sdr.dir/home/frohro/Classes/Digital_Design/Pico-Dev-iCE/Software/pico-ice-sdk/src/ice_usb.c.o
                0x10006d3c                tud_dfu_get_timeout_cb
 .text.tud_dfu_download_cb
                0x10006d40       0xf8 CMakeFiles/ddc_sdr.dir/home/frohro/Classes/Digital_Design/Pico-Dev-iCE/Software/pico-ice-sdk/src/ice_usb.c.o
                0x10006d40                tud_dfu_download_cb
 .text.tud_dfu_manifest_cb
                0x10006e38       0x64 CMakeFiles/ddc_sdr.dir/home/frohro/Classes/Digital_Design/Pico-Dev-iCE/Software/pico-ice-sdk/src/ice_usb.c.o
                0x10006e38                tud_dfu_manifest_cb
 .text.tud_dfu_abort_cb
                0x10006e9c       0x44 CMakeFiles/ddc_sdr.dir/home/frohro/Classes/Digital_Design/Pico-Dev-iCE/Software/pico-ice-sdk/src/ice_usb.c.o
                0x10006e9c                tud_dfu_abort_cb
 .text.tud_dfu_detach_cb
                0x10006ee0       0x10 CMakeFiles/ddc_sdr.dir/home/frohro/Classes/Digital_Design/Pico-Dev-iCE/Software/pico-ice-sdk/src/ice_usb.c.o
                0x10006ee0                tud_dfu_detach_cb
 .text.ice_usb_init
                0x10006ef0       0x2c CMakeFiles/ddc_sdr.dir/home/frohro/Classes/Digital_Design/Pico-Dev-iCE/Software/pico-ice-sdk/src/ice_usb.c.o
                0x10006ef0                ice_usb_init
 .text.startup._retrieve_unique_id_on_boot
                0x10006f1c       0x10 CMakeFiles/ddc_sdr.dir/home/frohro/Classes/Digital_Design/Pico-Dev-iCE/Software/pico-ice-sdk/lib/pico-sdk/src/rp2_common/pico_unique_id/unique_id.c.o
 .text.pico_get_unique_board_id_string
                0x10006f2c      0x1a8 CMakeFiles/ddc_sdr.dir/home/frohro/Classes/Digital_Design/Pico-Dev-iCE/Software/pico-ice-sdk/lib/pico-sdk/src/rp2_common/pico_unique_id/unique_id.c.o
                0x10006f2c                pico_get_unique_board_id_string
 .text.dcd_init
                0x100070d4       0x7c CMakeFiles/ddc_sdr.dir/home/frohro/tinyusb/src/portable/raspberrypi/rp2040/dcd_rp2040.c.o
                0x100070d4                dcd_init
 .text.dcd_int_enable
                0x10007150        0xc CMakeFiles/ddc_sdr.dir/home/frohro/tinyusb/src/portable/raspberrypi/rp2040/dcd_rp2040.c.o
                0x10007150                dcd_int_enable
 .text.dcd_set_address
                0x1000715c       0x20 CMakeFiles/ddc_sdr.dir/home/frohro/tinyusb/src/portable/raspberrypi/rp2040/dcd_rp2040.c.o
                0x1000715c                dcd_set_address
 .text.dcd_sof_enable
                0x1000717c       0x1c CMakeFiles/ddc_sdr.dir/home/frohro/tinyusb/src/portable/raspberrypi/rp2040/dcd_rp2040.c.o
                0x1000717c                dcd_sof_enable
 .text.dcd_edpt0_status_complete
                0x10007198       0x1c CMakeFiles/ddc_sdr.dir/home/frohro/tinyusb/src/portable/raspberrypi/rp2040/dcd_rp2040.c.o
                0x10007198                dcd_edpt0_status_complete
 .text.dcd_edpt_open
                0x100071b4      0x11c CMakeFiles/ddc_sdr.dir/home/frohro/tinyusb/src/portable/raspberrypi/rp2040/dcd_rp2040.c.o
                0x100071b4                dcd_edpt_open
 .text.dcd_edpt_iso_alloc
                0x100072d0       0xd4 CMakeFiles/ddc_sdr.dir/home/frohro/tinyusb/src/portable/raspberrypi/rp2040/dcd_rp2040.c.o
                0x100072d0                dcd_edpt_iso_alloc
 .text.dcd_edpt_iso_activate
                0x100073a4      0x128 CMakeFiles/ddc_sdr.dir/home/frohro/tinyusb/src/portable/raspberrypi/rp2040/dcd_rp2040.c.o
                0x100073a4                dcd_edpt_iso_activate
 .text.dcd_edpt_close_all
                0x100074cc        0x8 CMakeFiles/ddc_sdr.dir/home/frohro/tinyusb/src/portable/raspberrypi/rp2040/dcd_rp2040.c.o
                0x100074cc                dcd_edpt_close_all
 .text.dcd_edpt_xfer
                0x100074d4       0x70 CMakeFiles/ddc_sdr.dir/home/frohro/tinyusb/src/portable/raspberrypi/rp2040/dcd_rp2040.c.o
                0x100074d4                dcd_edpt_xfer
 .text.dcd_edpt_stall
                0x10007544       0xcc CMakeFiles/ddc_sdr.dir/home/frohro/tinyusb/src/portable/raspberrypi/rp2040/dcd_rp2040.c.o
                0x10007544                dcd_edpt_stall
 .text.dcd_edpt_clear_stall
                0x10007610       0x4c CMakeFiles/ddc_sdr.dir/home/frohro/tinyusb/src/portable/raspberrypi/rp2040/dcd_rp2040.c.o
                0x10007610                dcd_edpt_clear_stall
 .text.rp2usb_init
                0x1000765c       0x58 CMakeFiles/ddc_sdr.dir/home/frohro/tinyusb/src/portable/raspberrypi/rp2040/rp2040_usb.c.o
                0x1000765c                rp2usb_init
 .text.rp2usb_xfer_start
                0x100076b4       0xe8 CMakeFiles/ddc_sdr.dir/home/frohro/tinyusb/src/portable/raspberrypi/rp2040/rp2040_usb.c.o
                0x100076b4                rp2usb_xfer_start
 .text.tud_vendor_control_xfer_cb
                0x1000779c        0x4 CMakeFiles/ddc_sdr.dir/home/frohro/tinyusb/src/device/usbd.c.o
                0x1000779c                tud_vendor_control_xfer_cb
 .text.configuration_reset
                0x100077a0       0x90 CMakeFiles/ddc_sdr.dir/home/frohro/tinyusb/src/device/usbd.c.o
 .text.tud_event_hook_cb
                0x10007830        0x4 CMakeFiles/ddc_sdr.dir/home/frohro/tinyusb/src/device/usbd.c.o
                0x10007830                tud_event_hook_cb
 .text.tud_sof_cb
                0x10007834        0x4 CMakeFiles/ddc_sdr.dir/home/frohro/tinyusb/src/device/usbd.c.o
                0x10007834                tud_sof_cb
 .text.tud_descriptor_bos_cb
                0x10007838        0x4 CMakeFiles/ddc_sdr.dir/home/frohro/tinyusb/src/device/usbd.c.o
                0x10007838                tud_descriptor_bos_cb
 .text.tud_descriptor_device_qualifier_cb
                0x1000783c        0x4 CMakeFiles/ddc_sdr.dir/home/frohro/tinyusb/src/device/usbd.c.o
                0x1000783c                tud_descriptor_device_qualifier_cb
 .text.tud_descriptor_other_speed_configuration_cb
                0x10007840        0x4 CMakeFiles/ddc_sdr.dir/home/frohro/tinyusb/src/device/usbd.c.o
                0x10007840                tud_descriptor_other_speed_configuration_cb
 .text.tud_mount_cb
                0x10007844        0x4 CMakeFiles/ddc_sdr.dir/home/frohro/tinyusb/src/device/usbd.c.o
                0x10007844                tud_mount_cb
 .text.tud_umount_cb
                0x10007848        0x4 CMakeFiles/ddc_sdr.dir/home/frohro/tinyusb/src/device/usbd.c.o
                0x10007848                tud_umount_cb
 .text.tud_suspend_cb
                0x1000784c        0x4 CMakeFiles/ddc_sdr.dir/home/frohro/tinyusb/src/device/usbd.c.o
                0x1000784c                tud_suspend_cb
 .text.tud_resume_cb
                0x10007850        0x4 CMakeFiles/ddc_sdr.dir/home/frohro/tinyusb/src/device/usbd.c.o
                0x10007850                tud_resume_cb
 .text.usbd_app_driver_get_cb
                0x10007854        0x8 CMakeFiles/ddc_sdr.dir/home/frohro/tinyusb/src/device/usbd.c.o
                0x10007854                usbd_app_driver_get_cb
 .text.tud_speed_get
                0x1000785c        0xc CMakeFiles/ddc_sdr.dir/home/frohro/tinyusb/src/device/usbd.c.o
                0x1000785c                tud_speed_get
 .text.tud_mounted
                0x10007868       0x10 CMakeFiles/ddc_sdr.dir/home/frohro/tinyusb/src/device/usbd.c.o
                0x10007868                tud_mounted
 .text.tud_suspended
                0x10007878       0x10 CMakeFiles/ddc_sdr.dir/home/frohro/tinyusb/src/device/usbd.c.o
                0x10007878                tud_suspended
 .text.tud_rhport_init
                0x10007888      0x108 CMakeFiles/ddc_sdr.dir/home/frohro/tinyusb/src/device/usbd.c.o
                0x10007888                tud_rhport_init
 .text.usbd_get_ctrl_buf
                0x10007990        0x8 CMakeFiles/ddc_sdr.dir/home/frohro/tinyusb/src/device/usbd.c.o
                0x10007990                usbd_get_ctrl_buf
 .text.tud_control_status
                0x10007998       0x60 CMakeFiles/ddc_sdr.dir/home/frohro/tinyusb/src/device/usbd.c.o
                0x10007998                tud_control_status
 .text.tud_control_xfer
                0x100079f8       0xf8 CMakeFiles/ddc_sdr.dir/home/frohro/tinyusb/src/device/usbd.c.o
                0x100079f8                tud_control_xfer
 .text.usbd_edpt_open
                0x10007af0       0x20 CMakeFiles/ddc_sdr.dir/home/frohro/tinyusb/src/device/usbd.c.o
                0x10007af0                usbd_edpt_open
 .text.usbd_edpt_claim
                0x10007b10       0x28 CMakeFiles/ddc_sdr.dir/home/frohro/tinyusb/src/device/usbd.c.o
                0x10007b10                usbd_edpt_claim
 .text.usbd_edpt_release
                0x10007b38       0x28 CMakeFiles/ddc_sdr.dir/home/frohro/tinyusb/src/device/usbd.c.o
                0x10007b38                usbd_edpt_release
 .text.usbd_edpt_xfer
                0x10007b60       0x50 CMakeFiles/ddc_sdr.dir/home/frohro/tinyusb/src/device/usbd.c.o
                0x10007b60                usbd_edpt_xfer
 .text.usbd_edpt_xfer_fifo
                0x10007bb0        0x4 CMakeFiles/ddc_sdr.dir/home/frohro/tinyusb/src/device/usbd.c.o
                0x10007bb0                usbd_edpt_xfer_fifo
 .text.usbd_edpt_clear_stall
                0x10007bb4       0x30 CMakeFiles/ddc_sdr.dir/home/frohro/tinyusb/src/device/usbd.c.o
                0x10007bb4                usbd_edpt_clear_stall
 .text.tud_task_ext
                0x10007be4      0x7d4 CMakeFiles/ddc_sdr.dir/home/frohro/tinyusb/src/device/usbd.c.o
                0x10007be4                tud_task_ext
 .text.usbd_edpt_iso_alloc
                0x100083b8       0x10 CMakeFiles/ddc_sdr.dir/home/frohro/tinyusb/src/device/usbd.c.o
                0x100083b8                usbd_edpt_iso_alloc
 .text.usbd_edpt_iso_activate
                0x100083c8       0x38 CMakeFiles/ddc_sdr.dir/home/frohro/tinyusb/src/device/usbd.c.o
                0x100083c8                usbd_edpt_iso_activate
 .text.audiod_calc_tx_packet_sz.isra.0
                0x10008400       0xd0 CMakeFiles/ddc_sdr.dir/home/frohro/tinyusb/src/class/audio/audio_device.c.o
 .text.tud_audio_tx_done_isr
                0x100084d0        0x4 CMakeFiles/ddc_sdr.dir/home/frohro/tinyusb/src/class/audio/audio_device.c.o
                0x100084d0                tud_audio_tx_done_isr
 .text.tud_audio_set_req_itf_cb
                0x100084d4        0x4 CMakeFiles/ddc_sdr.dir/home/frohro/tinyusb/src/class/audio/audio_device.c.o
                0x100084d4                tud_audio_set_req_itf_cb
 .text.tud_audio_get_req_itf_cb
                0x100084d8        0x4 CMakeFiles/ddc_sdr.dir/home/frohro/tinyusb/src/class/audio/audio_device.c.o
                0x100084d8                tud_audio_get_req_itf_cb
 .text.tud_audio_n_mounted
                0x100084dc       0x14 CMakeFiles/ddc_sdr.dir/home/frohro/tinyusb/src/class/audio/audio_device.c.o
                0x100084dc                tud_audio_n_mounted
 .text.tud_audio_n_write
                0x100084f0       0x20 CMakeFiles/ddc_sdr.dir/home/frohro/tinyusb/src/class/audio/audio_device.c.o
                0x100084f0                tud_audio_n_write
 .text.tud_audio_n_get_ep_in_ff
                0x10008510       0x1c CMakeFiles/ddc_sdr.dir/home/frohro/tinyusb/src/class/audio/audio_device.c.o
                0x10008510                tud_audio_n_get_ep_in_ff
 .text.audiod_init
                0x1000852c       0x34 CMakeFiles/ddc_sdr.dir/home/frohro/tinyusb/src/class/audio/audio_device.c.o
                0x1000852c                audiod_init
 .text.audiod_deinit
                0x10008560        0x4 CMakeFiles/ddc_sdr.dir/home/frohro/tinyusb/src/class/audio/audio_device.c.o
                0x10008560                audiod_deinit
 .text.audiod_reset
                0x10008564       0x1c CMakeFiles/ddc_sdr.dir/home/frohro/tinyusb/src/class/audio/audio_device.c.o
                0x10008564                audiod_reset
 .text.audiod_open
                0x10008580      0x1ec CMakeFiles/ddc_sdr.dir/home/frohro/tinyusb/src/class/audio/audio_device.c.o
                0x10008580                audiod_open
 .text.audiod_control_xfer_cb
                0x1000876c      0x514 CMakeFiles/ddc_sdr.dir/home/frohro/tinyusb/src/class/audio/audio_device.c.o
                0x1000876c                audiod_control_xfer_cb
 .text.audiod_xfer_cb
                0x10008c80        0x4 CMakeFiles/ddc_sdr.dir/home/frohro/tinyusb/src/class/audio/audio_device.c.o
                0x10008c80                audiod_xfer_cb
 .text.audiod_xfer_isr
                0x10008c84      0x13c CMakeFiles/ddc_sdr.dir/home/frohro/tinyusb/src/class/audio/audio_device.c.o
                0x10008c84                audiod_xfer_isr
 .text.tud_audio_buffer_and_schedule_control_xfer
                0x10008dc0      0x158 CMakeFiles/ddc_sdr.dir/home/frohro/tinyusb/src/class/audio/audio_device.c.o
                0x10008dc0                tud_audio_buffer_and_schedule_control_xfer
 .text.tud_cdc_rx_wanted_cb
                0x10008f18        0x4 CMakeFiles/ddc_sdr.dir/home/frohro/tinyusb/src/class/cdc/cdc_device.c.o
                0x10008f18                tud_cdc_rx_wanted_cb
 .text.tud_cdc_tx_complete_cb
                0x10008f1c        0x4 CMakeFiles/ddc_sdr.dir/home/frohro/tinyusb/src/class/cdc/cdc_device.c.o
                0x10008f1c                tud_cdc_tx_complete_cb
 .text.tud_cdc_notify_complete_cb
                0x10008f20        0x4 CMakeFiles/ddc_sdr.dir/home/frohro/tinyusb/src/class/cdc/cdc_device.c.o
                0x10008f20                tud_cdc_notify_complete_cb
 .text.tud_cdc_line_coding_cb
                0x10008f24        0x4 CMakeFiles/ddc_sdr.dir/home/frohro/tinyusb/src/class/cdc/cdc_device.c.o
                0x10008f24                tud_cdc_line_coding_cb
 .text.tud_cdc_send_break_cb
                0x10008f28        0x4 CMakeFiles/ddc_sdr.dir/home/frohro/tinyusb/src/class/cdc/cdc_device.c.o
                0x10008f28                tud_cdc_send_break_cb
 .text.tud_cdc_n_connected
                0x10008f2c       0x2c CMakeFiles/ddc_sdr.dir/home/frohro/tinyusb/src/class/cdc/cdc_device.c.o
                0x10008f2c                tud_cdc_n_connected
 .text.tud_cdc_n_available
                0x10008f58       0x40 CMakeFiles/ddc_sdr.dir/home/frohro/tinyusb/src/class/cdc/cdc_device.c.o
                0x10008f58                tud_cdc_n_available
 .text.tud_cdc_n_read
                0x10008f98       0x18 CMakeFiles/ddc_sdr.dir/home/frohro/tinyusb/src/class/cdc/cdc_device.c.o
                0x10008f98                tud_cdc_n_read
 .text.tud_cdc_n_write
                0x10008fb0       0x18 CMakeFiles/ddc_sdr.dir/home/frohro/tinyusb/src/class/cdc/cdc_device.c.o
                0x10008fb0                tud_cdc_n_write
 .text.tud_cdc_n_write_flush
                0x10008fc8       0x18 CMakeFiles/ddc_sdr.dir/home/frohro/tinyusb/src/class/cdc/cdc_device.c.o
                0x10008fc8                tud_cdc_n_write_flush
 .text.cdcd_init
                0x10008fe0       0x68 CMakeFiles/ddc_sdr.dir/home/frohro/tinyusb/src/class/cdc/cdc_device.c.o
                0x10008fe0                cdcd_init
 .text.cdcd_deinit
                0x10009048        0x4 CMakeFiles/ddc_sdr.dir/home/frohro/tinyusb/src/class/cdc/cdc_device.c.o
                0x10009048                cdcd_deinit
 .text.cdcd_reset
                0x1000904c       0x20 CMakeFiles/ddc_sdr.dir/home/frohro/tinyusb/src/class/cdc/cdc_device.c.o
                0x1000904c                cdcd_reset
 .text.cdcd_open
                0x1000906c      0x154 CMakeFiles/ddc_sdr.dir/home/frohro/tinyusb/src/class/cdc/cdc_device.c.o
                0x1000906c                cdcd_open
 .text.cdcd_control_xfer_cb
                0x100091c0       0xc8 CMakeFiles/ddc_sdr.dir/home/frohro/tinyusb/src/class/cdc/cdc_device.c.o
                0x100091c0                cdcd_control_xfer_cb
 .text.cdcd_xfer_cb
                0x10009288      0x120 CMakeFiles/ddc_sdr.dir/home/frohro/tinyusb/src/class/cdc/cdc_device.c.o
                0x10009288                cdcd_xfer_cb
 .text.tud_dfu_upload_cb
                0x100093a8        0x4 CMakeFiles/ddc_sdr.dir/home/frohro/tinyusb/src/class/dfu/dfu_device.c.o
                0x100093a8                tud_dfu_upload_cb
 .text.dfu_moded_reset
                0x100093ac       0x14 CMakeFiles/ddc_sdr.dir/home/frohro/tinyusb/src/class/dfu/dfu_device.c.o
                0x100093ac                dfu_moded_reset
 .text.dfu_moded_init
                0x100093c0       0x14 CMakeFiles/ddc_sdr.dir/home/frohro/tinyusb/src/class/dfu/dfu_device.c.o
                0x100093c0                dfu_moded_init
 .text.dfu_moded_deinit
                0x100093d4        0x4 CMakeFiles/ddc_sdr.dir/home/frohro/tinyusb/src/class/dfu/dfu_device.c.o
                0x100093d4                dfu_moded_deinit
 .text.dfu_moded_open
                0x100093d8       0x58 CMakeFiles/ddc_sdr.dir/home/frohro/tinyusb/src/class/dfu/dfu_device.c.o
                0x100093d8                dfu_moded_open
 .text.dfu_moded_control_xfer_cb
                0x10009430      0x254 CMakeFiles/ddc_sdr.dir/home/frohro/tinyusb/src/class/dfu/dfu_device.c.o
                0x10009430                dfu_moded_control_xfer_cb
 .text.tud_dfu_finish_flashing
                0x10009684       0x38 CMakeFiles/ddc_sdr.dir/home/frohro/tinyusb/src/class/dfu/dfu_device.c.o
                0x10009684                tud_dfu_finish_flashing
 .text.tusb_rhport_init
                0x100096bc       0x48 CMakeFiles/ddc_sdr.dir/home/frohro/tinyusb/src/tusb.c.o
                0x100096bc                tusb_rhport_init
 .text.tu_edpt_claim
                0x10009704       0x3c CMakeFiles/ddc_sdr.dir/home/frohro/tinyusb/src/tusb.c.o
                0x10009704                tu_edpt_claim
 .text.tu_edpt_release
                0x10009740       0x34 CMakeFiles/ddc_sdr.dir/home/frohro/tinyusb/src/tusb.c.o
                0x10009740                tu_edpt_release
 .text.tu_bind_driver_to_ep_itf
                0x10009774       0x68 CMakeFiles/ddc_sdr.dir/home/frohro/tinyusb/src/tusb.c.o
                0x10009774                tu_bind_driver_to_ep_itf
 .text.tu_edpt_stream_init
                0x100097dc       0x44 CMakeFiles/ddc_sdr.dir/home/frohro/tinyusb/src/tusb.c.o
                0x100097dc                tu_edpt_stream_init
 .text.tu_edpt_stream_write_zlp_if_needed
                0x10009820       0x60 CMakeFiles/ddc_sdr.dir/home/frohro/tinyusb/src/tusb.c.o
                0x10009820                tu_edpt_stream_write_zlp_if_needed
 .text.tu_edpt_stream_write_xfer
                0x10009880       0xc8 CMakeFiles/ddc_sdr.dir/home/frohro/tinyusb/src/tusb.c.o
                0x10009880                tu_edpt_stream_write_xfer
 .text.tu_edpt_stream_write
                0x10009948      0x104 CMakeFiles/ddc_sdr.dir/home/frohro/tinyusb/src/tusb.c.o
                0x10009948                tu_edpt_stream_write
 .text.tu_edpt_stream_read_xfer
                0x10009a4c       0xd4 CMakeFiles/ddc_sdr.dir/home/frohro/tinyusb/src/tusb.c.o
                0x10009a4c                tu_edpt_stream_read_xfer
 .text.tu_edpt_stream_read
                0x10009b20       0xd8 CMakeFiles/ddc_sdr.dir/home/frohro/tinyusb/src/tusb.c.o
                0x10009b20                tu_edpt_stream_read
 .text.tu_fifo_config
                0x10009bf8       0x58 CMakeFiles/ddc_sdr.dir/home/frohro/tinyusb/src/common/tusb_fifo.c.o
                0x10009bf8                tu_fifo_config
 .text.tu_fifo_clear
                0x10009c50       0x3c CMakeFiles/ddc_sdr.dir/home/frohro/tinyusb/src/common/tusb_fifo.c.o
                0x10009c50                tu_fifo_clear
 .text.tu_fifo_set_overwritable
                0x10009c8c       0x40 CMakeFiles/ddc_sdr.dir/home/frohro/tinyusb/src/common/tusb_fifo.c.o
                0x10009c8c                tu_fifo_set_overwritable
 .text.tu_fifo_read_n_access_mode
                0x10009ccc       0xd0 CMakeFiles/ddc_sdr.dir/home/frohro/tinyusb/src/common/tusb_fifo.c.o
                0x10009ccc                tu_fifo_read_n_access_mode
 .text.tu_fifo_write_n_access_mode
                0x10009d9c      0x150 CMakeFiles/ddc_sdr.dir/home/frohro/tinyusb/src/common/tusb_fifo.c.o
                0x10009d9c                tu_fifo_write_n_access_mode
 .text.tu_fifo_get_read_info
                0x10009eec       0xc4 CMakeFiles/ddc_sdr.dir/home/frohro/tinyusb/src/common/tusb_fifo.c.o
                0x10009eec                tu_fifo_get_read_info
 .text.board_init
                0x10009fb0        0x4 CMakeFiles/ddc_sdr.dir/home/frohro/tinyusb/hw/bsp/rp2040/family.c.o
                0x10009fb0                board_init
 .text          0x10009fb4      0x17c /usr/lib/gcc/arm-none-eabi/13.2.1/../../../arm-none-eabi/lib/thumb/v6-m/nofp/libg.a(libc_a-strtoul.o)
                0x1000a0f8                _strtoul_r
                0x1000a100                strtoul_l
                0x1000a118                strtoul
 .text          0x1000a130       0x5c /usr/lib/gcc/arm-none-eabi/13.2.1/../../../arm-none-eabi/lib/thumb/v6-m/nofp/libg.a(libc_a-strlen-stub.o)
                0x1000a130                strlen
 *fill*         0x1000a18c        0x4 
 .text.__stub   0x1000a190       0xc0 linker stubs
 *(.fini)
 *crtbegin.o(.ctors)
 *crtbegin?.o(.ctors)
 *(EXCLUDE_FILE(*crtend.o *crtend?.o) .ctors)
 *(SORT_BY_NAME(.ctors.*))
 *(.ctors)
 *crtbegin.o(.dtors)
 *crtbegin?.o(.dtors)
 *(EXCLUDE_FILE(*crtend.o *crtend?.o) .dtors)
 *(SORT_BY_NAME(.dtors.*))
 *(.dtors)
                0x1000a250                        . = ALIGN (0x4)
                [!provide]                        PROVIDE (__bothinit_array_start = .)
                0x1000a250                        PROVIDE (__preinit_array_start = .)
 *(SORT_BY_NAME(.preinit_array.*))
 .preinit_array.00100
                0x1000a250        0x4 CMakeFiles/ddc_sdr.dir/home/frohro/Classes/Digital_Design/Pico-Dev-iCE/Software/pico-ice-sdk/lib/pico-sdk/src/rp2_common/pico_runtime_init/runtime_init.c.o
                0x1000a250                __pre_init_runtime_init_early_resets
 .preinit_array.00101
                0x1000a254        0x4 CMakeFiles/ddc_sdr.dir/home/frohro/Classes/Digital_Design/Pico-Dev-iCE/Software/pico-ice-sdk/lib/pico-sdk/src/rp2_common/pico_runtime_init/runtime_init.c.o
                0x1000a254                __pre_init_runtime_init_usb_power_down
 .preinit_array.00275
                0x1000a258        0x4 CMakeFiles/ddc_sdr.dir/home/frohro/Classes/Digital_Design/Pico-Dev-iCE/Software/pico-ice-sdk/lib/pico-sdk/src/rp2_common/pico_bit_ops/bit_ops_aeabi.S.o
 .preinit_array.00300
                0x1000a25c        0x4 CMakeFiles/ddc_sdr.dir/home/frohro/Classes/Digital_Design/Pico-Dev-iCE/Software/pico-ice-sdk/lib/pico-sdk/src/rp2_common/pico_mem_ops/mem_ops_aeabi.S.o
 .preinit_array.00350
                0x1000a260        0x4 CMakeFiles/ddc_sdr.dir/home/frohro/Classes/Digital_Design/Pico-Dev-iCE/Software/pico-ice-sdk/lib/pico-sdk/src/rp2_common/pico_double/double_aeabi_rp2040.S.o
 .preinit_array.00350
                0x1000a264        0x4 CMakeFiles/ddc_sdr.dir/home/frohro/Classes/Digital_Design/Pico-Dev-iCE/Software/pico-ice-sdk/lib/pico-sdk/src/rp2_common/pico_float/float_aeabi_rp2040.S.o
 .preinit_array.00500
                0x1000a268        0x4 CMakeFiles/ddc_sdr.dir/home/frohro/Classes/Digital_Design/Pico-Dev-iCE/Software/pico-ice-sdk/lib/pico-sdk/src/rp2_common/pico_runtime_init/runtime_init.c.o
                0x1000a268                __pre_init_runtime_init_clocks
 .preinit_array.00600
                0x1000a26c        0x4 CMakeFiles/ddc_sdr.dir/home/frohro/Classes/Digital_Design/Pico-Dev-iCE/Software/pico-ice-sdk/lib/pico-sdk/src/rp2_common/pico_runtime_init/runtime_init.c.o
                0x1000a26c                __pre_init_runtime_init_post_clock_resets
 .preinit_array.00700
                0x1000a270        0x4 CMakeFiles/ddc_sdr.dir/home/frohro/Classes/Digital_Design/Pico-Dev-iCE/Software/pico-ice-sdk/lib/pico-sdk/src/rp2_common/pico_runtime_init/runtime_init.c.o
                0x1000a270                __pre_init_runtime_init_rp2040_gpio_ie_disable
 .preinit_array.01000
                0x1000a274        0x4 CMakeFiles/ddc_sdr.dir/home/frohro/Classes/Digital_Design/Pico-Dev-iCE/Software/pico-ice-sdk/lib/pico-sdk/src/rp2_common/pico_runtime_init/runtime_init.c.o
                0x1000a274                __pre_init_runtime_init_spin_locks_reset
 .preinit_array.01100
                0x1000a278        0x4 CMakeFiles/ddc_sdr.dir/home/frohro/Classes/Digital_Design/Pico-Dev-iCE/Software/pico-ice-sdk/lib/pico-sdk/src/common/pico_sync/mutex.c.o
                0x1000a278                __pre_init_runtime_init_mutex
 .preinit_array.10080
                0x1000a27c        0x4 CMakeFiles/ddc_sdr.dir/home/frohro/Classes/Digital_Design/Pico-Dev-iCE/Software/pico-ice-sdk/lib/pico-sdk/src/rp2_common/pico_runtime_init/runtime_init.c.o
                0x1000a27c                __pre_init_runtime_init_install_ram_vector_table
 .preinit_array.11000
                0x1000a280        0x4 CMakeFiles/ddc_sdr.dir/home/frohro/Classes/Digital_Design/Pico-Dev-iCE/Software/pico-ice-sdk/lib/pico-sdk/src/common/pico_time/time.c.o
                0x1000a280                __pre_init_runtime_init_default_alarm_pool
 .preinit_array.YYYYY
                0x1000a284        0x4 CMakeFiles/ddc_sdr.dir/home/frohro/Classes/Digital_Design/Pico-Dev-iCE/Software/pico-ice-sdk/lib/pico-sdk/src/rp2_common/pico_runtime/runtime.c.o
                0x1000a284                __pre_init_first_per_core_initializer
 .preinit_array.ZZZZZ.01200
                0x1000a288        0x4 CMakeFiles/ddc_sdr.dir/home/frohro/Classes/Digital_Design/Pico-Dev-iCE/Software/pico-ice-sdk/lib/pico-sdk/src/rp2_common/hardware_irq/irq.c.o
                0x1000a288                __pre_init_runtime_init_per_core_irq_priorities
 .preinit_array.ZZZZZ.10060
                0x1000a28c        0x4 CMakeFiles/ddc_sdr.dir/home/frohro/Classes/Digital_Design/Pico-Dev-iCE/Software/pico-ice-sdk/lib/pico-sdk/src/rp2_common/pico_thread_local/thread_local.c.o
                0x1000a28c                __pre_init_runtime_init_per_core_tls_setup
 *(.preinit_array)
                0x1000a290                        PROVIDE (__preinit_array_end = .)
                0x1000a290                        . = ALIGN (0x4)
                0x1000a290                        PROVIDE (__init_array_start = .)
 *(SORT_BY_NAME(.init_array.*))
 .init_array.01000
                0x1000a290        0x4 CMakeFiles/ddc_sdr.dir/home/frohro/Classes/Digital_Design/Pico-Dev-iCE/Software/pico-ice-sdk/lib/pico-sdk/src/rp2_common/pico_unique_id/unique_id.c.o
 *(.init_array)
                0x1000a294                        PROVIDE (__init_array_end = .)
                [!provide]                        PROVIDE (__bothinit_array_end = .)
                0x1000a294                        . = ALIGN (0x4)
                [!provide]                        PROVIDE (__fini_array_start = .)
 *(SORT_BY_NAME(.fini_array.*))
 *(.fini_array)
                [!provide]                        PROVIDE (__fini_array_end = .)
                [!provide]                        PROVIDE (__dso_handle = 0x0)
 *(.eh_frame*)
                0x1000a294                        . = ALIGN (0x4)

.glue_7         0x1000a294        0x0
 .glue_7        0x1000a294        0x0 linker stubs

.glue_7t        0x1000a294        0x0
 .glue_7t       0x1000a294        0x0 linker stubs

.vfp11_veneer   0x1000a294        0x0
 .vfp11_veneer  0x1000a294        0x0 linker stubs

.v4_bx          0x1000a294        0x0
 .v4_bx         0x1000a294        0x0 linker stubs

.iplt           0x1000a294        0x0
 .iplt          0x1000a294        0x0 CMakeFiles/ddc_sdr.dir/main.c.o

.rodata         0x1000a298      0xb9c
 *(EXCLUDE_FILE(*libm.a: *lib*_a-mem*.o *libc.a: *libgcc.a:) .rodata*)
 .rodata.tud_cdc_line_state_cb.str1.4
                0x1000a298      0x2f3 CMakeFiles/ddc_sdr.dir/main.c.o
                                  0xc (size before relaxing)
 .rodata.main.str1.4
                0x1000a58b      0x17a CMakeFiles/ddc_sdr.dir/main.c.o
 *fill*         0x1000a58b        0x1 
 .rodata.silence.1
                0x1000a58c      0x246 CMakeFiles/ddc_sdr.dir/main.c.o
 *fill*         0x1000a7d2        0x2 
 .rodata.rates.2
                0x1000a7d4        0xc CMakeFiles/ddc_sdr.dir/main.c.o
 .rodata.i2s_rx_program
                0x1000a7e0        0x8 CMakeFiles/ddc_sdr.dir/main.c.o
 .rodata.i2s_rx_program_instructions
                0x1000a7e8       0x1a CMakeFiles/ddc_sdr.dir/main.c.o
 .rodata.str1.4
                0x1000a802       0x49 CMakeFiles/ddc_sdr.dir/usb_descriptors.c.o
 *fill*         0x1000a802        0x2 
 .rodata.__compound_literal.0
                0x1000a804        0x2 CMakeFiles/ddc_sdr.dir/usb_descriptors.c.o
 *fill*         0x1000a806        0x2 
 .rodata.tud_desc_configuration
                0x1000a808       0xf8 CMakeFiles/ddc_sdr.dir/usb_descriptors.c.o
                0x1000a808                tud_desc_configuration
 .rodata.pico_dev_ice_fpga
                0x1000a900       0x10 CMakeFiles/ddc_sdr.dir/home/frohro/Classes/Digital_Design/Pico-Dev-iCE/Software/pico-ice-sdk/src/ice_fpga_data.c.o