Archive member included to satisfy reference by file (symbol)

/usr/lib/gcc/arm-none-eabi/13.2.1/thumb/v6-m/nofp/libgcc.a(_dvmd_tls.o)
                              CMakeFiles/ddc_sdr.dir/home/frohro/Classes/Digital_Design/Pico-Dev-iCE/Software/pico-ice-sdk/lib/pico-sdk/src/rp2_common/pico_divider/divider_hardware.S.o (__aeabi_idiv0)
/usr/lib/gcc/arm-none-eabi/13.2.1/../../../arm-none-eabi/lib/thumb/v6-m/nofp/libg.a(libc_a-strtoul.o)
                              CMakeFiles/ddc_sdr.dir/main.c.o (strtoul)
/usr/lib/gcc/arm-none-eabi/13.2.1/../../../arm-none-eabi/lib/thumb/v6-m/nofp/libg.a(libc_a-calloc.o)
                              CMakeFiles/ddc_sdr.dir/home/frohro/Classes/Digital_Design/Pico-Dev-iCE/Software/pico-ice-sdk/lib/pico-sdk/src/rp2_common/pico_malloc/malloc.c.o (calloc)
/usr/lib/gcc/arm-none-eabi/13.2.1/../../../arm-none-eabi/lib/thumb/v6-m/nofp/libg.a(libc_a-impure.o)
                              /usr/lib/gcc/arm-none-eabi/13.2.1/../../../arm-none-eabi/lib/thumb/v6-m/nofp/libg.a(libc_a-strtoul.o) (_impure_ptr)
/usr/lib/gcc/arm-none-eabi/13.2.1/../../../arm-none-eabi/lib/thumb/v6-m/nofp/libg.a(libc_a-callocr.o)
                              /usr/lib/gcc/arm-none-eabi/13.2.1/../../../arm-none-eabi/lib/thumb/v6-m/nofp/libg.a(libc_a-calloc.o) (_calloc_r)
/usr/lib/gcc/arm-none-eabi/13.2.1/../../../arm-none-eabi/lib/thumb/v6-m/nofp/libg.a(libc_a-realloc.o)
                              CMakeFiles/ddc_sdr.dir/home/frohro/Classes/Digital_Design/Pico-Dev-iCE/Software/pico-ice-sdk/lib/pico-sdk/src/rp2_common/pico_malloc/malloc.c.o (realloc)
/usr/lib/gcc/arm-none-eabi/13.2.1/../../../arm-none-eabi/lib/thumb/v6-m/nofp/libg.a(libc_a-mallocr.o)
                              /usr/lib/gcc/arm-none-eabi/13.2.1/../../../arm-none-eabi/lib/thumb/v6-m/nofp/libg.a(libc_a-callocr.o) (_malloc_r)
/usr/lib/gcc/arm-none-eabi/13.2.1/../../../arm-none-eabi/lib/thumb/v6-m/nofp/libg.a(libc_a-freer.o)
                              /usr/lib/gcc/arm-none-eabi/13.2.1/../../../arm-none-eabi/lib/thumb/v6-m/nofp/libg.a(libc_a-mallocr.o) (_free_r)
/usr/lib/gcc/arm-none-eabi/13.2.1/../../../arm-none-eabi/lib/thumb/v6-m/nofp/libg.a(libc_a-memcmp.o)
                              CMakeFiles/ddc_sdr.dir/home/frohro/Classes/Digital_Design/Pico-Dev-iCE/Software/pico-ice-sdk/lib/pico-sdk/src/rp2_common/pico_atomic/atomic.c.o (memcmp)
/usr/lib/gcc/arm-none-eabi/13.2.1/../../../arm-none-eabi/lib/thumb/v6-m/nofp/libg.a(libc_a-malloc.o)
                              CMakeFiles/ddc_sdr.dir/home/frohro/Classes/Digital_Design/Pico-Dev-iCE/Software/pico-ice-sdk/lib/pico-sdk/src/rp2_common/pico_malloc/malloc.c.o (malloc)
/usr/lib/gcc/arm-none-eabi/13.2.1/../../../arm-none-eabi/lib/thumb/v6-m/nofp/libg.a(libc_a-sysconf.o)
                              /usr/lib/gcc/arm-none-eabi/13.2.1/../../../arm-none-eabi/lib/thumb/v6-m/nofp/libg.a(libc_a-mallocr.o) (sysconf)
/usr/lib/gcc/arm-none-eabi/13.2.1/../../../arm-none-eabi/lib/thumb/v6-m/nofp/libg.a(libc_a-reallocr.o)
                              /usr/lib/gcc/arm-none-eabi/13.2.1/../../../arm-none-eabi/lib/thumb/v6-m/nofp/libg.a(libc_a-realloc.o) (_realloc_r)
/usr/lib/gcc/arm-none-eabi/13.2.1/../../../arm-none-eabi/lib/thumb/v6-m/nofp/libg.a(libc_a-mktime.o)
                              CMakeFiles/ddc_sdr.dir/home/frohro/Classes/Digital_Design/Pico-Dev-iCE/Software/pico-ice-sdk/lib/pico-sdk/src/common/pico_util/datetime.c.o (mktime)
/usr/lib/gcc/arm-none-eabi/13.2.1/../../../arm-none-eabi/lib/thumb/v6-m/nofp/libg.a(libc_a-mlock.o)
                              /usr/lib/gcc/arm-none-eabi/13.2.1/../../../arm-none-eabi/lib/thumb/v6-m/nofp/libg.a(libc_a-mallocr.o) (__malloc_lock)
/usr/lib/gcc/arm-none-eabi/13.2.1/../../../arm-none-eabi/lib/thumb/v6-m/nofp/libg.a(libc_a-findfp.o)
                              /usr/lib/gcc/arm-none-eabi/13.2.1/../../../arm-none-eabi/lib/thumb/v6-m/nofp/libg.a(libc_a-impure.o) (__sf)
/usr/lib/gcc/arm-none-eabi/13.2.1/../../../arm-none-eabi/lib/thumb/v6-m/nofp/libg.a(libc_a-tzlock.o)
                              /usr/lib/gcc/arm-none-eabi/13.2.1/../../../arm-none-eabi/lib/thumb/v6-m/nofp/libg.a(libc_a-mktime.o) (__tz_lock)
/usr/lib/gcc/arm-none-eabi/13.2.1/../../../arm-none-eabi/lib/thumb/v6-m/nofp/libg.a(libc_a-ctype_.o)
                              /usr/lib/gcc/arm-none-eabi/13.2.1/../../../arm-none-eabi/lib/thumb/v6-m/nofp/libg.a(libc_a-strtoul.o) (_ctype_)
/usr/lib/gcc/arm-none-eabi/13.2.1/../../../arm-none-eabi/lib/thumb/v6-m/nofp/libg.a(libc_a-lcltime_r.o)
                              CMakeFiles/ddc_sdr.dir/home/frohro/Classes/Digital_Design/Pico-Dev-iCE/Software/pico-ice-sdk/lib/pico-sdk/src/common/pico_util/datetime.c.o (localtime_r)
/usr/lib/gcc/arm-none-eabi/13.2.1/../../../arm-none-eabi/lib/thumb/v6-m/nofp/libg.a(libc_a-strlen-stub.o)
                              CMakeFiles/ddc_sdr.dir/main.c.o (strlen)
/usr/lib/gcc/arm-none-eabi/13.2.1/../../../arm-none-eabi/lib/thumb/v6-m/nofp/libg.a(libc_a-sbrkr.o)
[...]
Memory Configuration

Name             Origin             Length             Attributes
FLASH            0x10000000         0x00200000         xr
XIP_RAM          0x15000000         0x00004000         xrw
RAM              0x20000000         0x00040000         xrw
SCRATCH_X        0x20040000         0x00001000         xrw
SCRATCH_Y        0x20041000         0x00001000         xrw
*default*        0x00000000         0xffffffff

Linker script and memory map

                0x20000000                        RAM_ORIGIN_DEFAULT = 0x20000000
                0x00040000                        RAM_LENGTH_DEFAULT = 0x40000
                0x20040000                        SCRATCH_X_ORIGIN_DEFAULT = 0x20040000
                0x00001000                        SCRATCH_X_LENGTH_DEFAULT = 0x1000
                0x20041000                        SCRATCH_Y_ORIGIN_DEFAULT = 0x20041000
                0x00001000                        SCRATCH_Y_LENGTH_DEFAULT = 0x1000
                0x15000000                        XIP_RAM_ORIGIN_DEFAULT = 0x15000000
                0x00004000                        XIP_RAM_LENGTH_DEFAULT = 0x4000
LOAD CMakeFiles/ddc_sdr.dir/main.c.o
LOAD CMakeFiles/ddc_sdr.dir/usb_descriptors.c.o
LOAD CMakeFiles/ddc_sdr.dir/home/frohro/Classes/Digital_Design/Pico-Dev-iCE/Software/pico-ice-sdk/src/ice_fpga.c.o
LOAD CMakeFiles/ddc_sdr.dir/home/frohro/Classes/Digital_Design/Pico-Dev-iCE/Software/pico-ice-sdk/src/ice_led.c.o
LOAD CMakeFiles/ddc_sdr.dir/home/frohro/Classes/Digital_Design/Pico-Dev-iCE/Software/pico-ice-sdk/src/ice_cram.c.o
LOAD CMakeFiles/ddc_sdr.dir/home/frohro/Classes/Digital_Design/Pico-Dev-iCE/Software/pico-ice-sdk/src/ice_fpga_data.c.o
LOAD CMakeFiles/ddc_sdr.dir/home/frohro/Classes/Digital_Design/Pico-Dev-iCE/Software/pico-ice-sdk/src/ice_spi.c.o
LOAD CMakeFiles/ddc_sdr.dir/home/frohro/Classes/Digital_Design/Pico-Dev-iCE/Software/pico-ice-sdk/src/pico-sdk_ice_hal.c.o
LOAD CMakeFiles/ddc_sdr.dir/home/frohro/Classes/Digital_Design/Pico-Dev-iCE/Software/pico-ice-sdk/lib/pico-sdk/src/rp2_common/hardware_flash/flash.c.o
LOAD CMakeFiles/ddc_sdr.dir/home/frohro/Classes/Digital_Design/Pico-Dev-iCE/Software/pico-ice-sdk/lib/pico-sdk/src/rp2040/pico_platform/platform.c.o
LOAD CMakeFiles/ddc_sdr.dir/home/frohro/Classes/Digital_Design/Pico-Dev-iCE/Software/pico-ice-sdk/lib/pico-sdk/src/rp2_common/pico_platform_common/common.c.o
LOAD CMakeFiles/ddc_sdr.dir/home/frohro/Classes/Digital_Design/Pico-Dev-iCE/Software/pico-ice-sdk/lib/pico-sdk/src/rp2_common/pico_platform_panic/panic.c.o
LOAD CMakeFiles/ddc_sdr.dir/home/frohro/Classes/Digital_Design/Pico-Dev-iCE/Software/pico-ice-sdk/lib/pico-sdk/src/rp2_common/pico_platform_panic/custom_panic_function.S.o
LOAD CMakeFiles/ddc_sdr.dir/home/frohro/Classes/Digital_Design/Pico-Dev-iCE/Software/pico-ice-sdk/lib/pico-sdk/src/common/hardware_claim/claim.c.o
LOAD CMakeFiles/ddc_sdr.dir/home/frohro/Classes/Digital_Design/Pico-Dev-iCE/Software/pico-ice-sdk/lib/pico-sdk/src/rp2_common/hardware_sync/sync.c.o
LOAD CMakeFiles/ddc_sdr.dir/home/frohro/Classes/Digital_Design/Pico-Dev-iCE/Software/pico-ice-sdk/lib/pico-sdk/src/rp2_common/hardware_sync_spin_lock/sync_spin_lock.c.o
LOAD CMakeFiles/ddc_sdr.dir/home/frohro/Classes/Digital_Design/Pico-Dev-iCE/Software/pico-ice-sdk/lib/pico-sdk/src/rp2_common/pico_bootrom/bootrom.c.o
LOAD CMakeFiles/ddc_sdr.dir/home/frohro/Classes/Digital_Design/Pico-Dev-iCE/Software/pico-ice-sdk/lib/pico-sdk/src/rp2_common/pico_bootrom/bootrom_lock.c.o
LOAD CMakeFiles/ddc_sdr.dir/home/frohro/Classes/Digital_Design/Pico-Dev-iCE/Software/pico-ice-sdk/lib/pico-sdk/src/rp2_common/hardware_boot_lock/boot_lock.c.o
LOAD CMakeFiles/ddc_sdr.dir/home/frohro/Classes/Digital_Design/Pico-Dev-iCE/Software/pico-ice-sdk/lib/pico-sdk/src/rp2_common/pico_flash/flash.c.o
LOAD CMakeFiles/ddc_sdr.dir/home/frohro/Classes/Digital_Design/Pico-Dev-iCE/Software/pico-ice-sdk/lib/pico-sdk/src/common/pico_time/time.c.o
LOAD CMakeFiles/ddc_sdr.dir/home/frohro/Classes/Digital_Design/Pico-Dev-iCE/Software/pico-ice-sdk/lib/pico-sdk/src/common/pico_time/timeout_helper.c.o
LOAD CMakeFiles/ddc_sdr.dir/home/frohro/Classes/Digital_Design/Pico-Dev-iCE/Software/pico-ice-sdk/lib/pico-sdk/src/rp2_common/hardware_timer/timer.c.o
LOAD CMakeFiles/ddc_sdr.dir/home/frohro/Classes/Digital_Design/Pico-Dev-iCE/Software/pico-ice-sdk/lib/pico-sdk/src/rp2_common/hardware_irq/irq.c.o
LOAD CMakeFiles/ddc_sdr.dir/home/frohro/Classes/Digital_Design/Pico-Dev-iCE/Software/pico-ice-sdk/lib/pico-sdk/src/rp2_common/hardware_irq/irq_handler_chain.S.o
LOAD CMakeFiles/ddc_sdr.dir/home/frohro/Classes/Digital_Design/Pico-Dev-iCE/Software/pico-ice-sdk/lib/pico-sdk/src/common/pico_sync/sem.c.o
LOAD CMakeFiles/ddc_sdr.dir/home/frohro/Classes/Digital_Design/Pico-Dev-iCE/Software/pico-ice-sdk/lib/pico-sdk/src/common/pico_sync/lock_core.c.o
LOAD CMakeFiles/ddc_sdr.dir/home/frohro/Classes/Digital_Design/Pico-Dev-iCE/Software/pico-ice-sdk/lib/pico-sdk/src/common/pico_sync/mutex.c.o
LOAD CMakeFiles/ddc_sdr.dir/home/frohro/Classes/Digital_Design/Pico-Dev-iCE/Software/pico-ice-sdk/lib/pico-sdk/src/common/pico_sync/critical_section.c.o
LOAD CMakeFiles/ddc_sdr.dir/home/frohro/Classes/Digital_Design/Pico-Dev-iCE/Software/pico-ice-sdk/lib/pico-sdk/src/common/pico_util/datetime.c.o
LOAD CMakeFiles/ddc_sdr.dir/home/frohro/Classes/Digital_Design/Pico-Dev-iCE/Software/pico-ice-sdk/lib/pico-sdk/src/common/pico_util/fixed_bitset.c.o
LOAD CMakeFiles/ddc_sdr.dir/home/frohro/Classes/Digital_Design/Pico-Dev-iCE/Software/pico-ice-sdk/lib/pico-sdk/src/common/pico_util/pheap.c.o
LOAD CMakeFiles/ddc_sdr.dir/home/frohro/Classes/Digital_Design/Pico-Dev-iCE/Software/pico-ice-sdk/lib/pico-sdk/src/common/pico_util/queue.c.o
LOAD CMakeFiles/ddc_sdr.dir/home/frohro/Classes/Digital_Design/Pico-Dev-iCE/Software/pico-ice-sdk/lib/pico-sdk/src/rp2_common/hardware_xip_cache/xip_cache.c.o
LOAD CMakeFiles/ddc_sdr.dir/home/frohro/Classes/Digital_Design/Pico-Dev-iCE/Software/pico-ice-sdk/lib/pico-sdk/src/rp2_common/hardware_gpio/gpio.c.o
LOAD CMakeFiles/ddc_sdr.dir/home/frohro/Classes/Digital_Design/Pico-Dev-iCE/Software/pico-ice-sdk/lib/pico-sdk/src/rp2_common/hardware_pio/pio.c.o
LOAD CMakeFiles/ddc_sdr.dir/home/frohro/Classes/Digital_Design/Pico-Dev-iCE/Software/pico-ice-sdk/lib/pico-sdk/src/rp2_common/hardware_spi/spi.c.o
LOAD CMakeFiles/ddc_sdr.dir/home/frohro/Classes/Digital_Design/Pico-Dev-iCE/Software/pico-ice-sdk/lib/pico-sdk/src/rp2_common/hardware_clocks/clocks.c.o
LOAD CMakeFiles/ddc_sdr.dir/home/frohro/Classes/Digital_Design/Pico-Dev-iCE/Software/pico-ice-sdk/lib/pico-sdk/src/rp2_common/hardware_pll/pll.c.o
LOAD CMakeFiles/ddc_sdr.dir/home/frohro/Classes/Digital_Design/Pico-Dev-iCE/Software/pico-ice-sdk/lib/pico-sdk/src/rp2_common/hardware_vreg/vreg.c.o
LOAD CMakeFiles/ddc_sdr.dir/home/frohro/Classes/Digital_Design/Pico-Dev-iCE/Software/pico-ice-sdk/lib/pico-sdk/src/rp2_common/hardware_watchdog/watchdog.c.o
LOAD CMakeFiles/ddc_sdr.dir/home/frohro/Classes/Digital_Design/Pico-Dev-iCE/Software/pico-ice-sdk/lib/pico-sdk/src/rp2_common/hardware_ticks/ticks.c.o
LOAD CMakeFiles/ddc_sdr.dir/home/frohro/Classes/Digital_Design/Pico-Dev-iCE/Software/pico-ice-sdk/lib/pico-sdk/src/rp2_common/hardware_xosc/xosc.c.o
LOAD CMakeFiles/ddc_sdr.dir/home/frohro/Classes/Digital_Design/Pico-Dev-iCE/Software/pico-ice-sdk/lib/pico-sdk/src/rp2_common/hardware_dma/dma.c.o
LOAD CMakeFiles/ddc_sdr.dir/home/frohro/Classes/Digital_Design/Pico-Dev-iCE/Software/pico-ice-sdk/lib/pico-sdk/src/rp2_common/hardware_uart/uart.c.o
LOAD CMakeFiles/ddc_sdr.dir/home/frohro/Classes/Digital_Design/Pico-Dev-iCE/Software/pico-ice-sdk/lib/pico-sdk/src/rp2_common/pico_stdlib/stdlib.c.o
LOAD CMakeFiles/ddc_sdr.dir/home/frohro/Classes/Digital_Design/Pico-Dev-iCE/Software/pico-ice-sdk/lib/pico-sdk/src/rp2_common/hardware_divider/divider.S.o
LOAD CMakeFiles/ddc_sdr.dir/home/frohro/Classes/Digital_Design/Pico-Dev-iCE/Software/pico-ice-sdk/lib/pico-sdk/src/rp2_common/pico_runtime/runtime.c.o
LOAD CMakeFiles/ddc_sdr.dir/home/frohro/Classes/Digital_Design/Pico-Dev-iCE/Software/pico-ice-sdk/lib/pico-sdk/src/rp2_common/pico_runtime_init/runtime_init.c.o
LOAD CMakeFiles/ddc_sdr.dir/home/frohro/Classes/Digital_Design/Pico-Dev-iCE/Software/pico-ice-sdk/lib/pico-sdk/src/rp2_common/pico_runtime_init/runtime_init_clocks.c.o
LOAD CMakeFiles/ddc_sdr.dir/home/frohro/Classes/Digital_Design/Pico-Dev-iCE/Software/pico-ice-sdk/lib/pico-sdk/src/rp2_common/pico_runtime_init/runtime_init_stack_guard.c.o
LOAD CMakeFiles/ddc_sdr.dir/home/frohro/Classes/Digital_Design/Pico-Dev-iCE/Software/pico-ice-sdk/lib/pico-sdk/src/rp2_common/hardware_rtc/rtc.c.o
LOAD CMakeFiles/ddc_sdr.dir/home/frohro/Classes/Digital_Design/Pico-Dev-iCE/Software/pico-ice-sdk/lib/pico-sdk/src/rp2_common/pico_bit_ops/bit_ops_aeabi.S.o
LOAD CMakeFiles/ddc_sdr.dir/home/frohro/Classes/Digital_Design/Pico-Dev-iCE/Software/pico-ice-sdk/lib/pico-sdk/src/rp2_common/pico_divider/divider_hardware.S.o
LOAD CMakeFiles/ddc_sdr.dir/home/frohro/Classes/Digital_Design/Pico-Dev-iCE/Software/pico-ice-sdk/lib/pico-sdk/src/rp2_common/pico_double/double_aeabi_rp2040.S.o
LOAD CMakeFiles/ddc_sdr.dir/home/frohro/Classes/Digital_Design/Pico-Dev-iCE/Software/pico-ice-sdk/lib/pico-sdk/src/rp2_common/pico_double/double_init_rom_rp2040.c.o
LOAD CMakeFiles/ddc_sdr.dir/home/frohro/Classes/Digital_Design/Pico-Dev-iCE/Software/pico-ice-sdk/lib/pico-sdk/src/rp2_common/pico_double/double_math.c.o
LOAD CMakeFiles/ddc_sdr.dir/home/frohro/Classes/Digital_Design/Pico-Dev-iCE/Software/pico-ice-sdk/lib/pico-sdk/src/rp2_common/pico_double/double_v1_rom_shim_rp2040.S.o
LOAD CMakeFiles/ddc_sdr.dir/home/frohro/Classes/Digital_Design/Pico-Dev-iCE/Software/pico-ice-sdk/lib/pico-sdk/src/rp2_common/pico_int64_ops/pico_int64_ops_aeabi.S.o
LOAD CMakeFiles/ddc_sdr.dir/home/frohro/Classes/Digital_Design/Pico-Dev-iCE/Software/pico-ice-sdk/lib/pico-sdk/src/rp2_common/pico_float/float_aeabi_rp2040.S.o
LOAD CMakeFiles/ddc_sdr.dir/home/frohro/Classes/Digital_Design/Pico-Dev-iCE/Software/pico-ice-sdk/lib/pico-sdk/src/rp2_common/pico_float/float_init_rom_rp2040.c.o
LOAD CMakeFiles/ddc_sdr.dir/home/frohro/Classes/Digital_Design/Pico-Dev-iCE/Software/pico-ice-sdk/lib/pico-sdk/src/rp2_common/pico_float/float_math.c.o
LOAD CMakeFiles/ddc_sdr.dir/home/frohro/Classes/Digital_Design/Pico-Dev-iCE/Software/pico-ice-sdk/lib/pico-sdk/src/rp2_common/pico_float/float_v1_rom_shim_rp2040.S.o
LOAD CMakeFiles/ddc_sdr.dir/home/frohro/Classes/Digital_Design/Pico-Dev-iCE/Software/pico-ice-sdk/lib/pico-sdk/src/rp2_common/pico_malloc/malloc.c.o
LOAD CMakeFiles/ddc_sdr.dir/home/frohro/Classes/Digital_Design/Pico-Dev-iCE/Software/pico-ice-sdk/lib/pico-sdk/src/rp2_common/pico_mem_ops/mem_ops_aeabi.S.o
LOAD CMakeFiles/ddc_sdr.dir/home/frohro/Classes/Digital_Design/Pico-Dev-iCE/Software/pico-ice-sdk/lib/pico-sdk/src/rp2_common/pico_atomic/atomic.c.o
LOAD CMakeFiles/ddc_sdr.dir/home/frohro/Classes/Digital_Design/Pico-Dev-iCE/Software/pico-ice-sdk/lib/pico-sdk/src/rp2_common/pico_cxx_options/new_delete.cpp.o
LOAD CMakeFiles/ddc_sdr.dir/home/frohro/Classes/Digital_Design/Pico-Dev-iCE/Software/pico-ice-sdk/lib/pico-sdk/src/rp2_common/pico_standard_binary_info/standard_binary_info.c.o
LOAD CMakeFiles/ddc_sdr.dir/home/frohro/Classes/Digital_Design/Pico-Dev-iCE/Software/pico-ice-sdk/lib/pico-sdk/src/rp2_common/pico_printf/printf.c.o
LOAD CMakeFiles/ddc_sdr.dir/home/frohro/Classes/Digital_Design/Pico-Dev-iCE/Software/pico-ice-sdk/lib/pico-sdk/src/rp2_common/pico_crt0/crt0.S.o
LOAD CMakeFiles/ddc_sdr.dir/home/frohro/Classes/Digital_Design/Pico-Dev-iCE/Software/pico-ice-sdk/lib/pico-sdk/src/rp2_common/pico_clib_interface/newlib_interface.c.o
LOAD CMakeFiles/ddc_sdr.dir/home/frohro/Classes/Digital_Design/Pico-Dev-iCE/Software/pico-ice-sdk/lib/pico-sdk/src/rp2_common/pico_clib_interface/cxa_guard.c.o
LOAD CMakeFiles/ddc_sdr.dir/home/frohro/Classes/Digital_Design/Pico-Dev-iCE/Software/pico-ice-sdk/lib/pico-sdk/src/rp2_common/pico_stdio/stdio.c.o
LOAD CMakeFiles/ddc_sdr.dir/home/frohro/Classes/Digital_Design/Pico-Dev-iCE/Software/pico-ice-sdk/lib/pico-sdk/src/rp2_common/pico_thread_local/thread_local.c.o
LOAD CMakeFiles/ddc_sdr.dir/home/frohro/Classes/Digital_Design/Pico-Dev-iCE/Software/pico-ice-sdk/src/ice_usb.c.o
LOAD CMakeFiles/ddc_sdr.dir/home/frohro/Classes/Digital_Design/Pico-Dev-iCE/Software/pico-ice-sdk/lib/pico-sdk/src/rp2_common/pico_multicore/multicore.c.o
LOAD CMakeFiles/ddc_sdr.dir/home/frohro/Classes/Digital_Design/Pico-Dev-iCE/Software/pico-ice-sdk/lib/pico-sdk/src/rp2_common/pico_unique_id/unique_id.c.o
LOAD CMakeFiles/ddc_sdr.dir/home/frohro/tinyusb/src/portable/raspberrypi/rp2040/dcd_rp2040.c.o
LOAD CMakeFiles/ddc_sdr.dir/home/frohro/tinyusb/src/portable/raspberrypi/rp2040/rp2040_usb.c.o
LOAD CMakeFiles/ddc_sdr.dir/home/frohro/tinyusb/src/device/usbd.c.o
LOAD CMakeFiles/ddc_sdr.dir/home/frohro/tinyusb/src/class/audio/audio_device.c.o
LOAD CMakeFiles/ddc_sdr.dir/home/frohro/tinyusb/src/class/cdc/cdc_device.c.o
LOAD CMakeFiles/ddc_sdr.dir/home/frohro/tinyusb/src/class/dfu/dfu_device.c.o
LOAD CMakeFiles/ddc_sdr.dir/home/frohro/tinyusb/src/class/dfu/dfu_rt_device.c.o
LOAD CMakeFiles/ddc_sdr.dir/home/frohro/tinyusb/src/class/hid/hid_device.c.o
LOAD CMakeFiles/ddc_sdr.dir/home/frohro/tinyusb/src/class/midi/midi_device.c.o
LOAD CMakeFiles/ddc_sdr.dir/home/frohro/tinyusb/src/class/msc/msc_device.c.o
LOAD CMakeFiles/ddc_sdr.dir/home/frohro/tinyusb/src/class/mtp/mtp_device.c.o
LOAD CMakeFiles/ddc_sdr.dir/home/frohro/tinyusb/src/class/net/ecm_rndis_device.c.o
LOAD CMakeFiles/ddc_sdr.dir/home/frohro/tinyusb/src/class/net/ncm_device.c.o
LOAD CMakeFiles/ddc_sdr.dir/home/frohro/tinyusb/src/class/printer/printer_device.c.o
LOAD CMakeFiles/ddc_sdr.dir/home/frohro/tinyusb/src/class/usbtmc/usbtmc_device.c.o
LOAD CMakeFiles/ddc_sdr.dir/home/frohro/tinyusb/src/class/vendor/vendor_device.c.o
LOAD CMakeFiles/ddc_sdr.dir/home/frohro/tinyusb/src/class/video/video_device.c.o
LOAD CMakeFiles/ddc_sdr.dir/home/frohro/tinyusb/src/tusb.c.o
LOAD CMakeFiles/ddc_sdr.dir/home/frohro/tinyusb/src/common/tusb_fifo.c.o
LOAD CMakeFiles/ddc_sdr.dir/home/frohro/Classes/Digital_Design/Pico-Dev-iCE/Software/pico-ice-sdk/lib/pico-sdk/src/rp2_common/pico_fix/rp2040_usb_device_enumeration/rp2040_usb_device_enumeration.c.o
LOAD CMakeFiles/ddc_sdr.dir/home/frohro/tinyusb/hw/bsp/rp2040/family.c.o
LOAD pico-sdk/src/rp2040/boot_stage2/CMakeFiles/bs2_default_library.dir/bs2_default_padded_checksummed.S.o
LOAD /usr/lib/gcc/arm-none-eabi/13.2.1/../../../arm-none-eabi/lib/thumb/v6-m/nofp/libstdc++.a
LOAD /usr/lib/gcc/arm-none-eabi/13.2.1/../../../arm-none-eabi/lib/thumb/v6-m/nofp/libm.a
START GROUP
LOAD /usr/lib/gcc/arm-none-eabi/13.2.1/thumb/v6-m/nofp/libgcc.a
LOAD /usr/lib/gcc/arm-none-eabi/13.2.1/../../../arm-none-eabi/lib/thumb/v6-m/nofp/libg.a
LOAD /usr/lib/gcc/arm-none-eabi/13.2.1/../../../arm-none-eabi/lib/thumb/v6-m/nofp/libc.a
END GROUP
                0x20000000                        PROVIDE (RAM_ORIGIN = RAM_ORIGIN_DEFAULT)
                0x00040000                        PROVIDE (RAM_LENGTH = RAM_LENGTH_DEFAULT)
                0x20040000                        PROVIDE (SCRATCH_X_ORIGIN = SCRATCH_X_ORIGIN_DEFAULT)
                0x00001000                        PROVIDE (SCRATCH_X_LENGTH = SCRATCH_X_LENGTH_DEFAULT)
                0x20041000                        PROVIDE (SCRATCH_Y_ORIGIN = SCRATCH_Y_ORIGIN_DEFAULT)
                0x00001000                        PROVIDE (SCRATCH_Y_LENGTH = SCRATCH_Y_LENGTH_DEFAULT)
                0x15000000                        PROVIDE (XIP_RAM_ORIGIN = XIP_RAM_ORIGIN_DEFAULT)
                0x00004000                        PROVIDE (XIP_RAM_LENGTH = XIP_RAM_LENGTH_DEFAULT)
                0x20000000                        RAM_ORIGIN = DEFINED (RAM_ORIGIN)?RAM_ORIGIN:RAM_ORIGIN_DEFAULT
                0x00040000                        RAM_LENGTH = DEFINED (RAM_LENGTH)?RAM_LENGTH:RAM_LENGTH_DEFAULT
                0x20040000                        SCRATCH_X_ORIGIN = DEFINED (SCRATCH_X_ORIGIN)?SCRATCH_X_ORIGIN:SCRATCH_X_ORIGIN_DEFAULT
                0x00001000                        SCRATCH_X_LENGTH = DEFINED (SCRATCH_X_LENGTH)?SCRATCH_X_LENGTH:SCRATCH_X_LENGTH_DEFAULT
                0x20041000                        SCRATCH_Y_ORIGIN = DEFINED (SCRATCH_Y_ORIGIN)?SCRATCH_Y_ORIGIN:SCRATCH_Y_ORIGIN_DEFAULT
                0x00001000                        SCRATCH_Y_LENGTH = DEFINED (SCRATCH_Y_LENGTH)?SCRATCH_Y_LENGTH:SCRATCH_Y_LENGTH_DEFAULT
                0x15000000                        XIP_RAM_ORIGIN = DEFINED (XIP_RAM_ORIGIN)?XIP_RAM_ORIGIN:XIP_RAM_ORIGIN_DEFAULT
                0x00004000                        XIP_RAM_LENGTH = DEFINED (XIP_RAM_LENGTH)?XIP_RAM_LENGTH:XIP_RAM_LENGTH_DEFAULT

.flash_begin    0x10000000        0x0
                0x10000000                        __flash_binary_start = .

.boot2          0x10000000      0x100
                0x10000000                        __boot2_start__ = .
 *(.boot2)
 .boot2         0x10000000      0x100 pico-sdk/src/rp2040/boot_stage2/CMakeFiles/bs2_default_library.dir/bs2_default_padded_checksummed.S.o
                0x10000100                        __boot2_end__ = .
                0x00000001                        ASSERT (((__boot2_end__ - __boot2_start__) == 0x100), ERROR: Pico second stage bootloader must be exactly 256 bytes in size for RP2040)

.text           0x10000100     0x9af4
                0x10000100                        __logical_binary_start = .
 *(.vectors)
 .vectors       0x10000100       0xd4 CMakeFiles/ddc_sdr.dir/home/frohro/Classes/Digital_Design/Pico-Dev-iCE/Software/pico-ice-sdk/lib/pico-sdk/src/rp2_common/pico_crt0/crt0.S.o
                0x10000100                __vectors
                0x10000100                __VECTOR_TABLE
                0x100001c0                isr_irq30
                0x100001c0                __unhandled_user_irq
                0x100001c0                isr_irq13
                0x100001c0                isr_irq27
                0x100001c0                isr_irq31
                0x100001c0                isr_irq5
                0x100001c0                isr_irq11
                0x100001c0                isr_irq23
                0x100001c0                isr_irq18
                0x100001c0                isr_irq28
                0x100001c0                isr_irq19
                0x100001c0                isr_irq0
                0x100001c0                isr_irq6
                0x100001c0                isr_irq22
                0x100001c0                isr_irq17
                0x100001c0                isr_irq14
                0x100001c0                __vectors_end
                0x100001c0                __default_isrs_start
                0x100001c0                isr_irq2
                0x100001c0                isr_irq10
                0x100001c0                isr_irq8
                0x100001c0                isr_irq24
                0x100001c0                isr_irq1
                0x100001c0                isr_irq7
                0x100001c0                isr_irq21
                0x100001c0                isr_irq20
                0x100001c0                isr_irq15
                0x100001c0                isr_irq25
                0x100001c0                isr_irq4
                0x100001c0                isr_irq16
                0x100001c0                isr_irq29
                0x100001c0                isr_irq26
                0x100001c0                isr_irq3
                0x100001c0                isr_irq12
                0x100001c0                isr_irq9
                0x100001c6                unhandled_user_irq_num_in_r0
                0x100001c8                isr_invalid
                0x100001ca                isr_nmi
                0x100001cc                isr_hardfault
                0x100001ce                isr_svcall
                0x100001d0                isr_pendsv
                0x100001d2                isr_systick
                0x100001d4                __default_isrs_end
 *(.binary_info_header)
 .binary_info_header
                0x100001d4       0x14 CMakeFiles/ddc_sdr.dir/home/frohro/Classes/Digital_Design/Pico-Dev-iCE/Software/pico-ice-sdk/lib/pico-sdk/src/rp2_common/pico_crt0/crt0.S.o
                0x100001e8                        __binary_info_header_end = .
 *(.embedded_block)
                0x100001e8                        __embedded_block_end = .
 *(.reset)
 .reset         0x100001e8       0x98 CMakeFiles/ddc_sdr.dir/home/frohro/Classes/Digital_Design/Pico-Dev-iCE/Software/pico-ice-sdk/lib/pico-sdk/src/rp2_common/pico_crt0/crt0.S.o
                0x100001e8                _entry_point
 *(.init)
 *libgcc.a:cmse_nonsecure_call.o()
 *(EXCLUDE_FILE(*libm.a: *lib*_a-mem*.o *libc.a: *libgcc.a:) .text*)
 .text.dma_handler
                0x10000280       0x80 CMakeFiles/ddc_sdr.dir/main.c.o
 .text.i2s_start.part.0
                0x10000300      0x150 CMakeFiles/ddc_sdr.dir/main.c.o
 .text.complete_fpga_update
                0x10000450       0xa8 CMakeFiles/ddc_sdr.dir/main.c.o
 .text.prepare_fpga_update
                0x100004f8       0xec CMakeFiles/ddc_sdr.dir/main.c.o
 .text.tud_cdc_line_state_cb
                0x100005e4       0x3c CMakeFiles/ddc_sdr.dir/main.c.o
                0x100005e4                tud_cdc_line_state_cb
 .text.tud_cdc_rx_cb
                0x10000620        0x4 CMakeFiles/ddc_sdr.dir/main.c.o
                0x10000620                tud_cdc_rx_cb
 .text.tud_audio_set_itf_cb
                0x10000624      0x364 CMakeFiles/ddc_sdr.dir/main.c.o
                0x10000624                tud_audio_set_itf_cb
 .text.tud_audio_set_itf_close_ep_cb
                0x10000988       0xac CMakeFiles/ddc_sdr.dir/main.c.o
                0x10000988                tud_audio_set_itf_close_ep_cb
 .text.tud_audio_set_req_ep_cb
                0x10000a34       0x20 CMakeFiles/ddc_sdr.dir/main.c.o
                0x10000a34                tud_audio_set_req_ep_cb
 .text.tud_audio_get_req_ep_cb
                0x10000a54       0x30 CMakeFiles/ddc_sdr.dir/main.c.o
                0x10000a54                tud_audio_get_req_ep_cb
 .text.tud_audio_set_req_entity_cb
                0x10000a84       0x24 CMakeFiles/ddc_sdr.dir/main.c.o
                0x10000a84                tud_audio_set_req_entity_cb
 .text.tud_audio_get_req_entity_cb
                0x10000aa8       0x3c CMakeFiles/ddc_sdr.dir/main.c.o
                0x10000aa8                tud_audio_get_req_entity_cb
 .text.startup.main
                0x10000ae4      0x8a8 CMakeFiles/ddc_sdr.dir/main.c.o
                0x10000ae4                main
 .text.ice_fpga_init
                0x1000138c       0x68 CMakeFiles/ddc_sdr.dir/home/frohro/Classes/Digital_Design/Pico-Dev-iCE/Software/pico-ice-sdk/src/ice_fpga.c.o
                0x1000138c                ice_fpga_init
 .text.ice_fpga_stop
                0x100013f4       0x1c CMakeFiles/ddc_sdr.dir/home/frohro/Classes/Digital_Design/Pico-Dev-iCE/Software/pico-ice-sdk/src/ice_fpga.c.o
                0x100013f4                ice_fpga_stop
 .text.ice_fpga_start
                0x10001410       0x1c CMakeFiles/ddc_sdr.dir/home/frohro/Classes/Digital_Design/Pico-Dev-iCE/Software/pico-ice-sdk/src/ice_fpga.c.o
                0x10001410                ice_fpga_start
 .text.ice_cram_open
                0x1000142c       0xe8 CMakeFiles/ddc_sdr.dir/home/frohro/Classes/Digital_Design/Pico-Dev-iCE/Software/pico-ice-sdk/src/ice_cram.c.o
                0x1000142c                ice_cram_open
 .text.ice_cram_write
                0x10001514        0x8 CMakeFiles/ddc_sdr.dir/home/frohro/Classes/Digital_Design/Pico-Dev-iCE/Software/pico-ice-sdk/src/ice_cram.c.o
                0x10001514                ice_cram_write
 .text.ice_cram_close
                0x1000151c       0x80 CMakeFiles/ddc_sdr.dir/home/frohro/Classes/Digital_Design/Pico-Dev-iCE/Software/pico-ice-sdk/src/ice_cram.c.o
                0x1000151c                ice_cram_close
 .text.spi_irq_handler
                0x1000159c       0x54 CMakeFiles/ddc_sdr.dir/home/frohro/Classes/Digital_Design/Pico-Dev-iCE/Software/pico-ice-sdk/src/ice_spi.c.o
 .text.ice_spi_write_async.part.0
                0x100015f0       0xd0 CMakeFiles/ddc_sdr.dir/home/frohro/Classes/Digital_Design/Pico-Dev-iCE/Software/pico-ice-sdk/src/ice_spi.c.o
 .text.ice_spi_init
                0x100016c0       0xc8 CMakeFiles/ddc_sdr.dir/home/frohro/Classes/Digital_Design/Pico-Dev-iCE/Software/pico-ice-sdk/src/ice_spi.c.o
                0x100016c0                ice_spi_init
 .text.ice_spi_deinit
                0x10001788      0x12c CMakeFiles/ddc_sdr.dir/home/frohro/Classes/Digital_Design/Pico-Dev-iCE/Software/pico-ice-sdk/src/ice_spi.c.o
                0x10001788                ice_spi_deinit
 .text.ice_spi_chip_select
                0x100018b4       0x8c CMakeFiles/ddc_sdr.dir/home/frohro/Classes/Digital_Design/Pico-Dev-iCE/Software/pico-ice-sdk/src/ice_spi.c.o
                0x100018b4                ice_spi_chip_select
 .text.ice_spi_chip_deselect
                0x10001940       0xf0 CMakeFiles/ddc_sdr.dir/home/frohro/Classes/Digital_Design/Pico-Dev-iCE/Software/pico-ice-sdk/src/ice_spi.c.o
                0x10001940                ice_spi_chip_deselect
 .text.ice_spi_init_cs_pin
                0x10001a30       0x30 CMakeFiles/ddc_sdr.dir/home/frohro/Classes/Digital_Design/Pico-Dev-iCE/Software/pico-ice-sdk/src/ice_spi.c.o
                0x10001a30                ice_spi_init_cs_pin
 .text.ice_spi_write_blocking
                0x10001a60       0x2c CMakeFiles/ddc_sdr.dir/home/frohro/Classes/Digital_Design/Pico-Dev-iCE/Software/pico-ice-sdk/src/ice_spi.c.o
                0x10001a60                ice_spi_write_blocking
 .text.ice_hal_spi_deinit
                0x10001a8c       0xa4 CMakeFiles/ddc_sdr.dir/home/frohro/Classes/Digital_Design/Pico-Dev-iCE/Software/pico-ice-sdk/src/pico-sdk_ice_hal.c.o
                0x10001a8c                ice_hal_spi_deinit
 .text.ice_hal_gpio_init
                0x10001b30       0x24 CMakeFiles/ddc_sdr.dir/home/frohro/Classes/Digital_Design/Pico-Dev-iCE/Software/pico-ice-sdk/src/pico-sdk_ice_hal.c.o
                0x10001b30                ice_hal_gpio_init
 .text.ice_hal_gpio_set_high_z
                0x10001b54       0x18 CMakeFiles/ddc_sdr.dir/home/frohro/Classes/Digital_Design/Pico-Dev-iCE/Software/pico-ice-sdk/src/pico-sdk_ice_hal.c.o
                0x10001b54                ice_hal_gpio_set_high_z
 .text.ice_hal_spi_init
                0x10001b6c      0x2e8 CMakeFiles/ddc_sdr.dir/home/frohro/Classes/Digital_Design/Pico-Dev-iCE/Software/pico-ice-sdk/src/pico-sdk_ice_hal.c.o
                0x10001b6c                ice_hal_spi_init
 .text.ice_hal_spi_write
                0x10001e54       0xe0 CMakeFiles/ddc_sdr.dir/home/frohro/Classes/Digital_Design/Pico-Dev-iCE/Software/pico-ice-sdk/src/pico-sdk_ice_hal.c.o
                0x10001e54                ice_hal_spi_write
 .text.ice_hal_gpio_set_pu
                0x10001f34       0x10 CMakeFiles/ddc_sdr.dir/home/frohro/Classes/Digital_Design/Pico-Dev-iCE/Software/pico-ice-sdk/src/pico-sdk_ice_hal.c.o
                0x10001f34                ice_hal_gpio_set_pu
 .text.ice_hal_gpio_set_1
                0x10001f44       0x10 CMakeFiles/ddc_sdr.dir/home/frohro/Classes/Digital_Design/Pico-Dev-iCE/Software/pico-ice-sdk/src/pico-sdk_ice_hal.c.o
                0x10001f44                ice_hal_gpio_set_1
 .text.ice_hal_gpio_set_0
                0x10001f54       0x10 CMakeFiles/ddc_sdr.dir/home/frohro/Classes/Digital_Design/Pico-Dev-iCE/Software/pico-ice-sdk/src/pico-sdk_ice_hal.c.o
                0x10001f54                ice_hal_gpio_set_0
 .text.ice_hal_gpio_get
                0x10001f64       0x14 CMakeFiles/ddc_sdr.dir/home/frohro/Classes/Digital_Design/Pico-Dev-iCE/Software/pico-ice-sdk/src/pico-sdk_ice_hal.c.o
                0x10001f64                ice_hal_gpio_get
 .text.flash_get_unique_id
                0x10001f78       0x3c CMakeFiles/ddc_sdr.dir/home/frohro/Classes/Digital_Design/Pico-Dev-iCE/Software/pico-ice-sdk/lib/pico-sdk/src/rp2_common/hardware_flash/flash.c.o
                0x10001f78                flash_get_unique_id
 .text.rp2040_chip_version
                0x10001fb4        0xc CMakeFiles/ddc_sdr.dir/home/frohro/Classes/Digital_Design/Pico-Dev-iCE/Software/pico-ice-sdk/lib/pico-sdk/src/rp2040/pico_platform/platform.c.o
                0x10001fb4                rp2040_chip_version
 .text.panic    0x10001fc0       0x30 CMakeFiles/ddc_sdr.dir/home/frohro/Classes/Digital_Design/Pico-Dev-iCE/Software/pico-ice-sdk/lib/pico-sdk/src/rp2_common/pico_platform_panic/panic.c.o
                0x10001fc0                panic
 .text.hw_claim_lock
                0x10001ff0       0x18 CMakeFiles/ddc_sdr.dir/home/frohro/Classes/Digital_Design/Pico-Dev-iCE/Software/pico-ice-sdk/lib/pico-sdk/src/common/hardware_claim/claim.c.o
                0x10001ff0                hw_claim_lock
 .text.hw_claim_unlock
                0x10002008       0x14 CMakeFiles/ddc_sdr.dir/home/frohro/Classes/Digital_Design/Pico-Dev-iCE/Software/pico-ice-sdk/lib/pico-sdk/src/common/hardware_claim/claim.c.o
                0x10002008                hw_claim_unlock
 .text.hw_claim_or_assert
                0x1000201c       0x44 CMakeFiles/ddc_sdr.dir/home/frohro/Classes/Digital_Design/Pico-Dev-iCE/Software/pico-ice-sdk/lib/pico-sdk/src/common/hardware_claim/claim.c.o
                0x1000201c                hw_claim_or_assert
 .text.hw_claim_unused_from_range
                0x10002060       0x9c CMakeFiles/ddc_sdr.dir/home/frohro/Classes/Digital_Design/Pico-Dev-iCE/Software/pico-ice-sdk/lib/pico-sdk/src/common/hardware_claim/claim.c.o
                0x10002060                hw_claim_unused_from_range
 .text.hw_claim_clear
                0x100020fc       0x38 CMakeFiles/ddc_sdr.dir/home/frohro/Classes/Digital_Design/Pico-Dev-iCE/Software/pico-ice-sdk/lib/pico-sdk/src/common/hardware_claim/claim.c.o
                0x100020fc                hw_claim_clear
 .text.next_striped_spin_lock_num
                0x10002134       0x18 CMakeFiles/ddc_sdr.dir/home/frohro/Classes/Digital_Design/Pico-Dev-iCE/Software/pico-ice-sdk/lib/pico-sdk/src/rp2_common/hardware_sync/sync.c.o
                0x10002134                next_striped_spin_lock_num
 .text.spin_lock_claim_unused
                0x1000214c       0x24 CMakeFiles/ddc_sdr.dir/home/frohro/Classes/Digital_Design/Pico-Dev-iCE/Software/pico-ice-sdk/lib/pico-sdk/src/rp2_common/hardware_sync/sync.c.o
                0x1000214c                spin_lock_claim_unused
 .text.spin_locks_reset
                0x10002170       0x1c CMakeFiles/ddc_sdr.dir/home/frohro/Classes/Digital_Design/Pico-Dev-iCE/Software/pico-ice-sdk/lib/pico-sdk/src/rp2_common/hardware_sync_spin_lock/sync_spin_lock.c.o
                0x10002170                spin_locks_reset
 .text.rom_func_lookup
                0x1000218c       0x10 CMakeFiles/ddc_sdr.dir/home/frohro/Classes/Digital_Design/Pico-Dev-iCE/Software/pico-ice-sdk/lib/pico-sdk/src/rp2_common/pico_bootrom/bootrom.c.o
                0x1000218c                rom_func_lookup
 .text.rom_data_lookup
                0x1000219c       0x10 CMakeFiles/ddc_sdr.dir/home/frohro/Classes/Digital_Design/Pico-Dev-iCE/Software/pico-ice-sdk/lib/pico-sdk/src/rp2_common/pico_bootrom/bootrom.c.o
                0x1000219c                rom_data_lookup
 .text.rom_funcs_lookup
                0x100021ac       0x44 CMakeFiles/ddc_sdr.dir/home/frohro/Classes/Digital_Design/Pico-Dev-iCE/Software/pico-ice-sdk/lib/pico-sdk/src/rp2_common/pico_bootrom/bootrom.c.o
                0x100021ac                rom_funcs_lookup
 .text.sleep_until_callback
                0x100021f0       0x30 CMakeFiles/ddc_sdr.dir/home/frohro/Classes/Digital_Design/Pico-Dev-iCE/Software/pico-ice-sdk/lib/pico-sdk/src/common/pico_time/time.c.o
 .text.alarm_pool_irq_handler
                0x10002220      0x2fc CMakeFiles/ddc_sdr.dir/home/frohro/Classes/Digital_Design/Pico-Dev-iCE/Software/pico-ice-sdk/lib/pico-sdk/src/common/pico_time/time.c.o
 .text.runtime_init_default_alarm_pool
                0x1000251c       0xdc CMakeFiles/ddc_sdr.dir/home/frohro/Classes/Digital_Design/Pico-Dev-iCE/Software/pico-ice-sdk/lib/pico-sdk/src/common/pico_time/time.c.o
                0x1000251c                runtime_init_default_alarm_pool
 .text.alarm_pool_add_alarm_at_force_in_context
                0x100025f8       0xb0 CMakeFiles/ddc_sdr.dir/home/frohro/Classes/Digital_Design/Pico-Dev-iCE/Software/pico-ice-sdk/lib/pico-sdk/src/common/pico_time/time.c.o
                0x100025f8                alarm_pool_add_alarm_at_force_in_context
 .text.alarm_pool_cancel_alarm
                0x100026a8       0x74 CMakeFiles/ddc_sdr.dir/home/frohro/Classes/Digital_Design/Pico-Dev-iCE/Software/pico-ice-sdk/lib/pico-sdk/src/common/pico_time/time.c.o
                0x100026a8                alarm_pool_cancel_alarm
 .text.sleep_until
                0x1000271c       0xd8 CMakeFiles/ddc_sdr.dir/home/frohro/Classes/Digital_Design/Pico-Dev-iCE/Software/pico-ice-sdk/lib/pico-sdk/src/common/pico_time/time.c.o
                0x1000271c                sleep_until
 .text.sleep_us
                0x100027f4       0x28 CMakeFiles/ddc_sdr.dir/home/frohro/Classes/Digital_Design/Pico-Dev-iCE/Software/pico-ice-sdk/lib/pico-sdk/src/common/pico_time/time.c.o
                0x100027f4                sleep_us
 .text.best_effort_wfe_or_timeout
                0x1000281c      0x118 CMakeFiles/ddc_sdr.dir/home/frohro/Classes/Digital_Design/Pico-Dev-iCE/Software/pico-ice-sdk/lib/pico-sdk/src/common/pico_time/time.c.o
                0x1000281c                best_effort_wfe_or_timeout
 .text.timer_hardware_alarm_claim
                0x10002934       0x14 CMakeFiles/ddc_sdr.dir/home/frohro/Classes/Digital_Design/Pico-Dev-iCE/Software/pico-ice-sdk/lib/pico-sdk/src/rp2_common/hardware_timer/timer.c.o
                0x10002934                timer_hardware_alarm_claim
 .text.timer_time_us_64
                0x10002948       0x10 CMakeFiles/ddc_sdr.dir/home/frohro/Classes/Digital_Design/Pico-Dev-iCE/Software/pico-ice-sdk/lib/pico-sdk/src/rp2_common/hardware_timer/timer.c.o
                0x10002948                timer_time_us_64
 .text.time_us_64
                0x10002958       0x14 CMakeFiles/ddc_sdr.dir/home/frohro/Classes/Digital_Design/Pico-Dev-iCE/Software/pico-ice-sdk/lib/pico-sdk/src/rp2_common/hardware_timer/timer.c.o
                0x10002958                time_us_64
 .text.busy_wait_us
                0x1000296c       0x68 CMakeFiles/ddc_sdr.dir/home/frohro/Classes/Digital_Design/Pico-Dev-iCE/Software/pico-ice-sdk/lib/pico-sdk/src/rp2_common/hardware_timer/timer.c.o
                0x1000296c                busy_wait_us
 .text.busy_wait_until
                0x100029d4       0x20 CMakeFiles/ddc_sdr.dir/home/frohro/Classes/Digital_Design/Pico-Dev-iCE/Software/pico-ice-sdk/lib/pico-sdk/src/rp2_common/hardware_timer/timer.c.o
                0x100029d4                busy_wait_until
 .text.runtime_init_per_core_irq_priorities
                0x100029f4       0x24 CMakeFiles/ddc_sdr.dir/home/frohro/Classes/Digital_Design/Pico-Dev-iCE/Software/pico-ice-sdk/lib/pico-sdk/src/rp2_common/hardware_irq/irq.c.o
                0x100029f4                runtime_init_per_core_irq_priorities
 .text.irq_set_enabled
                0x10002a18       0x24 CMakeFiles/ddc_sdr.dir/home/frohro/Classes/Digital_Design/Pico-Dev-iCE/Software/pico-ice-sdk/lib/pico-sdk/src/rp2_common/hardware_irq/irq.c.o
                0x10002a18                irq_set_enabled
 .text.irq_set_exclusive_handler
                0x10002a3c       0x54 CMakeFiles/ddc_sdr.dir/home/frohro/Classes/Digital_Design/Pico-Dev-iCE/Software/pico-ice-sdk/lib/pico-sdk/src/rp2_common/hardware_irq/irq.c.o
                0x10002a3c                irq_set_exclusive_handler
 .text.irq_add_shared_handler
                0x10002a90      0x1d8 CMakeFiles/ddc_sdr.dir/home/frohro/Classes/Digital_Design/Pico-Dev-iCE/Software/pico-ice-sdk/lib/pico-sdk/src/rp2_common/hardware_irq/irq.c.o
                0x10002a90                irq_add_shared_handler
 .text.irq_add_tail_to_free_list
                0x10002c68       0xb4 CMakeFiles/ddc_sdr.dir/home/frohro/Classes/Digital_Design/Pico-Dev-iCE/Software/pico-ice-sdk/lib/pico-sdk/src/rp2_common/hardware_irq/irq.c.o
                0x10002c68                irq_add_tail_to_free_list
 .text.lock_init
                0x10002d1c       0x10 CMakeFiles/ddc_sdr.dir/home/frohro/Classes/Digital_Design/Pico-Dev-iCE/Software/pico-ice-sdk/lib/pico-sdk/src/common/pico_sync/lock_core.c.o
                0x10002d1c                lock_init
 .text.runtime_init_mutex
                0x10002d2c       0x50 CMakeFiles/ddc_sdr.dir/home/frohro/Classes/Digital_Design/Pico-Dev-iCE/Software/pico-ice-sdk/lib/pico-sdk/src/common/pico_sync/mutex.c.o
                0x10002d2c                runtime_init_mutex
 .text.mutex_init
                0x10002d7c       0x1c CMakeFiles/ddc_sdr.dir/home/frohro/Classes/Digital_Design/Pico-Dev-iCE/Software/pico-ice-sdk/lib/pico-sdk/src/common/pico_sync/mutex.c.o
                0x10002d7c                mutex_init
 .text.critical_section_init
                0x10002d98       0x1c CMakeFiles/ddc_sdr.dir/home/frohro/Classes/Digital_Design/Pico-Dev-iCE/Software/pico-ice-sdk/lib/pico-sdk/src/common/pico_sync/critical_section.c.o
                0x10002d98                critical_section_init
 .text.gpio_set_function
                0x10002db4       0x34 CMakeFiles/ddc_sdr.dir/home/frohro/Classes/Digital_Design/Pico-Dev-iCE/Software/pico-ice-sdk/lib/pico-sdk/src/rp2_common/hardware_gpio/gpio.c.o
                0x10002db4                gpio_set_function
 .text.gpio_set_pulls
                0x10002de8       0x28 CMakeFiles/ddc_sdr.dir/home/frohro/Classes/Digital_Design/Pico-Dev-iCE/Software/pico-ice-sdk/lib/pico-sdk/src/rp2_common/hardware_gpio/gpio.c.o
                0x10002de8                gpio_set_pulls
 .text.gpio_set_outover
                0x10002e10       0x24 CMakeFiles/ddc_sdr.dir/home/frohro/Classes/Digital_Design/Pico-Dev-iCE/Software/pico-ice-sdk/lib/pico-sdk/src/rp2_common/hardware_gpio/gpio.c.o
                0x10002e10                gpio_set_outover
 .text.gpio_init
                0x10002e34       0x40 CMakeFiles/ddc_sdr.dir/home/frohro/Classes/Digital_Design/Pico-Dev-iCE/Software/pico-ice-sdk/lib/pico-sdk/src/rp2_common/hardware_gpio/gpio.c.o
                0x10002e34                gpio_init
 .text.pio_sm_unclaim
                0x10002e74       0x20 CMakeFiles/ddc_sdr.dir/home/frohro/Classes/Digital_Design/Pico-Dev-iCE/Software/pico-ice-sdk/lib/pico-sdk/src/rp2_common/hardware_pio/pio.c.o
                0x10002e74                pio_sm_unclaim
 .text.pio_claim_unused_sm
                0x10002e94       0x38 CMakeFiles/ddc_sdr.dir/home/frohro/Classes/Digital_Design/Pico-Dev-iCE/Software/pico-ice-sdk/lib/pico-sdk/src/rp2_common/hardware_pio/pio.c.o
                0x10002e94                pio_claim_unused_sm
 .text.pio_can_add_program
                0x10002ecc       0xa0 CMakeFiles/ddc_sdr.dir/home/frohro/Classes/Digital_Design/Pico-Dev-iCE/Software/pico-ice-sdk/lib/pico-sdk/src/rp2_common/hardware_pio/pio.c.o
                0x10002ecc                pio_can_add_program
 .text.pio_add_program
                0x10002f6c      0x104 CMakeFiles/ddc_sdr.dir/home/frohro/Classes/Digital_Design/Pico-Dev-iCE/Software/pico-ice-sdk/lib/pico-sdk/src/rp2_common/hardware_pio/pio.c.o
                0x10002f6c                pio_add_program
 .text.pio_remove_program
                0x10003070       0x30 CMakeFiles/ddc_sdr.dir/home/frohro/Classes/Digital_Design/Pico-Dev-iCE/Software/pico-ice-sdk/lib/pico-sdk/src/rp2_common/hardware_pio/pio.c.o
                0x10003070                pio_remove_program
 .text.pio_sm_set_consecutive_pindirs
                0x100030a0       0xb4 CMakeFiles/ddc_sdr.dir/home/frohro/Classes/Digital_Design/Pico-Dev-iCE/Software/pico-ice-sdk/lib/pico-sdk/src/rp2_common/hardware_pio/pio.c.o
                0x100030a0                pio_sm_set_consecutive_pindirs
 .text.pio_sm_init
                0x10003154       0x9c CMakeFiles/ddc_sdr.dir/home/frohro/Classes/Digital_Design/Pico-Dev-iCE/Software/pico-ice-sdk/lib/pico-sdk/src/rp2_common/hardware_pio/pio.c.o
                0x10003154                pio_sm_init
 .text.spi_init
                0x100031f0      0x140 CMakeFiles/ddc_sdr.dir/home/frohro/Classes/Digital_Design/Pico-Dev-iCE/Software/pico-ice-sdk/lib/pico-sdk/src/rp2_common/hardware_spi/spi.c.o
                0x100031f0                spi_init
 .text.spi_deinit
                0x10003330       0x3c CMakeFiles/ddc_sdr.dir/home/frohro/Classes/Digital_Design/Pico-Dev-iCE/Software/pico-ice-sdk/lib/pico-sdk/src/rp2_common/hardware_spi/spi.c.o
                0x10003330                spi_deinit
 .text.clock_configure_int_divider
                0x1000336c       0xf4 CMakeFiles/ddc_sdr.dir/home/frohro/Classes/Digital_Design/Pico-Dev-iCE/Software/pico-ice-sdk/lib/pico-sdk/src/rp2_common/hardware_clocks/clocks.c.o
                0x1000336c                clock_configure_int_divider
 .text.clock_configure_undivided
                0x10003460       0xe8 CMakeFiles/ddc_sdr.dir/home/frohro/Classes/Digital_Design/Pico-Dev-iCE/Software/pico-ice-sdk/lib/pico-sdk/src/rp2_common/hardware_clocks/clocks.c.o
                0x10003460                clock_configure_undivided
 .text.clock_get_hz
                0x10003548        0xc CMakeFiles/ddc_sdr.dir/home/frohro/Classes/Digital_Design/Pico-Dev-iCE/Software/pico-ice-sdk/lib/pico-sdk/src/rp2_common/hardware_clocks/clocks.c.o
                0x10003548                clock_get_hz
 .text.clock_gpio_init_int_frac16
                0x10003554       0x54 CMakeFiles/ddc_sdr.dir/home/frohro/Classes/Digital_Design/Pico-Dev-iCE/Software/pico-ice-sdk/lib/pico-sdk/src/rp2_common/hardware_clocks/clocks.c.o
                0x10003554                clock_gpio_init_int_frac16
 .text.set_sys_clock_pll
                0x100035a8      0x1b8 CMakeFiles/ddc_sdr.dir/home/frohro/Classes/Digital_Design/Pico-Dev-iCE/Software/pico-ice-sdk/lib/pico-sdk/src/rp2_common/hardware_clocks/clocks.c.o
                0x100035a8                set_sys_clock_pll
 .text.check_sys_clock_khz
                0x10003760      0x234 CMakeFiles/ddc_sdr.dir/home/frohro/Classes/Digital_Design/Pico-Dev-iCE/Software/pico-ice-sdk/lib/pico-sdk/src/rp2_common/hardware_clocks/clocks.c.o
                0x10003760                check_sys_clock_khz
 .text.pll_init
                0x10003994       0xa4 CMakeFiles/ddc_sdr.dir/home/frohro/Classes/Digital_Design/Pico-Dev-iCE/Software/pico-ice-sdk/lib/pico-sdk/src/rp2_common/hardware_pll/pll.c.o
                0x10003994                pll_init
 .text.vreg_set_voltage
                0x10003a38       0x1c CMakeFiles/ddc_sdr.dir/home/frohro/Classes/Digital_Design/Pico-Dev-iCE/Software/pico-ice-sdk/lib/pico-sdk/src/rp2_common/hardware_vreg/vreg.c.o
                0x10003a38                vreg_set_voltage
 .text.watchdog_reboot
                0x10003a54       0x9c CMakeFiles/ddc_sdr.dir/home/frohro/Classes/Digital_Design/Pico-Dev-iCE/Software/pico-ice-sdk/lib/pico-sdk/src/rp2_common/hardware_watchdog/watchdog.c.o
                0x10003a54                watchdog_reboot
 .text.tick_start
                0x10003af0       0x10 CMakeFiles/ddc_sdr.dir/home/frohro/Classes/Digital_Design/Pico-Dev-iCE/Software/pico-ice-sdk/lib/pico-sdk/src/rp2_common/hardware_ticks/ticks.c.o
                0x10003af0                tick_start
 .text.xosc_init
                0x10003b00       0x28 CMakeFiles/ddc_sdr.dir/home/frohro/Classes/Digital_Design/Pico-Dev-iCE/Software/pico-ice-sdk/lib/pico-sdk/src/rp2_common/hardware_xosc/xosc.c.o
                0x10003b00                xosc_init
 .text.dma_channel_unclaim
                0x10003b28       0x14 CMakeFiles/ddc_sdr.dir/home/frohro/Classes/Digital_Design/Pico-Dev-iCE/Software/pico-ice-sdk/lib/pico-sdk/src/rp2_common/hardware_dma/dma.c.o
                0x10003b28                dma_channel_unclaim
 .text.dma_claim_unused_channel
                0x10003b3c       0x24 CMakeFiles/ddc_sdr.dir/home/frohro/Classes/Digital_Design/Pico-Dev-iCE/Software/pico-ice-sdk/lib/pico-sdk/src/rp2_common/hardware_dma/dma.c.o
                0x10003b3c                dma_claim_unused_channel
 .text.first_per_core_initializer
                0x10003b60        0x4 CMakeFiles/ddc_sdr.dir/home/frohro/Classes/Digital_Design/Pico-Dev-iCE/Software/pico-ice-sdk/lib/pico-sdk/src/rp2_common/pico_runtime/runtime.c.o
 .text.hard_assertion_failure
                0x10003b64        0xc CMakeFiles/ddc_sdr.dir/home/frohro/Classes/Digital_Design/Pico-Dev-iCE/Software/pico-ice-sdk/lib/pico-sdk/src/rp2_common/pico_runtime/runtime.c.o
                0x10003b64                hard_assertion_failure
 .text.runtime_run_initializers
                0x10003b70       0x28 CMakeFiles/ddc_sdr.dir/home/frohro/Classes/Digital_Design/Pico-Dev-iCE/Software/pico-ice-sdk/lib/pico-sdk/src/rp2_common/pico_runtime/runtime.c.o
                0x10003b70                runtime_run_initializers
 .text.runtime_init_early_resets
                0x10003b98       0x2c CMakeFiles/ddc_sdr.dir/home/frohro/Classes/Digital_Design/Pico-Dev-iCE/Software/pico-ice-sdk/lib/pico-sdk/src/rp2_common/pico_runtime_init/runtime_init.c.o
                0x10003b98                runtime_init_early_resets
 .text.runtime_init_usb_power_down
                0x10003bc4       0x1c CMakeFiles/ddc_sdr.dir/home/frohro/Classes/Digital_Design/Pico-Dev-iCE/Software/pico-ice-sdk/lib/pico-sdk/src/rp2_common/pico_runtime_init/runtime_init.c.o
                0x10003bc4                runtime_init_usb_power_down
 .text.runtime_init_post_clock_resets
                0x10003be0       0x20 CMakeFiles/ddc_sdr.dir/home/frohro/Classes/Digital_Design/Pico-Dev-iCE/Software/pico-ice-sdk/lib/pico-sdk/src/rp2_common/pico_runtime_init/runtime_init.c.o
                0x10003be0                runtime_init_post_clock_resets
 .text.runtime_init_rp2040_gpio_ie_disable
                0x10003c00       0x14 CMakeFiles/ddc_sdr.dir/home/frohro/Classes/Digital_Design/Pico-Dev-iCE/Software/pico-ice-sdk/lib/pico-sdk/src/rp2_common/pico_runtime_init/runtime_init.c.o
                0x10003c00                runtime_init_rp2040_gpio_ie_disable
 .text.runtime_init_spin_locks_reset
                0x10003c14        0x8 CMakeFiles/ddc_sdr.dir/home/frohro/Classes/Digital_Design/Pico-Dev-iCE/Software/pico-ice-sdk/lib/pico-sdk/src/rp2_common/pico_runtime_init/runtime_init.c.o
                0x10003c14                runtime_init_spin_locks_reset
 .text.runtime_init_install_ram_vector_table
                0x10003c1c       0xb4 CMakeFiles/ddc_sdr.dir/home/frohro/Classes/Digital_Design/Pico-Dev-iCE/Software/pico-ice-sdk/lib/pico-sdk/src/rp2_common/pico_runtime_init/runtime_init.c.o
                0x10003c1c                runtime_init_install_ram_vector_table
 .text.runtime_init_clocks
                0x10003cd0       0xd8 CMakeFiles/ddc_sdr.dir/home/frohro/Classes/Digital_Design/Pico-Dev-iCE/Software/pico-ice-sdk/lib/pico-sdk/src/rp2_common/pico_runtime_init/runtime_init_clocks.c.o
                0x10003cd0                runtime_init_clocks
 .text          0x10003da8       0x10 CMakeFiles/ddc_sdr.dir/home/frohro/Classes/Digital_Design/Pico-Dev-iCE/Software/pico-ice-sdk/lib/pico-sdk/src/rp2_common/pico_bit_ops/bit_ops_aeabi.S.o
 .text.ctzsi    0x10003db8        0xc CMakeFiles/ddc_sdr.dir/home/frohro/Classes/Digital_Design/Pico-Dev-iCE/Software/pico-ice-sdk/lib/pico-sdk/src/rp2_common/pico_bit_ops/bit_ops_aeabi.S.o
                0x10003db8                __wrap___ctzsi2
 .text.__wrap___aeabi_idiv
                0x10003dc4       0x50 CMakeFiles/ddc_sdr.dir/home/frohro/Classes/Digital_Design/Pico-Dev-iCE/Software/pico-ice-sdk/lib/pico-sdk/src/rp2_common/pico_divider/divider_hardware.S.o
                0x10003dc4                __wrap___aeabi_idivmod
                0x10003dc4                divmod_s32s32
                0x10003dc4                div_s32s32
                0x10003dc4                __wrap___aeabi_idiv
                0x10003df8                divmod_s32s32_savestate
 .text.__wrap___aeabi_uidiv
                0x10003e14       0x4c CMakeFiles/ddc_sdr.dir/home/frohro/Classes/Digital_Design/Pico-Dev-iCE/Software/pico-ice-sdk/lib/pico-sdk/src/rp2_common/pico_divider/divider_hardware.S.o
                0x10003e14                __wrap___aeabi_uidiv
                0x10003e14                __wrap___aeabi_uidivmod
                0x10003e14                div_u32u32
                0x10003e14                divmod_u32u32
                0x10003e44                divmod_u32u32_savestate
 .text.__wrap___aeabi_ldiv
                0x10003e60      0x424 CMakeFiles/ddc_sdr.dir/home/frohro/Classes/Digital_Design/Pico-Dev-iCE/Software/pico-ice-sdk/lib/pico-sdk/src/rp2_common/pico_divider/divider_hardware.S.o
                0x10003e60                div_s64s64
                0x10003e60                divmod_s64s64
                0x10003e60                __wrap___aeabi_ldivmod
                0x10003e90                div_u64u64
                0x10003e90                divmod_u64u64
                0x10003e90                __wrap___aeabi_uldivmod
                0x10003ea0                divmod_u64u64_savestate
                0x10003ec0                divmod_s64s64_unsafe
                0x10003f48                divmod_u64u64_unsafe
 .text.__wrap___aeabi_darithmetic
                0x10004284       0x80 CMakeFiles/ddc_sdr.dir/home/frohro/Classes/Digital_Design/Pico-Dev-iCE/Software/pico-ice-sdk/lib/pico-sdk/src/rp2_common/pico_double/double_aeabi_rp2040.S.o
                0x10004284                __wrap___aeabi_drsub
                0x1000428a                __wrap___aeabi_dsub
                0x1000429c                __wrap___aeabi_dadd
                0x100042ae                __wrap___aeabi_ddiv
                0x100042ea                __wrap___aeabi_dmul
 .text.__wrap___aeabi_cdcmple
                0x10004304       0x6c CMakeFiles/ddc_sdr.dir/home/frohro/Classes/Digital_Design/Pico-Dev-iCE/Software/pico-ice-sdk/lib/pico-sdk/src/rp2_common/pico_double/double_aeabi_rp2040.S.o
                0x10004304                __wrap___aeabi_cdrcmple
                0x10004314                __wrap___aeabi_cdcmple
                0x10004314                __wrap___aeabi_cdcmpeq
 .text.__wrap___aeabi_dcmplt
                0x10004370        0xc CMakeFiles/ddc_sdr.dir/home/frohro/Classes/Digital_Design/Pico-Dev-iCE/Software/pico-ice-sdk/lib/pico-sdk/src/rp2_common/pico_double/double_aeabi_rp2040.S.o
                0x10004370                __wrap___aeabi_dcmplt
 .text.__wrap___aeabi_dcmpge
                0x1000437c       0x10 CMakeFiles/ddc_sdr.dir/home/frohro/Classes/Digital_Design/Pico-Dev-iCE/Software/pico-ice-sdk/lib/pico-sdk/src/rp2_common/pico_double/double_aeabi_rp2040.S.o
                0x1000437c                __wrap___aeabi_dcmpge
 .text.__wrap___aeabi_dcmpgt
                0x1000438c        0xa CMakeFiles/ddc_sdr.dir/home/frohro/Classes/Digital_Design/Pico-Dev-iCE/Software/pico-ice-sdk/lib/pico-sdk/src/rp2_common/pico_double/double_aeabi_rp2040.S.o
                0x1000438c                __wrap___aeabi_dcmpgt
 .text.__wrap___aeabi_dcmpun
                0x10004396       0x18 CMakeFiles/ddc_sdr.dir/home/frohro/Classes/Digital_Design/Pico-Dev-iCE/Software/pico-ice-sdk/lib/pico-sdk/src/rp2_common/pico_double/double_aeabi_rp2040.S.o
                0x10004396                __wrap___aeabi_dcmpun
 *fill*         0x100043ae        0x2 
 .text.__wrap___aeabi_i2d
                0x100043b0       0x38 CMakeFiles/ddc_sdr.dir/home/frohro/Classes/Digital_Design/Pico-Dev-iCE/Software/pico-ice-sdk/lib/pico-sdk/src/rp2_common/pico_double/double_aeabi_rp2040.S.o
                0x100043b0                __wrap___aeabi_ui2d
                0x100043b0                uint2double
                0x100043b8                __wrap___aeabi_i2d
                0x100043b8                int2double
 .text.__wrap___aeabi_d2iz
                0x100043e8       0x48 CMakeFiles/ddc_sdr.dir/home/frohro/Classes/Digital_Design/Pico-Dev-iCE/Software/pico-ice-sdk/lib/pico-sdk/src/rp2_common/pico_double/double_aeabi_rp2040.S.o
                0x100043e8                __wrap___aeabi_d2iz
                0x100043e8                double2int_z
 .text.__wrap___aeabi_d2uiz
                0x10004430       0x18 CMakeFiles/ddc_sdr.dir/home/frohro/Classes/Digital_Design/Pico-Dev-iCE/Software/pico-ice-sdk/lib/pico-sdk/src/rp2_common/pico_double/double_aeabi_rp2040.S.o
                0x10004430                double2uint_z
                0x10004430                double2uint
                0x10004430                __wrap___aeabi_d2uiz
 .text.__aeabi_double_init
                0x10004448       0xa4 CMakeFiles/ddc_sdr.dir/home/frohro/Classes/Digital_Design/Pico-Dev-iCE/Software/pico-ice-sdk/lib/pico-sdk/src/rp2_common/pico_double/double_init_rom_rp2040.c.o
                0x10004448                __aeabi_double_init
 .text.double_table_shim_on_use_helper
                0x100044ec       0x2c CMakeFiles/ddc_sdr.dir/home/frohro/Classes/Digital_Design/Pico-Dev-iCE/Software/pico-ice-sdk/lib/pico-sdk/src/rp2_common/pico_double/double_v1_rom_shim_rp2040.S.o
                0x100044ec                double_table_shim_on_use_helper
 .text.__wrap___aeabi_dsub
                0x10004518       0x10 CMakeFiles/ddc_sdr.dir/home/frohro/Classes/Digital_Design/Pico-Dev-iCE/Software/pico-ice-sdk/lib/pico-sdk/src/rp2_common/pico_double/double_v1_rom_shim_rp2040.S.o
                0x10004518                drsub_shim
                0x1000451e                dsub_shim
 .text.dadd_shim
                0x10004528      0x15c CMakeFiles/ddc_sdr.dir/home/frohro/Classes/Digital_Design/Pico-Dev-iCE/Software/pico-ice-sdk/lib/pico-sdk/src/rp2_common/pico_double/double_v1_rom_shim_rp2040.S.o
                0x10004528                dadd_shim
 .text.dmul_shim
                0x10004684      0x15c CMakeFiles/ddc_sdr.dir/home/frohro/Classes/Digital_Design/Pico-Dev-iCE/Software/pico-ice-sdk/lib/pico-sdk/src/rp2_common/pico_double/double_v1_rom_shim_rp2040.S.o
                0x10004684                dmul_shim
 .text.ddiv_shim
                0x100047e0      0x1b0 CMakeFiles/ddc_sdr.dir/home/frohro/Classes/Digital_Design/Pico-Dev-iCE/Software/pico-ice-sdk/lib/pico-sdk/src/rp2_common/pico_double/double_v1_rom_shim_rp2040.S.o
                0x100047e0                ddiv_shim
 .text.double2uint_shim
                0x10004990        0xe CMakeFiles/ddc_sdr.dir/home/frohro/Classes/Digital_Design/Pico-Dev-iCE/Software/pico-ice-sdk/lib/pico-sdk/src/rp2_common/pico_double/double_v1_rom_shim_rp2040.S.o
                0x10004990                double2uint_shim
                0x10004992                double2ufix_shim
 *fill*         0x1000499e        0x2 
 .text.double2uint64_shim
                0x100049a0       0x70 CMakeFiles/ddc_sdr.dir/home/frohro/Classes/Digital_Design/Pico-Dev-iCE/Software/pico-ice-sdk/lib/pico-sdk/src/rp2_common/pico_double/double_v1_rom_shim_rp2040.S.o
                0x100049a0                double2uint64_shim
                0x100049a2                double2ufix64_shim
                0x100049c2                d2fix_a
 .text.dunpacks
                0x10004a10       0x3c CMakeFiles/ddc_sdr.dir/home/frohro/Classes/Digital_Design/Pico-Dev-iCE/Software/pico-ice-sdk/lib/pico-sdk/src/rp2_common/pico_double/double_v1_rom_shim_rp2040.S.o
                0x10004a10                dunpacks
 .text.__aeabi_lmul
                0x10004a4c       0x32 CMakeFiles/ddc_sdr.dir/home/frohro/Classes/Digital_Design/Pico-Dev-iCE/Software/pico-ice-sdk/lib/pico-sdk/src/rp2_common/pico_int64_ops/pico_int64_ops_aeabi.S.o
                0x10004a4c                __wrap___aeabi_lmul
 *fill*         0x10004a7e        0x2 
 .text.__wrap___aeabi_farithmetic
                0x10004a80       0x48 CMakeFiles/ddc_sdr.dir/home/frohro/Classes/Digital_Design/Pico-Dev-iCE/Software/pico-ice-sdk/lib/pico-sdk/src/rp2_common/pico_float/float_aeabi_rp2040.S.o
                0x10004a80                __wrap___aeabi_frsub
                0x10004a86                __wrap___aeabi_fsub
                0x10004a8c                __wrap___aeabi_fadd
                0x10004a92                __wrap___aeabi_fdiv
                0x10004aba                __wrap___aeabi_fmul
 .text.__wrap___aeabi_ui2f
                0x10004ac8        0xa CMakeFiles/ddc_sdr.dir/home/frohro/Classes/Digital_Design/Pico-Dev-iCE/Software/pico-ice-sdk/lib/pico-sdk/src/rp2_common/pico_float/float_aeabi_rp2040.S.o
                0x10004ac8                uint2float
                0x10004ac8                __wrap___aeabi_ui2f
 *fill*         0x10004ad2        0x2 
 .text.__wrap___aeabi_i2f
                0x10004ad4       0x44 CMakeFiles/ddc_sdr.dir/home/frohro/Classes/Digital_Design/Pico-Dev-iCE/Software/pico-ice-sdk/lib/pico-sdk/src/rp2_common/pico_float/float_aeabi_rp2040.S.o
                0x10004ad4                int2float
                0x10004ad4                __wrap___aeabi_i2f
 .text.__wrap___aeabi_f2uiz
                0x10004b18        0xc CMakeFiles/ddc_sdr.dir/home/frohro/Classes/Digital_Design/Pico-Dev-iCE/Software/pico-ice-sdk/lib/pico-sdk/src/rp2_common/pico_float/float_aeabi_rp2040.S.o
                0x10004b18                float2uint
                0x10004b18                float2uint_z
                0x10004b18                __wrap___aeabi_f2uiz
 .text.__aeabi_float_init
                0x10004b24       0x64 CMakeFiles/ddc_sdr.dir/home/frohro/Classes/Digital_Design/Pico-Dev-iCE/Software/pico-ice-sdk/lib/pico-sdk/src/rp2_common/pico_float/float_init_rom_rp2040.c.o
                0x10004b24                __aeabi_float_init
 .text.float_table_shim_on_use_helper
                0x10004b88       0x2c CMakeFiles/ddc_sdr.dir/home/frohro/Classes/Digital_Design/Pico-Dev-iCE/Software/pico-ice-sdk/lib/pico-sdk/src/rp2_common/pico_float/float_v1_rom_shim_rp2040.S.o
                0x10004b88                float_table_shim_on_use_helper
 .text          0x10004bb4       0x10 CMakeFiles/ddc_sdr.dir/home/frohro/Classes/Digital_Design/Pico-Dev-iCE/Software/pico-ice-sdk/lib/pico-sdk/src/rp2_common/pico_mem_ops/mem_ops_aeabi.S.o
                0x10004bb4                __aeabi_mem_init
 .text.memset   0x10004bc4        0xc CMakeFiles/ddc_sdr.dir/home/frohro/Classes/Digital_Design/Pico-Dev-iCE/Software/pico-ice-sdk/lib/pico-sdk/src/rp2_common/pico_mem_ops/mem_ops_aeabi.S.o
                0x10004bc4                __wrap_memset
 .text.memcpy   0x10004bd0        0xc CMakeFiles/ddc_sdr.dir/home/frohro/Classes/Digital_Design/Pico-Dev-iCE/Software/pico-ice-sdk/lib/pico-sdk/src/rp2_common/pico_mem_ops/mem_ops_aeabi.S.o
                0x10004bd0                __wrap___aeabi_memcpy
                0x10004bd0                __wrap_memcpy
 .text._out_buffer
                0x10004bdc        0x8 CMakeFiles/ddc_sdr.dir/home/frohro/Classes/Digital_Design/Pico-Dev-iCE/Software/pico-ice-sdk/lib/pico-sdk/src/rp2_common/pico_printf/printf.c.o
 .text._out_null
                0x10004be4        0x4 CMakeFiles/ddc_sdr.dir/home/frohro/Classes/Digital_Design/Pico-Dev-iCE/Software/pico-ice-sdk/lib/pico-sdk/src/rp2_common/pico_printf/printf.c.o
 .text._out_rev
                0x10004be8       0xac CMakeFiles/ddc_sdr.dir/home/frohro/Classes/Digital_Design/Pico-Dev-iCE/Software/pico-ice-sdk/lib/pico-sdk/src/rp2_common/pico_printf/printf.c.o
 .text._ntoa_format
                0x10004c94      0x250 CMakeFiles/ddc_sdr.dir/home/frohro/Classes/Digital_Design/Pico-Dev-iCE/Software/pico-ice-sdk/lib/pico-sdk/src/rp2_common/pico_printf/printf.c.o
 .text._out_char
                0x10004ee4       0x10 CMakeFiles/ddc_sdr.dir/home/frohro/Classes/Digital_Design/Pico-Dev-iCE/Software/pico-ice-sdk/lib/pico-sdk/src/rp2_common/pico_printf/printf.c.o
 .text._etoa    0x10004ef4      0x464 CMakeFiles/ddc_sdr.dir/home/frohro/Classes/Digital_Design/Pico-Dev-iCE/Software/pico-ice-sdk/lib/pico-sdk/src/rp2_common/pico_printf/printf.c.o
 .text._ftoa    0x10005358      0x3c0 CMakeFiles/ddc_sdr.dir/home/frohro/Classes/Digital_Design/Pico-Dev-iCE/Software/pico-ice-sdk/lib/pico-sdk/src/rp2_common/pico_printf/printf.c.o
 .text._vsnprintf
                0x10005718      0xbc8 CMakeFiles/ddc_sdr.dir/home/frohro/Classes/Digital_Design/Pico-Dev-iCE/Software/pico-ice-sdk/lib/pico-sdk/src/rp2_common/pico_printf/printf.c.o
 .text.__wrap_snprintf
                0x100062e0       0x28 CMakeFiles/ddc_sdr.dir/home/frohro/Classes/Digital_Design/Pico-Dev-iCE/Software/pico-ice-sdk/lib/pico-sdk/src/rp2_common/pico_printf/printf.c.o
                0x100062e0                __wrap_snprintf
 .text.weak_raw_vprintf
                0x10006308       0x30 CMakeFiles/ddc_sdr.dir/home/frohro/Classes/Digital_Design/Pico-Dev-iCE/Software/pico-ice-sdk/lib/pico-sdk/src/rp2_common/pico_printf/printf.c.o
                0x10006308                weak_raw_vprintf
 .text._exit    0x10006338        0x4 CMakeFiles/ddc_sdr.dir/home/frohro/Classes/Digital_Design/Pico-Dev-iCE/Software/pico-ice-sdk/lib/pico-sdk/src/rp2_common/pico_clib_interface/newlib_interface.c.o
                0x10006338                _exit
 .text._fini    0x1000633c        0x4 CMakeFiles/ddc_sdr.dir/home/frohro/Classes/Digital_Design/Pico-Dev-iCE/Software/pico-ice-sdk/lib/pico-sdk/src/rp2_common/pico_clib_interface/newlib_interface.c.o
                0x1000633c                _fini
 .text.exit     0x10006340        0x8 CMakeFiles/ddc_sdr.dir/home/frohro/Classes/Digital_Design/Pico-Dev-iCE/Software/pico-ice-sdk/lib/pico-sdk/src/rp2_common/pico_clib_interface/newlib_interface.c.o
                0x10006340                exit
 .text.runtime_init
                0x10006348       0x2c CMakeFiles/ddc_sdr.dir/home/frohro/Classes/Digital_Design/Pico-Dev-iCE/Software/pico-ice-sdk/lib/pico-sdk/src/rp2_common/pico_clib_interface/newlib_interface.c.o
                0x10006348                runtime_init
 .text.stdio_out_chars_no_crlf
                0x10006374       0x10 CMakeFiles/ddc_sdr.dir/home/frohro/Classes/Digital_Design/Pico-Dev-iCE/Software/pico-ice-sdk/lib/pico-sdk/src/rp2_common/pico_stdio/stdio.c.o
 .text.stdio_out_chars_crlf
                0x10006384       0x94 CMakeFiles/ddc_sdr.dir/home/frohro/Classes/Digital_Design/Pico-Dev-iCE/Software/pico-ice-sdk/lib/pico-sdk/src/rp2_common/pico_stdio/stdio.c.o
 .text.stdio_put_string
                0x10006418      0x100 CMakeFiles/ddc_sdr.dir/home/frohro/Classes/Digital_Design/Pico-Dev-iCE/Software/pico-ice-sdk/lib/pico-sdk/src/rp2_common/pico_stdio/stdio.c.o
                0x10006418                stdio_put_string
 .text.__wrap_putchar
                0x10006518       0x98 CMakeFiles/ddc_sdr.dir/home/frohro/Classes/Digital_Design/Pico-Dev-iCE/Software/pico-ice-sdk/lib/pico-sdk/src/rp2_common/pico_stdio/stdio.c.o
                0x10006518                stdio_putchar
                0x10006518                __wrap_putchar
 .text.__wrap_puts
                0x100065b0       0x3c CMakeFiles/ddc_sdr.dir/home/frohro/Classes/Digital_Design/Pico-Dev-iCE/Software/pico-ice-sdk/lib/pico-sdk/src/rp2_common/pico_stdio/stdio.c.o
                0x100065b0                __wrap_puts
                0x100065b0                stdio_puts
 .text.runtime_init_per_core_tls_setup
                0x100065ec        0xc CMakeFiles/ddc_sdr.dir/home/frohro/Classes/Digital_Design/Pico-Dev-iCE/Software/pico-ice-sdk/lib/pico-sdk/src/rp2_common/pico_thread_local/thread_local.c.o
                0x100065ec                runtime_init_per_core_tls_setup
 .text.ice_usb_set_dfu_callbacks
                0x100065f8       0x14 CMakeFiles/ddc_sdr.dir/home/frohro/Classes/Digital_Design/Pico-Dev-iCE/Software/pico-ice-sdk/src/ice_usb.c.o
                0x100065f8                ice_usb_set_dfu_callbacks
 .text.tud_descriptor_device_cb
                0x1000660c        0x8 CMakeFiles/ddc_sdr.dir/home/frohro/Classes/Digital_Design/Pico-Dev-iCE/Software/pico-ice-sdk/src/ice_usb.c.o
                0x1000660c                tud_descriptor_device_cb
 .text.tud_descriptor_configuration_cb
                0x10006614        0x8 CMakeFiles/ddc_sdr.dir/home/frohro/Classes/Digital_Design/Pico-Dev-iCE/Software/pico-ice-sdk/src/ice_usb.c.o
                0x10006614                tud_descriptor_configuration_cb
 .text.tud_descriptor_string_cb
                0x1000661c       0x84 CMakeFiles/ddc_sdr.dir/home/frohro/Classes/Digital_Design/Pico-Dev-iCE/Software/pico-ice-sdk/src/ice_usb.c.o
                0x1000661c                tud_descriptor_string_cb
 .text.tud_dfu_get_timeout_cb
                0x100066a0        0x4 CMakeFiles/ddc_sdr.dir/home/frohro/Classes/Digital_Design/Pico-Dev-iCE/Software/pico-ice-sdk/src/ice_usb.c.o
                0x100066a0                tud_dfu_get_timeout_cb
 .text.tud_dfu_download_cb
                0x100066a4       0xf8 CMakeFiles/ddc_sdr.dir/home/frohro/Classes/Digital_Design/Pico-Dev-iCE/Software/pico-ice-sdk/src/ice_usb.c.o
                0x100066a4                tud_dfu_download_cb
 .text.tud_dfu_manifest_cb
                0x1000679c       0x64 CMakeFiles/ddc_sdr.dir/home/frohro/Classes/Digital_Design/Pico-Dev-iCE/Software/pico-ice-sdk/src/ice_usb.c.o
                0x1000679c                tud_dfu_manifest_cb
 .text.tud_dfu_abort_cb
                0x10006800       0x44 CMakeFiles/ddc_sdr.dir/home/frohro/Classes/Digital_Design/Pico-Dev-iCE/Software/pico-ice-sdk/src/ice_usb.c.o
                0x10006800                tud_dfu_abort_cb
 .text.tud_dfu_detach_cb
                0x10006844       0x10 CMakeFiles/ddc_sdr.dir/home/frohro/Classes/Digital_Design/Pico-Dev-iCE/Software/pico-ice-sdk/src/ice_usb.c.o
                0x10006844                tud_dfu_detach_cb
 .text.ice_usb_init
                0x10006854       0x2c CMakeFiles/ddc_sdr.dir/home/frohro/Classes/Digital_Design/Pico-Dev-iCE/Software/pico-ice-sdk/src/ice_usb.c.o
                0x10006854                ice_usb_init
 .text.startup._retrieve_unique_id_on_boot
                0x10006880       0x10 CMakeFiles/ddc_sdr.dir/home/frohro/Classes/Digital_Design/Pico-Dev-iCE/Software/pico-ice-sdk/lib/pico-sdk/src/rp2_common/pico_unique_id/unique_id.c.o
 .text.pico_get_unique_board_id_string
                0x10006890      0x1a8 CMakeFiles/ddc_sdr.dir/home/frohro/Classes/Digital_Design/Pico-Dev-iCE/Software/pico-ice-sdk/lib/pico-sdk/src/rp2_common/pico_unique_id/unique_id.c.o
                0x10006890                pico_get_unique_board_id_string
 .text.dcd_init
                0x10006a38       0x7c CMakeFiles/ddc_sdr.dir/home/frohro/tinyusb/src/portable/raspberrypi/rp2040/dcd_rp2040.c.o
                0x10006a38                dcd_init
 .text.dcd_int_enable
                0x10006ab4        0xc CMakeFiles/ddc_sdr.dir/home/frohro/tinyusb/src/portable/raspberrypi/rp2040/dcd_rp2040.c.o
                0x10006ab4                dcd_int_enable
 .text.dcd_set_address
                0x10006ac0       0x20 CMakeFiles/ddc_sdr.dir/home/frohro/tinyusb/src/portable/raspberrypi/rp2040/dcd_rp2040.c.o
                0x10006ac0                dcd_set_address
 .text.dcd_sof_enable
                0x10006ae0       0x1c CMakeFiles/ddc_sdr.dir/home/frohro/tinyusb/src/portable/raspberrypi/rp2040/dcd_rp2040.c.o
                0x10006ae0                dcd_sof_enable
 .text.dcd_edpt0_status_complete
                0x10006afc       0x1c CMakeFiles/ddc_sdr.dir/home/frohro/tinyusb/src/portable/raspberrypi/rp2040/dcd_rp2040.c.o
                0x10006afc                dcd_edpt0_status_complete
 .text.dcd_edpt_open
                0x10006b18      0x11c CMakeFiles/ddc_sdr.dir/home/frohro/tinyusb/src/portable/raspberrypi/rp2040/dcd_rp2040.c.o
                0x10006b18                dcd_edpt_open
 .text.dcd_edpt_iso_alloc
                0x10006c34       0xd4 CMakeFiles/ddc_sdr.dir/home/frohro/tinyusb/src/portable/raspberrypi/rp2040/dcd_rp2040.c.o
                0x10006c34                dcd_edpt_iso_alloc
 .text.dcd_edpt_iso_activate
                0x10006d08      0x128 CMakeFiles/ddc_sdr.dir/home/frohro/tinyusb/src/portable/raspberrypi/rp2040/dcd_rp2040.c.o
                0x10006d08                dcd_edpt_iso_activate
 .text.dcd_edpt_close_all
                0x10006e30        0x8 CMakeFiles/ddc_sdr.dir/home/frohro/tinyusb/src/portable/raspberrypi/rp2040/dcd_rp2040.c.o
                0x10006e30                dcd_edpt_close_all
 .text.dcd_edpt_xfer
                0x10006e38       0x70 CMakeFiles/ddc_sdr.dir/home/frohro/tinyusb/src/portable/raspberrypi/rp2040/dcd_rp2040.c.o
                0x10006e38                dcd_edpt_xfer
 .text.dcd_edpt_stall
                0x10006ea8       0xcc CMakeFiles/ddc_sdr.dir/home/frohro/tinyusb/src/portable/raspberrypi/rp2040/dcd_rp2040.c.o
                0x10006ea8                dcd_edpt_stall
 .text.dcd_edpt_clear_stall
                0x10006f74       0x4c CMakeFiles/ddc_sdr.dir/home/frohro/tinyusb/src/portable/raspberrypi/rp2040/dcd_rp2040.c.o
                0x10006f74                dcd_edpt_clear_stall
 .text.rp2usb_init
                0x10006fc0       0x58 CMakeFiles/ddc_sdr.dir/home/frohro/tinyusb/src/portable/raspberrypi/rp2040/rp2040_usb.c.o
                0x10006fc0                rp2usb_init
 .text.rp2usb_xfer_start
                0x10007018       0xe8 CMakeFiles/ddc_sdr.dir/home/frohro/tinyusb/src/portable/raspberrypi/rp2040/rp2040_usb.c.o
                0x10007018                rp2usb_xfer_start
 .text.tud_vendor_control_xfer_cb
                0x10007100        0x4 CMakeFiles/ddc_sdr.dir/home/frohro/tinyusb/src/device/usbd.c.o
                0x10007100                tud_vendor_control_xfer_cb
 .text.configuration_reset
                0x10007104       0x90 CMakeFiles/ddc_sdr.dir/home/frohro/tinyusb/src/device/usbd.c.o
 .text.tud_event_hook_cb
                0x10007194        0x4 CMakeFiles/ddc_sdr.dir/home/frohro/tinyusb/src/device/usbd.c.o
                0x10007194                tud_event_hook_cb
 .text.tud_sof_cb
                0x10007198        0x4 CMakeFiles/ddc_sdr.dir/home/frohro/tinyusb/src/device/usbd.c.o
                0x10007198                tud_sof_cb
 .text.tud_descriptor_bos_cb
                0x1000719c        0x4 CMakeFiles/ddc_sdr.dir/home/frohro/tinyusb/src/device/usbd.c.o
                0x1000719c                tud_descriptor_bos_cb
 .text.tud_descriptor_device_qualifier_cb
                0x100071a0        0x4 CMakeFiles/ddc_sdr.dir/home/frohro/tinyusb/src/device/usbd.c.o
                0x100071a0                tud_descriptor_device_qualifier_cb
 .text.tud_descriptor_other_speed_configuration_cb
                0x100071a4        0x4 CMakeFiles/ddc_sdr.dir/home/frohro/tinyusb/src/device/usbd.c.o
                0x100071a4                tud_descriptor_other_speed_configuration_cb
 .text.tud_mount_cb
                0x100071a8        0x4 CMakeFiles/ddc_sdr.dir/home/frohro/tinyusb/src/device/usbd.c.o
                0x100071a8                tud_mount_cb
 .text.tud_umount_cb
                0x100071ac        0x4 CMakeFiles/ddc_sdr.dir/home/frohro/tinyusb/src/device/usbd.c.o
                0x100071ac                tud_umount_cb
 .text.tud_suspend_cb
                0x100071b0        0x4 CMakeFiles/ddc_sdr.dir/home/frohro/tinyusb/src/device/usbd.c.o
                0x100071b0                tud_suspend_cb
 .text.tud_resume_cb
                0x100071b4        0x4 CMakeFiles/ddc_sdr.dir/home/frohro/tinyusb/src/device/usbd.c.o
                0x100071b4                tud_resume_cb
 .text.usbd_app_driver_get_cb
                0x100071b8        0x8 CMakeFiles/ddc_sdr.dir/home/frohro/tinyusb/src/device/usbd.c.o
                0x100071b8                usbd_app_driver_get_cb
 .text.tud_speed_get
                0x100071c0        0xc CMakeFiles/ddc_sdr.dir/home/frohro/tinyusb/src/device/usbd.c.o
                0x100071c0                tud_speed_get
 .text.tud_mounted
                0x100071cc       0x10 CMakeFiles/ddc_sdr.dir/home/frohro/tinyusb/src/device/usbd.c.o
                0x100071cc                tud_mounted
 .text.tud_suspended
                0x100071dc       0x10 CMakeFiles/ddc_sdr.dir/home/frohro/tinyusb/src/device/usbd.c.o
                0x100071dc                tud_suspended
 .text.tud_rhport_init
                0x100071ec      0x108 CMakeFiles/ddc_sdr.dir/home/frohro/tinyusb/src/device/usbd.c.o
                0x100071ec                tud_rhport_init
 .text.usbd_get_ctrl_buf
                0x100072f4        0x8 CMakeFiles/ddc_sdr.dir/home/frohro/tinyusb/src/device/usbd.c.o
                0x100072f4                usbd_get_ctrl_buf
 .text.tud_control_status
                0x100072fc       0x60 CMakeFiles/ddc_sdr.dir/home/frohro/tinyusb/src/device/usbd.c.o
                0x100072fc                tud_control_status
 .text.tud_control_xfer
                0x1000735c       0xf8 CMakeFiles/ddc_sdr.dir/home/frohro/tinyusb/src/device/usbd.c.o
                0x1000735c                tud_control_xfer
 .text.usbd_edpt_open
                0x10007454       0x20 CMakeFiles/ddc_sdr.dir/home/frohro/tinyusb/src/device/usbd.c.o
                0x10007454                usbd_edpt_open
 .text.usbd_edpt_claim
                0x10007474       0x28 CMakeFiles/ddc_sdr.dir/home/frohro/tinyusb/src/device/usbd.c.o
                0x10007474                usbd_edpt_claim
 .text.usbd_edpt_release
                0x1000749c       0x28 CMakeFiles/ddc_sdr.dir/home/frohro/tinyusb/src/device/usbd.c.o
                0x1000749c                usbd_edpt_release
 .text.usbd_edpt_xfer
                0x100074c4       0x50 CMakeFiles/ddc_sdr.dir/home/frohro/tinyusb/src/device/usbd.c.o
                0x100074c4                usbd_edpt_xfer
 .text.usbd_edpt_xfer_fifo
                0x10007514        0x4 CMakeFiles/ddc_sdr.dir/home/frohro/tinyusb/src/device/usbd.c.o
                0x10007514                usbd_edpt_xfer_fifo
 .text.usbd_edpt_clear_stall
                0x10007518       0x30 CMakeFiles/ddc_sdr.dir/home/frohro/tinyusb/src/device/usbd.c.o
                0x10007518                usbd_edpt_clear_stall
 .text.tud_task_ext
                0x10007548      0x7d4 CMakeFiles/ddc_sdr.dir/home/frohro/tinyusb/src/device/usbd.c.o
                0x10007548                tud_task_ext
 .text.usbd_edpt_iso_alloc
                0x10007d1c       0x10 CMakeFiles/ddc_sdr.dir/home/frohro/tinyusb/src/device/usbd.c.o
                0x10007d1c                usbd_edpt_iso_alloc
 .text.usbd_edpt_iso_activate
                0x10007d2c       0x38 CMakeFiles/ddc_sdr.dir/home/frohro/tinyusb/src/device/usbd.c.o
                0x10007d2c                usbd_edpt_iso_activate
 .text.audiod_calc_tx_packet_sz.isra.0
                0x10007d64       0xd0 CMakeFiles/ddc_sdr.dir/home/frohro/tinyusb/src/class/audio/audio_device.c.o
 .text.tud_audio_tx_done_isr
                0x10007e34        0x4 CMakeFiles/ddc_sdr.dir/home/frohro/tinyusb/src/class/audio/audio_device.c.o
                0x10007e34                tud_audio_tx_done_isr
 .text.tud_audio_set_req_itf_cb
                0x10007e38        0x4 CMakeFiles/ddc_sdr.dir/home/frohro/tinyusb/src/class/audio/audio_device.c.o
                0x10007e38                tud_audio_set_req_itf_cb
 .text.tud_audio_get_req_itf_cb
                0x10007e3c        0x4 CMakeFiles/ddc_sdr.dir/home/frohro/tinyusb/src/class/audio/audio_device.c.o
                0x10007e3c                tud_audio_get_req_itf_cb
 .text.tud_audio_n_mounted
                0x10007e40       0x14 CMakeFiles/ddc_sdr.dir/home/frohro/tinyusb/src/class/audio/audio_device.c.o
                0x10007e40                tud_audio_n_mounted
 .text.tud_audio_n_write
                0x10007e54       0x20 CMakeFiles/ddc_sdr.dir/home/frohro/tinyusb/src/class/audio/audio_device.c.o
                0x10007e54                tud_audio_n_write
 .text.tud_audio_n_get_ep_in_ff
                0x10007e74       0x1c CMakeFiles/ddc_sdr.dir/home/frohro/tinyusb/src/class/audio/audio_device.c.o
                0x10007e74                tud_audio_n_get_ep_in_ff
 .text.audiod_init
                0x10007e90       0x34 CMakeFiles/ddc_sdr.dir/home/frohro/tinyusb/src/class/audio/audio_device.c.o
                0x10007e90                audiod_init
 .text.audiod_deinit
                0x10007ec4        0x4 CMakeFiles/ddc_sdr.dir/home/frohro/tinyusb/src/class/audio/audio_device.c.o
                0x10007ec4                audiod_deinit
 .text.audiod_reset
                0x10007ec8       0x1c CMakeFiles/ddc_sdr.dir/home/frohro/tinyusb/src/class/audio/audio_device.c.o
                0x10007ec8                audiod_reset
 .text.audiod_open
                0x10007ee4      0x1ec CMakeFiles/ddc_sdr.dir/home/frohro/tinyusb/src/class/audio/audio_device.c.o
                0x10007ee4                audiod_open
 .text.audiod_control_xfer_cb
                0x100080d0      0x514 CMakeFiles/ddc_sdr.dir/home/frohro/tinyusb/src/class/audio/audio_device.c.o
                0x100080d0                audiod_control_xfer_cb
 .text.audiod_xfer_cb
                0x100085e4        0x4 CMakeFiles/ddc_sdr.dir/home/frohro/tinyusb/src/class/audio/audio_device.c.o
                0x100085e4                audiod_xfer_cb
 .text.audiod_xfer_isr
                0x100085e8      0x13c CMakeFiles/ddc_sdr.dir/home/frohro/tinyusb/src/class/audio/audio_device.c.o
                0x100085e8                audiod_xfer_isr
 .text.tud_audio_buffer_and_schedule_control_xfer
                0x10008724      0x158 CMakeFiles/ddc_sdr.dir/home/frohro/tinyusb/src/class/audio/audio_device.c.o
                0x10008724                tud_audio_buffer_and_schedule_control_xfer
 .text.tud_cdc_rx_wanted_cb
                0x1000887c        0x4 CMakeFiles/ddc_sdr.dir/home/frohro/tinyusb/src/class/cdc/cdc_device.c.o
                0x1000887c                tud_cdc_rx_wanted_cb
 .text.tud_cdc_tx_complete_cb
                0x10008880        0x4 CMakeFiles/ddc_sdr.dir/home/frohro/tinyusb/src/class/cdc/cdc_device.c.o
                0x10008880                tud_cdc_tx_complete_cb
 .text.tud_cdc_notify_complete_cb
                0x10008884        0x4 CMakeFiles/ddc_sdr.dir/home/frohro/tinyusb/src/class/cdc/cdc_device.c.o
                0x10008884                tud_cdc_notify_complete_cb
 .text.tud_cdc_line_coding_cb
                0x10008888        0x4 CMakeFiles/ddc_sdr.dir/home/frohro/tinyusb/src/class/cdc/cdc_device.c.o
                0x10008888                tud_cdc_line_coding_cb
 .text.tud_cdc_send_break_cb
                0x1000888c        0x4 CMakeFiles/ddc_sdr.dir/home/frohro/tinyusb/src/class/cdc/cdc_device.c.o
                0x1000888c                tud_cdc_send_break_cb
 .text.tud_cdc_n_connected
                0x10008890       0x2c CMakeFiles/ddc_sdr.dir/home/frohro/tinyusb/src/class/cdc/cdc_device.c.o
                0x10008890                tud_cdc_n_connected
 .text.tud_cdc_n_available
                0x100088bc       0x40 CMakeFiles/ddc_sdr.dir/home/frohro/tinyusb/src/class/cdc/cdc_device.c.o
                0x100088bc                tud_cdc_n_available
 .text.tud_cdc_n_read
                0x100088fc       0x18 CMakeFiles/ddc_sdr.dir/home/frohro/tinyusb/src/class/cdc/cdc_device.c.o
                0x100088fc                tud_cdc_n_read
 .text.tud_cdc_n_write
                0x10008914       0x18 CMakeFiles/ddc_sdr.dir/home/frohro/tinyusb/src/class/cdc/cdc_device.c.o
                0x10008914                tud_cdc_n_write
 .text.tud_cdc_n_write_flush
                0x1000892c       0x18 CMakeFiles/ddc_sdr.dir/home/frohro/tinyusb/src/class/cdc/cdc_device.c.o
                0x1000892c                tud_cdc_n_write_flush
 .text.cdcd_init
                0x10008944       0x68 CMakeFiles/ddc_sdr.dir/home/frohro/tinyusb/src/class/cdc/cdc_device.c.o
                0x10008944                cdcd_init
 .text.cdcd_deinit
                0x100089ac        0x4 CMakeFiles/ddc_sdr.dir/home/frohro/tinyusb/src/class/cdc/cdc_device.c.o
                0x100089ac                cdcd_deinit
 .text.cdcd_reset
                0x100089b0       0x20 CMakeFiles/ddc_sdr.dir/home/frohro/tinyusb/src/class/cdc/cdc_device.c.o
                0x100089b0                cdcd_reset
 .text.cdcd_open
                0x100089d0      0x154 CMakeFiles/ddc_sdr.dir/home/frohro/tinyusb/src/class/cdc/cdc_device.c.o
                0x100089d0                cdcd_open
 .text.cdcd_control_xfer_cb
                0x10008b24       0xc8 CMakeFiles/ddc_sdr.dir/home/frohro/tinyusb/src/class/cdc/cdc_device.c.o
                0x10008b24                cdcd_control_xfer_cb
 .text.cdcd_xfer_cb
                0x10008bec      0x120 CMakeFiles/ddc_sdr.dir/home/frohro/tinyusb/src/class/cdc/cdc_device.c.o
                0x10008bec                cdcd_xfer_cb
 .text.tud_dfu_upload_cb
                0x10008d0c        0x4 CMakeFiles/ddc_sdr.dir/home/frohro/tinyusb/src/class/dfu/dfu_device.c.o
                0x10008d0c                tud_dfu_upload_cb
 .text.dfu_moded_reset
                0x10008d10       0x14 CMakeFiles/ddc_sdr.dir/home/frohro/tinyusb/src/class/dfu/dfu_device.c.o
                0x10008d10                dfu_moded_reset
 .text.dfu_moded_init
                0x10008d24       0x14 CMakeFiles/ddc_sdr.dir/home/frohro/tinyusb/src/class/dfu/dfu_device.c.o
                0x10008d24                dfu_moded_init
 .text.dfu_moded_deinit
                0x10008d38        0x4 CMakeFiles/ddc_sdr.dir/home/frohro/tinyusb/src/class/dfu/dfu_device.c.o
                0x10008d38                dfu_moded_deinit
 .text.dfu_moded_open
                0x10008d3c       0x58 CMakeFiles/ddc_sdr.dir/home/frohro/tinyusb/src/class/dfu/dfu_device.c.o
                0x10008d3c                dfu_moded_open
 .text.dfu_moded_control_xfer_cb
                0x10008d94      0x254 CMakeFiles/ddc_sdr.dir/home/frohro/tinyusb/src/class/dfu/dfu_device.c.o
                0x10008d94                dfu_moded_control_xfer_cb
 .text.tud_dfu_finish_flashing
                0x10008fe8       0x38 CMakeFiles/ddc_sdr.dir/home/frohro/tinyusb/src/class/dfu/dfu_device.c.o
                0x10008fe8                tud_dfu_finish_flashing
 .text.tusb_rhport_init
                0x10009020       0x48 CMakeFiles/ddc_sdr.dir/home/frohro/tinyusb/src/tusb.c.o
                0x10009020                tusb_rhport_init
 .text.tu_edpt_claim
                0x10009068       0x3c CMakeFiles/ddc_sdr.dir/home/frohro/tinyusb/src/tusb.c.o
                0x10009068                tu_edpt_claim
 .text.tu_edpt_release
                0x100090a4       0x34 CMakeFiles/ddc_sdr.dir/home/frohro/tinyusb/src/tusb.c.o
                0x100090a4                tu_edpt_release
 .text.tu_bind_driver_to_ep_itf
                0x100090d8       0x68 CMakeFiles/ddc_sdr.dir/home/frohro/tinyusb/src/tusb.c.o
                0x100090d8                tu_bind_driver_to_ep_itf
 .text.tu_edpt_stream_init
                0x10009140       0x44 CMakeFiles/ddc_sdr.dir/home/frohro/tinyusb/src/tusb.c.o
                0x10009140                tu_edpt_stream_init
 .text.tu_edpt_stream_write_zlp_if_needed
                0x10009184       0x60 CMakeFiles/ddc_sdr.dir/home/frohro/tinyusb/src/tusb.c.o
                0x10009184                tu_edpt_stream_write_zlp_if_needed
 .text.tu_edpt_stream_write_xfer
                0x100091e4       0xc8 CMakeFiles/ddc_sdr.dir/home/frohro/tinyusb/src/tusb.c.o
                0x100091e4                tu_edpt_stream_write_xfer
 .text.tu_edpt_stream_write
                0x100092ac      0x104 CMakeFiles/ddc_sdr.dir/home/frohro/tinyusb/src/tusb.c.o
                0x100092ac                tu_edpt_stream_write
 .text.tu_edpt_stream_read_xfer
                0x100093b0       0xd4 CMakeFiles/ddc_sdr.dir/home/frohro/tinyusb/src/tusb.c.o
                0x100093b0                tu_edpt_stream_read_xfer
 .text.tu_edpt_stream_read
                0x10009484       0xd8 CMakeFiles/ddc_sdr.dir/home/frohro/tinyusb/src/tusb.c.o
                0x10009484                tu_edpt_stream_read
 .text.tu_fifo_config
                0x1000955c       0x58 CMakeFiles/ddc_sdr.dir/home/frohro/tinyusb/src/common/tusb_fifo.c.o
                0x1000955c                tu_fifo_config
 .text.tu_fifo_clear
                0x100095b4       0x3c CMakeFiles/ddc_sdr.dir/home/frohro/tinyusb/src/common/tusb_fifo.c.o
                0x100095b4                tu_fifo_clear
 .text.tu_fifo_set_overwritable
                0x100095f0       0x40 CMakeFiles/ddc_sdr.dir/home/frohro/tinyusb/src/common/tusb_fifo.c.o
                0x100095f0                tu_fifo_set_overwritable
 .text.tu_fifo_read_n_access_mode
                0x10009630       0xd0 CMakeFiles/ddc_sdr.dir/home/frohro/tinyusb/src/common/tusb_fifo.c.o
                0x10009630                tu_fifo_read_n_access_mode
 .text.tu_fifo_write_n_access_mode
                0x10009700      0x150 CMakeFiles/ddc_sdr.dir/home/frohro/tinyusb/src/common/tusb_fifo.c.o
                0x10009700                tu_fifo_write_n_access_mode
 .text.tu_fifo_get_read_info
                0x10009850       0xc4 CMakeFiles/ddc_sdr.dir/home/frohro/tinyusb/src/common/tusb_fifo.c.o
                0x10009850                tu_fifo_get_read_info
 .text.board_init
                0x10009914        0x4 CMakeFiles/ddc_sdr.dir/home/frohro/tinyusb/hw/bsp/rp2040/family.c.o
                0x10009914                board_init
 .text          0x10009918      0x17c /usr/lib/gcc/arm-none-eabi/13.2.1/../../../arm-none-eabi/lib/thumb/v6-m/nofp/libg.a(libc_a-strtoul.o)
                0x10009a5c                _strtoul_r
                0x10009a64                strtoul_l
                0x10009a7c                strtoul
 .text          0x10009a94       0x5c /usr/lib/gcc/arm-none-eabi/13.2.1/../../../arm-none-eabi/lib/thumb/v6-m/nofp/libg.a(libc_a-strlen-stub.o)
                0x10009a94                strlen
 .text.__stub   0x10009af0       0xc0 linker stubs
 *(.fini)
 *crtbegin.o(.ctors)
 *crtbegin?.o(.ctors)
 *(EXCLUDE_FILE(*crtend.o *crtend?.o) .ctors)
 *(SORT_BY_NAME(.ctors.*))
 *(.ctors)
 *crtbegin.o(.dtors)
 *crtbegin?.o(.dtors)
 *(EXCLUDE_FILE(*crtend.o *crtend?.o) .dtors)
 *(SORT_BY_NAME(.dtors.*))
 *(.dtors)
                0x10009bb0                        . = ALIGN (0x4)
                [!provide]                        PROVIDE (__bothinit_array_start = .)
                0x10009bb0                        PROVIDE (__preinit_array_start = .)
 *(SORT_BY_NAME(.preinit_array.*))
 .preinit_array.00100
                0x10009bb0        0x4 CMakeFiles/ddc_sdr.dir/home/frohro/Classes/Digital_Design/Pico-Dev-iCE/Software/pico-ice-sdk/lib/pico-sdk/src/rp2_common/pico_runtime_init/runtime_init.c.o
                0x10009bb0                __pre_init_runtime_init_early_resets
 .preinit_array.00101
                0x10009bb4        0x4 CMakeFiles/ddc_sdr.dir/home/frohro/Classes/Digital_Design/Pico-Dev-iCE/Software/pico-ice-sdk/lib/pico-sdk/src/rp2_common/pico_runtime_init/runtime_init.c.o
                0x10009bb4                __pre_init_runtime_init_usb_power_down
 .preinit_array.00275
                0x10009bb8        0x4 CMakeFiles/ddc_sdr.dir/home/frohro/Classes/Digital_Design/Pico-Dev-iCE/Software/pico-ice-sdk/lib/pico-sdk/src/rp2_common/pico_bit_ops/bit_ops_aeabi.S.o
 .preinit_array.00300
                0x10009bbc        0x4 CMakeFiles/ddc_sdr.dir/home/frohro/Classes/Digital_Design/Pico-Dev-iCE/Software/pico-ice-sdk/lib/pico-sdk/src/rp2_common/pico_mem_ops/mem_ops_aeabi.S.o
 .preinit_array.00350
                0x10009bc0        0x4 CMakeFiles/ddc_sdr.dir/home/frohro/Classes/Digital_Design/Pico-Dev-iCE/Software/pico-ice-sdk/lib/pico-sdk/src/rp2_common/pico_double/double_aeabi_rp2040.S.o
 .preinit_array.00350
                0x10009bc4        0x4 CMakeFiles/ddc_sdr.dir/home/frohro/Classes/Digital_Design/Pico-Dev-iCE/Software/pico-ice-sdk/lib/pico-sdk/src/rp2_common/pico_float/float_aeabi_rp2040.S.o
 .preinit_array.00500
                0x10009bc8        0x4 CMakeFiles/ddc_sdr.dir/home/frohro/Classes/Digital_Design/Pico-Dev-iCE/Software/pico-ice-sdk/lib/pico-sdk/src/rp2_common/pico_runtime_init/runtime_init.c.o
                0x10009bc8                __pre_init_runtime_init_clocks
 .preinit_array.00600
                0x10009bcc        0x4 CMakeFiles/ddc_sdr.dir/home/frohro/Classes/Digital_Design/Pico-Dev-iCE/Software/pico-ice-sdk/lib/pico-sdk/src/rp2_common/pico_runtime_init/runtime_init.c.o
                0x10009bcc                __pre_init_runtime_init_post_clock_resets
 .preinit_array.00700
                0x10009bd0        0x4 CMakeFiles/ddc_sdr.dir/home/frohro/Classes/Digital_Design/Pico-Dev-iCE/Software/pico-ice-sdk/lib/pico-sdk/src/rp2_common/pico_runtime_init/runtime_init.c.o
                0x10009bd0                __pre_init_runtime_init_rp2040_gpio_ie_disable
 .preinit_array.01000
                0x10009bd4        0x4 CMakeFiles/ddc_sdr.dir/home/frohro/Classes/Digital_Design/Pico-Dev-iCE/Software/pico-ice-sdk/lib/pico-sdk/src/rp2_common/pico_runtime_init/runtime_init.c.o
                0x10009bd4                __pre_init_runtime_init_spin_locks_reset
 .preinit_array.01100
                0x10009bd8        0x4 CMakeFiles/ddc_sdr.dir/home/frohro/Classes/Digital_Design/Pico-Dev-iCE/Software/pico-ice-sdk/lib/pico-sdk/src/common/pico_sync/mutex.c.o
                0x10009bd8                __pre_init_runtime_init_mutex
 .preinit_array.10080
                0x10009bdc        0x4 CMakeFiles/ddc_sdr.dir/home/frohro/Classes/Digital_Design/Pico-Dev-iCE/Software/pico-ice-sdk/lib/pico-sdk/src/rp2_common/pico_runtime_init/runtime_init.c.o
                0x10009bdc                __pre_init_runtime_init_install_ram_vector_table
 .preinit_array.11000
                0x10009be0        0x4 CMakeFiles/ddc_sdr.dir/home/frohro/Classes/Digital_Design/Pico-Dev-iCE/Software/pico-ice-sdk/lib/pico-sdk/src/common/pico_time/time.c.o
                0x10009be0                __pre_init_runtime_init_default_alarm_pool
 .preinit_array.YYYYY
                0x10009be4        0x4 CMakeFiles/ddc_sdr.dir/home/frohro/Classes/Digital_Design/Pico-Dev-iCE/Software/pico-ice-sdk/lib/pico-sdk/src/rp2_common/pico_runtime/runtime.c.o
                0x10009be4                __pre_init_first_per_core_initializer
 .preinit_array.ZZZZZ.01200
                0x10009be8        0x4 CMakeFiles/ddc_sdr.dir/home/frohro/Classes/Digital_Design/Pico-Dev-iCE/Software/pico-ice-sdk/lib/pico-sdk/src/rp2_common/hardware_irq/irq.c.o
                0x10009be8                __pre_init_runtime_init_per_core_irq_priorities
 .preinit_array.ZZZZZ.10060
                0x10009bec        0x4 CMakeFiles/ddc_sdr.dir/home/frohro/Classes/Digital_Design/Pico-Dev-iCE/Software/pico-ice-sdk/lib/pico-sdk/src/rp2_common/pico_thread_local/thread_local.c.o
                0x10009bec                __pre_init_runtime_init_per_core_tls_setup
 *(.preinit_array)
                0x10009bf0                        PROVIDE (__preinit_array_end = .)
                0x10009bf0                        . = ALIGN (0x4)
                0x10009bf0                        PROVIDE (__init_array_start = .)
 *(SORT_BY_NAME(.init_array.*))
 .init_array.01000
                0x10009bf0        0x4 CMakeFiles/ddc_sdr.dir/home/frohro/Classes/Digital_Design/Pico-Dev-iCE/Software/pico-ice-sdk/lib/pico-sdk/src/rp2_common/pico_unique_id/unique_id.c.o
 *(.init_array)
                0x10009bf4                        PROVIDE (__init_array_end = .)
                [!provide]                        PROVIDE (__bothinit_array_end = .)
                0x10009bf4                        . = ALIGN (0x4)
                [!provide]                        PROVIDE (__fini_array_start = .)
 *(SORT_BY_NAME(.fini_array.*))
 *(.fini_array)
                [!provide]                        PROVIDE (__fini_array_end = .)
                [!provide]                        PROVIDE (__dso_handle = 0x0)
 *(.eh_frame*)
                0x10009bf4                        . = ALIGN (0x4)

.glue_7         0x10009bf4        0x0
 .glue_7        0x10009bf4        0x0 linker stubs

.glue_7t        0x10009bf4        0x0
 .glue_7t       0x10009bf4        0x0 linker stubs

.vfp11_veneer   0x10009bf4        0x0
 .vfp11_veneer  0x10009bf4        0x0 linker stubs

.v4_bx          0x10009bf4        0x0
 .v4_bx         0x10009bf4        0x0 linker stubs

.iplt           0x10009bf4        0x0
 .iplt          0x10009bf4        0x0 CMakeFiles/ddc_sdr.dir/main.c.o

.rodata         0x10009bf8      0xb9c
 *(EXCLUDE_FILE(*libm.a: *lib*_a-mem*.o *libc.a: *libgcc.a:) .rodata*)
 .rodata.tud_cdc_line_state_cb.str1.4
                0x10009bf8      0x2f3 CMakeFiles/ddc_sdr.dir/main.c.o
                                  0xc (size before relaxing)
 .rodata.main.str1.4
                0x10009eeb      0x17a CMakeFiles/ddc_sdr.dir/main.c.o
 *fill*         0x10009eeb        0x1 
 .rodata.silence.1
                0x10009eec      0x246 CMakeFiles/ddc_sdr.dir/main.c.o
 *fill*         0x1000a132        0x2 
 .rodata.rates.2
                0x1000a134        0xc CMakeFiles/ddc_sdr.dir/main.c.o
 .rodata.i2s_rx_program
                0x1000a140        0x8 CMakeFiles/ddc_sdr.dir/main.c.o
 .rodata.i2s_rx_program_instructions
                0x1000a148       0x1a CMakeFiles/ddc_sdr.dir/main.c.o
 .rodata.str1.4
                0x1000a162       0x49 CMakeFiles/ddc_sdr.dir/usb_descriptors.c.o
 *fill*         0x1000a162        0x2 
 .rodata.__compound_literal.0
                0x1000a164        0x2 CMakeFiles/ddc_sdr.dir/usb_descriptors.c.o
 *fill*         0x1000a166        0x2 
 .rodata.tud_desc_configuration
                0x1000a168       0xf8 CMakeFiles/ddc_sdr.dir/usb_descriptors.c.o
                0x1000a168                tud_desc_configuration
 .rodata.pico_dev_ice_fpga
                0x1000a260       0x10 CMakeFiles/ddc_sdr.dir/home/frohro/Classes/Digital_Design/Pico-Dev-iCE/Software/pico-ice-sdk/src/ice_fpga_data.c.o
                0x1000a260                pico_dev_ice_fpga
 .rodata.pi_spi_pins
                0x1000a270       0x30 CMakeFiles/ddc_sdr.dir/home/frohro/Classes/Digital_Design/Pico-Dev-iCE/Software/pico-ice-sdk/src/pico-sdk_ice_hal.c.o
 .rodata.pi_spi_pins_clk_1
                0x1000a2a0        0xc CMakeFiles/ddc_sdr.dir/home/frohro/Classes/Digital_Design/Pico-Dev-iCE/Software/pico-ice-sdk/src/pico-sdk_ice_hal.c.o
                0x1000a2a0                pi_spi_pins_clk_1
 .rodata.pi_spi_pins_tx_1
                0x1000a2ac        0xc CMakeFiles/ddc_sdr.dir/home/frohro/Classes/Digital_Design/Pico-Dev-iCE/Software/pico-ice-sdk/src/pico-sdk_ice_hal.c.o
                0x1000a2ac                pi_spi_pins_tx_1
 .rodata.pi_spi_pins_rx_1
                0x1000a2b8       0x10 CMakeFiles/ddc_sdr.dir/home/frohro/Classes/Digital_Design/Pico-Dev-iCE/Software/pico-ice-sdk/src/pico-sdk_ice_hal.c.o